INFO ESPHome 2026.8.1
INFO Reading configuration wii_balance_board_esp32.yaml...
INFO Core config or version changed, cleaning build files...
INFO Generating C++ source...
INFO Compiling app... Build path: C:\Temp\wii_balance_board\.esphome\build\wii-balance-board
INFO Discovering available ESP-IDF components...
INFO Checking ESP-IDF 5.5.5 framework ...
INFO Downloading ESP-IDF 5.5.5 framework ...
INFO Extracting ESP-IDF 5.5.5 framework ...
INFO Patched C:\Users\NTM\AppData\Local\esphome\Cache\idf\frameworks\5.5.5\tools\tools.json to skip installing tools ESPHome does not use (openocd, gdb, ULP toolchains).
INFO Installing ESP-IDF 5.5.5 framework ...
INFO Downloading ninja@1.12.1 (1/6) ...
INFO Downloading xtensa-esp-elf@esp-14.2.0_20260121 (2/6) ...
INFO Downloading cmake@3.30.2 (3/6) ...
INFO Downloading idf-exe@1.0.3 (4/6) ...
INFO Downloading ccache@4.12.1 (5/6) ...
INFO Downloading esp-rom-elfs@20241011 (6/6) ...
Updating C:\Users\NTM\AppData\Local\esphome\Cache\idf\idf-env.json
Selected targets are: esp32
Current system platform: win64
Installing tools: ninja, xtensa-esp-elf, cmake, idf-exe, ccache, esp-rom-elfs
Installing ninja@1.12.1
file ninja-win-v1.12.1.zip is already downloaded
Extracting C:\Users\NTM\AppData\Local\esphome\Cache\idf\dist\ninja-win-v1.12.1.zip to C:\Users\NTM\AppData\Local\esphome\Cache\idf\tools\ninja\1.12.1
Installing xtensa-esp-elf@esp-14.2.0_20260121
file xtensa-esp-elf-14.2.0_20260121-x86_64-w64-mingw32.zip is already downloaded
Extracting C:\Users\NTM\AppData\Local\esphome\Cache\idf\dist\xtensa-esp-elf-14.2.0_20260121-x86_64-w64-mingw32.zip to C:\Users\NTM\AppData\Local\esphome\Cache\idf\tools\xtensa-esp-elf\esp-14.2.0_20260121
Installing cmake@3.30.2
file cmake-3.30.2-windows-x86_64.zip is already downloaded
Extracting C:\Users\NTM\AppData\Local\esphome\Cache\idf\dist\cmake-3.30.2-windows-x86_64.zip to C:\Users\NTM\AppData\Local\esphome\Cache\idf\tools\cmake\3.30.2
Installing idf-exe@1.0.3
file idf-exe-v1.0.3.zip is already downloaded
Extracting C:\Users\NTM\AppData\Local\esphome\Cache\idf\dist\idf-exe-v1.0.3.zip to C:\Users\NTM\AppData\Local\esphome\Cache\idf\tools\idf-exe\1.0.3
Installing ccache@4.12.1
file ccache-4.12.1-windows-x86_64.zip is already downloaded
Extracting C:\Users\NTM\AppData\Local\esphome\Cache\idf\dist\ccache-4.12.1-windows-x86_64.zip to C:\Users\NTM\AppData\Local\esphome\Cache\idf\tools\ccache\4.12.1
Installing esp-rom-elfs@20241011
file esp-rom-elfs-20241011.tar.gz is already downloaded
Extracting C:\Users\NTM\AppData\Local\esphome\Cache\idf\dist\esp-rom-elfs-20241011.tar.gz to C:\Users\NTM\AppData\Local\esphome\Cache\idf\tools\esp-rom-elfs\20241011
INFO Checking ESP-IDF 5.5.5 Python environment ...
INFO Downloading constraints file for ESP-IDF 5.5 ...
INFO Installing ESP-IDF 5.5.5 Python dependencies ...
Executing action: reconfigure
Running cmake in directory C:\Temp\wii_balance_board\.esphome\build\wii-balance-board\build
Executing "cmake -G Ninja -DPYTHON_DEPS_CHECKED=1 -DPYTHON=C:\Users\NTM\AppData\Local\esphome\Cache\idf\penvs\5.5.5\Scripts\python.EXE -DESP_PLATFORM=1 -DSDKCONFIG=C:\Temp\wii_balance_board\.esphome\build\wii-balance-board\sdkconfig.wii-balance-board -DCCACHE_ENABLE=1 C:\Temp\wii_balance_board\.esphome\build\wii-balance-board"...
-- Found Git: C:/Program Files/Git/cmd/git.exe (found version "2.55.0.windows.5")
-- Component directory C:/Users/NTM/AppData/Local/esphome/Cache/idf/frameworks/5.5.5/components/esp_blockdev does not contain a CMakeLists.txt file. No component will be added
-- Minimal build - OFF
-- ccache will be used for faster recompilation
-- The C compiler identification is GNU 14.2.0
-- The CXX compiler identification is GNU 14.2.0
-- The ASM compiler identification is GNU
-- Found assembler: C:/Users/NTM/AppData/Local/esphome/Cache/idf/tools/xtensa-esp-elf/esp-14.2.0_20260121/xtensa-esp-elf/bin/xtensa-esp32-elf-gcc.exe
-- Detecting C compiler ABI info
-- Detecting C compiler ABI info - done
-- Check for working C compiler: C:/Users/NTM/AppData/Local/esphome/Cache/idf/tools/xtensa-esp-elf/esp-14.2.0_20260121/xtensa-esp-elf/bin/xtensa-esp32-elf-gcc.exe - skipped
-- Detecting C compile features
-- Detecting C compile features - done
-- Detecting CXX compiler ABI info
-- Detecting CXX compiler ABI info - done
-- Check for working CXX compiler: C:/Users/NTM/AppData/Local/esphome/Cache/idf/tools/xtensa-esp-elf/esp-14.2.0_20260121/xtensa-esp-elf/bin/xtensa-esp32-elf-g++.exe - skipped
-- Detecting CXX compile features
-- Detecting CXX compile features - done
-- Building ESP-IDF components for target esp32
-- ESP-TEE is currently supported only on the esp32c6;esp32h2;esp32c5 SoCs
-- Project sdkconfig file C:/Temp/wii_balance_board/.esphome/build/wii-balance-board/sdkconfig.wii-balance-board
C:/Temp/wii_balance_board/.esphome/build/wii-balance-board/sdkconfig.wii-balance-board:44 CONFIG_BLUEDROID_ENABLED was replaced with CONFIG_BT_BLUEDROID_ENABLED 

C:/Temp/wii_balance_board/.esphome/build/wii-balance-board/sdkconfig.wii-balance-board:47 CONFIG_CLASSIC_BT_ENABLED was replaced with CONFIG_BT_CLASSIC_ENABLED 

-- Compiler supported targets: xtensa-esp-elf
-- Detecting C compiler ABI info
-- Detecting C compiler ABI info - done
-- Detecting CXX compiler ABI info
-- Detecting CXX compiler ABI info - done
-- Detecting C compiler ABI info
-- Detecting C compiler ABI info - done
-- Detecting CXX compiler ABI info
-- Detecting CXX compiler ABI info - done
-- Found Python3: C:/Users/NTM/AppData/Local/esphome/Cache/idf/penvs/5.5.5/Scripts/python.EXE (found version "3.14.4") found components: Interpreter
-- Performing Test CMAKE_HAVE_LIBC_PTHREAD
-- Performing Test CMAKE_HAVE_LIBC_PTHREAD - Success
-- Found Threads: TRUE
-- Performing Test C_COMPILER_SUPPORTS_WFORMAT_SIGNEDNESS
-- Performing Test C_COMPILER_SUPPORTS_WFORMAT_SIGNEDNESS - Success
-- USING O3
-- App "wii-balance-board" version: 2026.8.1
-- Configuring done (47.7s)
-- Generating done (3.4s)
-- Build files have been written to: C:/Temp/wii_balance_board/.esphome/build/wii-balance-board/build
INFO Regenerating CMakeLists.txt with discovered components...
Executing action: all (aliases: build)
Running ninja in directory C:\Temp\wii_balance_board\.esphome\build\wii-balance-board\build
Executing "ninja all"...
[0/2] Re-checking globbed directories...[K
[1/2] Re-running CMake...[K

-- Component directory C:/Users/NTM/AppData/Local/esphome/Cache/idf/frameworks/5.5.5/components/esp_blockdev does not contain a CMakeLists.txt file. No component will be added
-- Minimal build - OFF
-- ccache will be used for faster recompilation
-- Building ESP-IDF components for target esp32
-- ESP-TEE is currently supported only on the esp32c6;esp32h2;esp32c5 SoCs
-- Project sdkconfig file C:/Temp/wii_balance_board/.esphome/build/wii-balance-board/sdkconfig.wii-balance-board
-- Compiler supported targets: xtensa-esp-elf
-- Detecting C compiler ABI info
-- Detecting C compiler ABI info - done
-- Detecting CXX compiler ABI info
-- Detecting CXX compiler ABI info - done
-- Detecting C compiler ABI info
-- Detecting C compiler ABI info - done
-- Detecting CXX compiler ABI info
-- Detecting CXX compiler ABI info - done
-- USING O3
-- App "wii-balance-board" version: 2026.8.1
-- Configuring done (15.6s)
-- Generating done (2.4s)
-- Build files have been written to: C:/Temp/wii_balance_board/.esphome/build/wii-balance-board/build
[0/4] Re-checking globbed directories...[K
[1/1489] Generating project_elf_src_esp32.c[K
[2/1489] Generating C:/Temp/wii_balance_board/.esphome/build/wii-balance-board/build/esp-idf/esp_system/ld/memory.ld linker script...[K
[3/1489] Generating C:/Temp/wii_balance_board/.esphome/build/wii-balance-board/build/esp-idf/esp_system/ld/sections.ld.in linker script...[K
[4/1489] Generating ../../ota_data_initial.bin[K
[5/1489] Generating ../../partition_table/partition-table.bin[K

Partition table binary generated. Contents:

*******************************************************************************

# ESP-IDF Partition Table
# Name, Type, SubType, Offset, Size, Flags
otadata,data,ota,0x9000,8K,
phy_init,data,phy,0xb000,4K,
app0,app,ota_0,0x10000,1792K,
app1,app,ota_1,0x1d0000,1792K,
eeprom,data,153,0x390000,4K,
spiffs,data,spiffs,0x391000,60K,
nvs,data,nvs,0x3a0000,384K,
*******************************************************************************

[6/1489] Building C object esp-idf/esp_http_server/CMakeFiles/__idf_esp_http_server.dir/src/httpd_uri.c.obj[K
[7/1489] Building C object esp-idf/esp_http_server/CMakeFiles/__idf_esp_http_server.dir/src/httpd_main.c.obj[K
[8/1489] Building C object esp-idf/esp_http_server/CMakeFiles/__idf_esp_http_server.dir/src/httpd_txrx.c.obj[K
[9/1489] Building C object esp-idf/esp_http_client/CMakeFiles/__idf_esp_http_client.dir/lib/http_auth.c.obj[K
[10/1489] Building C object esp-idf/esp_http_server/CMakeFiles/__idf_esp_http_server.dir/src/util/ctrl_sock.c.obj[K
[11/1489] Building C object esp-idf/esp_http_server/CMakeFiles/__idf_esp_http_server.dir/src/httpd_parse.c.obj[K
[12/1489] Building C object esp-idf/esp_http_server/CMakeFiles/__idf_esp_http_server.dir/src/httpd_ws.c.obj[K
[13/1489] Building C object esp-idf/esp_http_server/CMakeFiles/__idf_esp_http_server.dir/src/httpd_sess.c.obj[K
[14/1489] Building C object esp-idf/esp_https_ota/CMakeFiles/__idf_esp_https_ota.dir/src/esp_https_ota.c.obj[K
[15/1489] Building C object esp-idf/esp_http_client/CMakeFiles/__idf_esp_http_client.dir/lib/http_utils.c.obj[K
[16/1489] Building C object esp-idf/esp_http_client/CMakeFiles/__idf_esp_http_client.dir/lib/http_header.c.obj[K
[17/1489] Building C object esp-idf/esp_http_client/CMakeFiles/__idf_esp_http_client.dir/esp_http_client.c.obj[K
[18/1489] Linking C static library esp-idf\esp_https_ota\libesp_https_ota.a[K
[19/1489] Building C object esp-idf/tcp_transport/CMakeFiles/__idf_tcp_transport.dir/transport_ssl.c.obj[K
[20/1489] Building C object esp-idf/esp_adc/CMakeFiles/__idf_esp_adc.dir/adc_cali.c.obj[K
[21/1489] Building C object esp-idf/tcp_transport/CMakeFiles/__idf_tcp_transport.dir/transport_socks_proxy.c.obj[K
[22/1489] Building C object esp-idf/tcp_transport/CMakeFiles/__idf_tcp_transport.dir/transport_internal.c.obj[K
[23/1489] Building C object esp-idf/tcp_transport/CMakeFiles/__idf_tcp_transport.dir/transport.c.obj[K
[24/1489] Linking C static library esp-idf\esp_http_server\libesp_http_server.a[K
[25/1489] Building C object esp-idf/esp_adc/CMakeFiles/__idf_esp_adc.dir/adc_cali_curve_fitting.c.obj[K
[26/1489] Building C object esp-idf/esp_adc/CMakeFiles/__idf_esp_adc.dir/adc_oneshot.c.obj[K
[27/1489] Building C object esp-idf/tcp_transport/CMakeFiles/__idf_tcp_transport.dir/transport_ws.c.obj[K
[28/1489] Building C object esp-idf/esp_adc/CMakeFiles/__idf_esp_adc.dir/adc_common.c.obj[K
[29/1489] Linking C static library esp-idf\esp_http_client\libesp_http_client.a[K
[30/1489] Building C object esp-idf/esp_adc/CMakeFiles/__idf_esp_adc.dir/deprecated/esp_adc_cal_common_legacy.c.obj[K
[31/1489] Building C object esp-idf/esp_adc/CMakeFiles/__idf_esp_adc.dir/deprecated/esp32/esp_adc_cal_legacy.c.obj[K
[32/1489] Building C object esp-idf/esp_adc/CMakeFiles/__idf_esp_adc.dir/esp32/adc_cali_line_fitting.c.obj[K
[33/1489] Linking C static library esp-idf\tcp_transport\libtcp_transport.a[K
[34/1489] Building C object esp-idf/esp_adc/CMakeFiles/__idf_esp_adc.dir/esp32/adc_dma.c.obj[K
[35/1489] Building C object esp-idf/esp-tls/CMakeFiles/__idf_esp-tls.dir/esp-tls-crypto/esp_tls_crypto.c.obj[K
[36/1489] Building C object esp-idf/esp-tls/CMakeFiles/__idf_esp-tls.dir/esp_tls_platform_port.c.obj[K
[37/1489] Building C object esp-idf/esp_adc/CMakeFiles/__idf_esp_adc.dir/adc_continuous.c.obj[K
[38/1489] Building C object esp-idf/esp-tls/CMakeFiles/__idf_esp-tls.dir/esp_tls_error_capture.c.obj[K
[39/1489] Linking C static library esp-idf\esp_adc\libesp_adc.a[K
[40/1489] Building C object esp-idf/driver/CMakeFiles/__idf_driver.dir/deprecated/esp32/dac_legacy.c.obj[K
[41/1489] Building C object esp-idf/http_parser/CMakeFiles/__idf_http_parser.dir/http_parser.c.obj[K
[42/1489] Building C object esp-idf/driver/CMakeFiles/__idf_driver.dir/deprecated/dac_common_legacy.c.obj[K
[43/1489] Building C object esp-idf/driver/CMakeFiles/__idf_driver.dir/deprecated/adc_dma_legacy.c.obj[K
[44/1489] Building C object esp-idf/esp-tls/CMakeFiles/__idf_esp-tls.dir/esp_tls.c.obj[K
[45/1489] Building C object esp-idf/driver/CMakeFiles/__idf_driver.dir/deprecated/adc_legacy.c.obj[K
[46/1489] Building C object esp-idf/esp-tls/CMakeFiles/__idf_esp-tls.dir/esp_tls_mbedtls.c.obj[K
[47/1489] Building C object esp-idf/driver/CMakeFiles/__idf_driver.dir/deprecated/timer_legacy.c.obj[K
[48/1489] Linking C static library esp-idf\esp-tls\libesp-tls.a[K
[49/1489] Building C object esp-idf/driver/CMakeFiles/__idf_driver.dir/deprecated/sigma_delta_legacy.c.obj[K
[50/1489] Building C object esp-idf/driver/CMakeFiles/__idf_driver.dir/touch_sensor/touch_sensor_common.c.obj[K
[51/1489] Building C object esp-idf/driver/CMakeFiles/__idf_driver.dir/i2c/i2c.c.obj[K
[52/1489] Building C object esp-idf/driver/CMakeFiles/__idf_driver.dir/deprecated/pcnt_legacy.c.obj[K
[53/1489] Linking C static library esp-idf\http_parser\libhttp_parser.a[K
[54/1489] Building C object esp-idf/driver/CMakeFiles/__idf_driver.dir/deprecated/mcpwm_legacy.c.obj[K
[55/1489] Building C object esp-idf/driver/CMakeFiles/__idf_driver.dir/touch_sensor/esp32/touch_sensor.c.obj[K
[56/1489] Building C object esp-idf/driver/CMakeFiles/__idf_driver.dir/deprecated/i2s_legacy.c.obj[K
[57/1489] Building C object esp-idf/driver/CMakeFiles/__idf_driver.dir/twai/twai.c.obj[K
[58/1489] Building C object esp-idf/driver/CMakeFiles/__idf_driver.dir/deprecated/rmt_legacy.c.obj[K
[59/1489] Building C object esp-idf/driver/CMakeFiles/__idf_driver.dir/deprecated/adc_i2s_deprecated.c.obj[K
[60/1489] Linking C static library esp-idf\driver\libdriver.a[K
[61/1489] Building C object esp-idf/esp_driver_twai/CMakeFiles/__idf_esp_driver_twai.dir/esp_twai.c.obj[K
[62/1489] Building C object esp-idf/esp_driver_twai/CMakeFiles/__idf_esp_driver_twai.dir/esp_twai_onchip.c.obj[K
[63/1489] Building C object esp-idf/esp_driver_i2c/CMakeFiles/__idf_esp_driver_i2c.dir/i2c_common.c.obj[K
[64/1489] Building C object esp-idf/esp_driver_i2c/CMakeFiles/__idf_esp_driver_i2c.dir/i2c_slave.c.obj[K
[65/1489] Building C object esp-idf/esp_driver_sdm/CMakeFiles/__idf_esp_driver_sdm.dir/src/sdm.c.obj[K
[66/1489] Building C object esp-idf/esp_driver_rmt/CMakeFiles/__idf_esp_driver_rmt.dir/src/rmt_encoder.c.obj[K
[67/1489] Building C object esp-idf/esp_driver_rmt/CMakeFiles/__idf_esp_driver_rmt.dir/src/rmt_common.c.obj[K
[68/1489] Building C object esp-idf/esp_driver_ledc/CMakeFiles/__idf_esp_driver_ledc.dir/src/ledc.c.obj[K
[69/1489] Building C object esp-idf/esp_driver_i2c/CMakeFiles/__idf_esp_driver_i2c.dir/i2c_master.c.obj[K
[70/1489] Linking C static library esp-idf\esp_driver_twai\libesp_driver_twai.a[K
[71/1489] Building C object esp-idf/esp_driver_rmt/CMakeFiles/__idf_esp_driver_rmt.dir/src/rmt_encoder_bytes.c.obj[K
[72/1489] Building C object esp-idf/esp_driver_rmt/CMakeFiles/__idf_esp_driver_rmt.dir/src/rmt_encoder_copy.c.obj[K
[73/1489] Building C object esp-idf/esp_driver_rmt/CMakeFiles/__idf_esp_driver_rmt.dir/src/rmt_encoder_simple.c.obj[K
[74/1489] Linking C static library esp-idf\esp_driver_ledc\libesp_driver_ledc.a[K
[75/1489] Building C object esp-idf/esp_driver_rmt/CMakeFiles/__idf_esp_driver_rmt.dir/src/rmt_rx.c.obj[K
[76/1489] Building C object esp-idf/esp_driver_dac/CMakeFiles/__idf_esp_driver_dac.dir/dac_oneshot.c.obj[K
[77/1489] Building C object esp-idf/esp_driver_dac/CMakeFiles/__idf_esp_driver_dac.dir/dac_cosine.c.obj[K
[78/1489] Building C object esp-idf/esp_driver_sdspi/CMakeFiles/__idf_esp_driver_sdspi.dir/src/sdspi_crc.c.obj[K
[79/1489] Building C object esp-idf/esp_driver_dac/CMakeFiles/__idf_esp_driver_dac.dir/dac_common.c.obj[K
[80/1489] Linking C static library esp-idf\esp_driver_i2c\libesp_driver_i2c.a[K
[81/1489] Building C object esp-idf/esp_driver_rmt/CMakeFiles/__idf_esp_driver_rmt.dir/src/rmt_tx.c.obj[K
[82/1489] Building C object esp-idf/esp_driver_dac/CMakeFiles/__idf_esp_driver_dac.dir/dac_continuous.c.obj[K
[83/1489] Building C object esp-idf/esp_driver_dac/CMakeFiles/__idf_esp_driver_dac.dir/esp32/dac_dma.c.obj[K
[84/1489] Linking C static library esp-idf\esp_driver_sdm\libesp_driver_sdm.a[K
[85/1489] Building C object esp-idf/esp_driver_sdspi/CMakeFiles/__idf_esp_driver_sdspi.dir/src/sdspi_transaction.c.obj[K
[86/1489] Building C object esp-idf/esp_driver_sdspi/CMakeFiles/__idf_esp_driver_sdspi.dir/src/sdspi_host.c.obj[K
[87/1489] Building C object esp-idf/esp_driver_sdio/CMakeFiles/__idf_esp_driver_sdio.dir/src/sdio_slave.c.obj[K
[88/1489] Linking C static library esp-idf\esp_driver_rmt\libesp_driver_rmt.a[K
[89/1489] Building C object esp-idf/sdmmc/CMakeFiles/__idf_sdmmc.dir/sdmmc_init.c.obj[K
[90/1489] Building C object esp-idf/sdmmc/CMakeFiles/__idf_sdmmc.dir/sdmmc_cmd.c.obj[K
[91/1489] Building C object esp-idf/sdmmc/CMakeFiles/__idf_sdmmc.dir/sdmmc_common.c.obj[K
[92/1489] Building C object esp-idf/esp_driver_sdmmc/CMakeFiles/__idf_esp_driver_sdmmc.dir/src/sdmmc_transaction.c.obj[K
[93/1489] Building C object esp-idf/sdmmc/CMakeFiles/__idf_sdmmc.dir/sdmmc_io.c.obj[K
[94/1489] Building C object esp-idf/esp_driver_sdmmc/CMakeFiles/__idf_esp_driver_sdmmc.dir/src/sdmmc_host.c.obj[K
[95/1489] Building C object esp-idf/sdmmc/CMakeFiles/__idf_sdmmc.dir/sd_pwr_ctrl/sd_pwr_ctrl.c.obj[K
[96/1489] Linking C static library esp-idf\esp_driver_dac\libesp_driver_dac.a[K
[97/1489] Building C object esp-idf/sdmmc/CMakeFiles/__idf_sdmmc.dir/sdmmc_mmc.c.obj[K
[98/1489] Linking C static library esp-idf\esp_driver_sdio\libesp_driver_sdio.a[K
[99/1489] Building C object esp-idf/sdmmc/CMakeFiles/__idf_sdmmc.dir/sdmmc_sd.c.obj[K
[100/1489] Building C object esp-idf/esp_driver_i2s/CMakeFiles/__idf_esp_driver_i2s.dir/i2s_platform.c.obj[K
[101/1489] Building C object esp-idf/esp_driver_i2s/CMakeFiles/__idf_esp_driver_i2s.dir/i2s_std.c.obj[K
[102/1489] Building C object esp-idf/esp_driver_mcpwm/CMakeFiles/__idf_esp_driver_mcpwm.dir/src/mcpwm_cmpr.c.obj[K
[103/1489] Building C object esp-idf/esp_driver_i2s/CMakeFiles/__idf_esp_driver_i2s.dir/i2s_pdm.c.obj[K
[104/1489] Linking C static library esp-idf\esp_driver_sdspi\libesp_driver_sdspi.a[K
[105/1489] Building C object esp-idf/esp_driver_mcpwm/CMakeFiles/__idf_esp_driver_mcpwm.dir/src/mcpwm_com.c.obj[K
[106/1489] Building C object esp-idf/esp_driver_mcpwm/CMakeFiles/__idf_esp_driver_mcpwm.dir/src/mcpwm_cap.c.obj[K
[107/1489] Building C object esp-idf/esp_driver_i2s/CMakeFiles/__idf_esp_driver_i2s.dir/i2s_common.c.obj[K
[108/1489] Linking C static library esp-idf\esp_driver_sdmmc\libesp_driver_sdmmc.a[K
[109/1489] Building C object esp-idf/esp_driver_mcpwm/CMakeFiles/__idf_esp_driver_mcpwm.dir/src/mcpwm_fault.c.obj[K
[110/1489] Building C object esp-idf/esp_driver_mcpwm/CMakeFiles/__idf_esp_driver_mcpwm.dir/src/mcpwm_oper.c.obj[K
[111/1489] Building C object esp-idf/esp_driver_mcpwm/CMakeFiles/__idf_esp_driver_mcpwm.dir/src/mcpwm_gen.c.obj[K
[112/1489] Linking C static library esp-idf\sdmmc\libsdmmc.a[K
[113/1489] Building C object esp-idf/esp_driver_mcpwm/CMakeFiles/__idf_esp_driver_mcpwm.dir/src/mcpwm_sync.c.obj[K
[114/1489] Building C object esp-idf/esp_gdbstub/CMakeFiles/__idf_esp_gdbstub.dir/src/packet.c.obj[K
[115/1489] Building C object esp-idf/esp_gdbstub/CMakeFiles/__idf_esp_gdbstub.dir/src/gdbstub_transport.c.obj[K
[116/1489] Building C object esp-idf/esp_driver_mcpwm/CMakeFiles/__idf_esp_driver_mcpwm.dir/src/mcpwm_timer.c.obj[K
[117/1489] Building C object esp-idf/esp_driver_pcnt/CMakeFiles/__idf_esp_driver_pcnt.dir/src/pulse_cnt.c.obj[K
[118/1489] Building C object esp-idf/esp_gdbstub/CMakeFiles/__idf_esp_gdbstub.dir/src/gdbstub.c.obj[K
[119/1489] Building ASM object esp-idf/esp_gdbstub/CMakeFiles/__idf_esp_gdbstub.dir/src/port/xtensa/gdbstub-entry.S.obj[K
[120/1489] Building ASM object esp-idf/esp_gdbstub/CMakeFiles/__idf_esp_gdbstub.dir/src/port/xtensa/xt_debugexception.S.obj[K
[121/1489] Linking C static library esp-idf\esp_driver_i2s\libesp_driver_i2s.a[K
[122/1489] Building C object esp-idf/esp_gdbstub/CMakeFiles/__idf_esp_gdbstub.dir/src/port/xtensa/gdbstub_xtensa.c.obj[K
[123/1489] Building C object esp-idf/esp_wifi/CMakeFiles/__idf_esp_wifi.dir/src/lib_printf.c.obj[K
[124/1489] Linking C static library esp-idf\esp_driver_mcpwm\libesp_driver_mcpwm.a[K
[125/1489] Building C object esp-idf/esp_wifi/CMakeFiles/__idf_esp_wifi.dir/src/mesh_event.c.obj[K
[126/1489] Building C object esp-idf/esp_wifi/CMakeFiles/__idf_esp_wifi.dir/src/wifi_default_ap.c.obj[K
[127/1489] Building C object esp-idf/esp_wifi/CMakeFiles/__idf_esp_wifi.dir/src/wifi_default.c.obj[K
[128/1489] Building C object esp-idf/esp_wifi/CMakeFiles/__idf_esp_wifi.dir/src/wifi_netif.c.obj[K
[129/1489] Building C object esp-idf/esp_wifi/CMakeFiles/__idf_esp_wifi.dir/src/smartconfig.c.obj[K
[130/1489] Building C object esp-idf/esp_wifi/CMakeFiles/__idf_esp_wifi.dir/regulatory/esp_wifi_regulatory.c.obj[K
[131/1489] Building C object esp-idf/esp_wifi/CMakeFiles/__idf_esp_wifi.dir/src/wifi_init.c.obj[K
[132/1489] Building C object esp-idf/esp_coex/CMakeFiles/__idf_esp_coex.dir/src/coexist.c.obj[K
[133/1489] Linking C static library esp-idf\esp_driver_pcnt\libesp_driver_pcnt.a[K
[134/1489] Building C object esp-idf/esp_coex/CMakeFiles/__idf_esp_coex.dir/src/coexist_debug_diagram.c.obj[K
[135/1489] Building C object esp-idf/esp_wifi/CMakeFiles/__idf_esp_wifi.dir/esp32/esp_adapter.c.obj[K
[136/1489] Building C object esp-idf/esp_coex/CMakeFiles/__idf_esp_coex.dir/src/lib_printf.c.obj[K
[137/1489] Building C object esp-idf/esp_wifi/CMakeFiles/__idf_esp_wifi.dir/src/smartconfig_ack.c.obj[K
[138/1489] Building C object esp-idf/esp_coex/CMakeFiles/__idf_esp_coex.dir/src/coexist_debug.c.obj[K
[139/1489] Building C object esp-idf/esp_coex/CMakeFiles/__idf_esp_coex.dir/esp32/esp_coex_adapter.c.obj[K
[140/1489] Linking C static library esp-idf\esp_gdbstub\libesp_gdbstub.a[K
[141/1489] Building C object esp-idf/wpa_supplicant/CMakeFiles/__idf_wpa_supplicant.dir/port/os_xtensa.c.obj[K
[142/1489] Building C object esp-idf/wpa_supplicant/CMakeFiles/__idf_wpa_supplicant.dir/port/eloop.c.obj[K
[143/1489] Linking C static library esp-idf\esp_wifi\libesp_wifi.a[K
[144/1489] Building C object esp-idf/wpa_supplicant/CMakeFiles/__idf_wpa_supplicant.dir/src/ap/ap_config.c.obj[K
[145/1489] Building C object esp-idf/wpa_supplicant/CMakeFiles/__idf_wpa_supplicant.dir/src/ap/ieee802_1x.c.obj[K
[146/1489] Building C object esp-idf/wpa_supplicant/CMakeFiles/__idf_wpa_supplicant.dir/src/ap/pmksa_cache_auth.c.obj[K
[147/1489] Building C object esp-idf/wpa_supplicant/CMakeFiles/__idf_wpa_supplicant.dir/src/ap/wpa_auth_ie.c.obj[K
[148/1489] Building C object esp-idf/wpa_supplicant/CMakeFiles/__idf_wpa_supplicant.dir/src/ap/sta_info.c.obj[K
[149/1489] Building C object esp-idf/wpa_supplicant/CMakeFiles/__idf_wpa_supplicant.dir/src/ap/ieee802_11.c.obj[K
[150/1489] Building C object esp-idf/wpa_supplicant/CMakeFiles/__idf_wpa_supplicant.dir/src/ap/wpa_auth.c.obj[K
[151/1489] Building C object esp-idf/wpa_supplicant/CMakeFiles/__idf_wpa_supplicant.dir/src/ap/comeback_token.c.obj[K
[152/1489] Building C object esp-idf/wpa_supplicant/CMakeFiles/__idf_wpa_supplicant.dir/src/common/dragonfly.c.obj[K
[153/1489] Building C object esp-idf/wpa_supplicant/CMakeFiles/__idf_wpa_supplicant.dir/src/crypto/aes-siv.c.obj[K
[154/1489] Building C object esp-idf/wpa_supplicant/CMakeFiles/__idf_wpa_supplicant.dir/src/utils/bitfield.c.obj[K
[155/1489] Building C object esp-idf/wpa_supplicant/CMakeFiles/__idf_wpa_supplicant.dir/src/common/wpa_common.c.obj[K
[156/1489] Building C object esp-idf/wpa_supplicant/CMakeFiles/__idf_wpa_supplicant.dir/src/crypto/sha256-kdf.c.obj[K
[157/1489] Building C object esp-idf/wpa_supplicant/CMakeFiles/__idf_wpa_supplicant.dir/src/common/sae.c.obj[K
[158/1489] Building C object esp-idf/wpa_supplicant/CMakeFiles/__idf_wpa_supplicant.dir/src/crypto/ccmp.c.obj[K
[159/1489] Building C object esp-idf/wpa_supplicant/CMakeFiles/__idf_wpa_supplicant.dir/src/crypto/crypto_ops.c.obj[K
[160/1489] Building C object esp-idf/wpa_supplicant/CMakeFiles/__idf_wpa_supplicant.dir/src/crypto/aes-gcm.c.obj[K
[161/1489] Building C object esp-idf/wpa_supplicant/CMakeFiles/__idf_wpa_supplicant.dir/src/crypto/dh_group5.c.obj[K
[162/1489] Building C object esp-idf/wpa_supplicant/CMakeFiles/__idf_wpa_supplicant.dir/src/crypto/sha1-tlsprf.c.obj[K
[163/1489] Building C object esp-idf/wpa_supplicant/CMakeFiles/__idf_wpa_supplicant.dir/src/crypto/ms_funcs.c.obj[K
[164/1489] Building C object esp-idf/wpa_supplicant/CMakeFiles/__idf_wpa_supplicant.dir/src/crypto/dh_groups.c.obj[K
[165/1489] Building C object esp-idf/wpa_supplicant/CMakeFiles/__idf_wpa_supplicant.dir/src/crypto/sha256-tlsprf.c.obj[K
[166/1489] Building C object esp-idf/wpa_supplicant/CMakeFiles/__idf_wpa_supplicant.dir/src/crypto/sha384-tlsprf.c.obj[K
[167/1489] Building C object esp-idf/wpa_supplicant/CMakeFiles/__idf_wpa_supplicant.dir/src/crypto/sha256-prf.c.obj[K
[168/1489] Building C object esp-idf/wpa_supplicant/CMakeFiles/__idf_wpa_supplicant.dir/src/crypto/sha1-prf.c.obj[K
[169/1489] Building C object esp-idf/wpa_supplicant/CMakeFiles/__idf_wpa_supplicant.dir/src/crypto/sha384-prf.c.obj[K
[170/1489] Building C object esp-idf/wpa_supplicant/CMakeFiles/__idf_wpa_supplicant.dir/src/crypto/md4-internal.c.obj[K
[171/1489] Building C object esp-idf/wpa_supplicant/CMakeFiles/__idf_wpa_supplicant.dir/src/crypto/sha1-tprf.c.obj[K
[172/1489] Building C object esp-idf/wpa_supplicant/CMakeFiles/__idf_wpa_supplicant.dir/src/eap_common/eap_wsc_common.c.obj[K
[173/1489] Building C object esp-idf/wpa_supplicant/CMakeFiles/__idf_wpa_supplicant.dir/src/eap_peer/chap.c.obj[K
[174/1489] Building C object esp-idf/wpa_supplicant/CMakeFiles/__idf_wpa_supplicant.dir/src/common/ieee802_11_common.c.obj[K
[175/1489] Building C object esp-idf/wpa_supplicant/CMakeFiles/__idf_wpa_supplicant.dir/src/eap_peer/eap_common.c.obj[K
[176/1489] Building C object esp-idf/wpa_supplicant/CMakeFiles/__idf_wpa_supplicant.dir/src/eap_peer/eap.c.obj[K
[177/1489] Building C object esp-idf/wpa_supplicant/CMakeFiles/__idf_wpa_supplicant.dir/src/eap_peer/eap_peap_common.c.obj[K
[178/1489] Building C object esp-idf/wpa_supplicant/CMakeFiles/__idf_wpa_supplicant.dir/src/eap_peer/eap_mschapv2.c.obj[K
[179/1489] Building C object esp-idf/wpa_supplicant/CMakeFiles/__idf_wpa_supplicant.dir/src/eap_peer/eap_peap.c.obj[K
[180/1489] Building C object esp-idf/wpa_supplicant/CMakeFiles/__idf_wpa_supplicant.dir/src/eap_peer/eap_tls.c.obj[K
[181/1489] Building C object esp-idf/wpa_supplicant/CMakeFiles/__idf_wpa_supplicant.dir/src/eap_peer/mschapv2.c.obj[K
[182/1489] Building C object esp-idf/wpa_supplicant/CMakeFiles/__idf_wpa_supplicant.dir/src/eap_peer/eap_tls_common.c.obj[K
[183/1489] Building C object esp-idf/wpa_supplicant/CMakeFiles/__idf_wpa_supplicant.dir/src/eap_peer/eap_ttls.c.obj[K
[184/1489] Building C object esp-idf/wpa_supplicant/CMakeFiles/__idf_wpa_supplicant.dir/src/eap_peer/eap_fast_common.c.obj[K
[185/1489] Building C object esp-idf/wpa_supplicant/CMakeFiles/__idf_wpa_supplicant.dir/src/eap_peer/eap_fast_pac.c.obj[K
[186/1489] Building C object esp-idf/wpa_supplicant/CMakeFiles/__idf_wpa_supplicant.dir/src/eap_peer/eap_fast.c.obj[K
[187/1489] Building C object esp-idf/wpa_supplicant/CMakeFiles/__idf_wpa_supplicant.dir/src/rsn_supp/pmksa_cache.c.obj[K
[188/1489] Building C object esp-idf/wpa_supplicant/CMakeFiles/__idf_wpa_supplicant.dir/src/rsn_supp/wpa_ie.c.obj[K
[189/1489] Building C object esp-idf/wpa_supplicant/CMakeFiles/__idf_wpa_supplicant.dir/src/utils/base64.c.obj[K
[190/1489] Building C object esp-idf/wpa_supplicant/CMakeFiles/__idf_wpa_supplicant.dir/src/utils/ext_password.c.obj[K
[191/1489] Building C object esp-idf/wpa_supplicant/CMakeFiles/__idf_wpa_supplicant.dir/src/utils/common.c.obj[K
[192/1489] Building C object esp-idf/wpa_supplicant/CMakeFiles/__idf_wpa_supplicant.dir/src/rsn_supp/wpa.c.obj[K
[193/1489] Building C object esp-idf/wpa_supplicant/CMakeFiles/__idf_wpa_supplicant.dir/src/utils/uuid.c.obj[K
[194/1489] Building C object esp-idf/wpa_supplicant/CMakeFiles/__idf_wpa_supplicant.dir/src/utils/wpabuf.c.obj[K
[195/1489] Building C object esp-idf/wpa_supplicant/CMakeFiles/__idf_wpa_supplicant.dir/src/utils/wpa_debug.c.obj[K
[196/1489] Building C object esp-idf/wpa_supplicant/CMakeFiles/__idf_wpa_supplicant.dir/src/utils/json.c.obj[K
[197/1489] Building C object esp-idf/wpa_supplicant/CMakeFiles/__idf_wpa_supplicant.dir/src/wps/wps.c.obj[K
[198/1489] Building C object esp-idf/wpa_supplicant/CMakeFiles/__idf_wpa_supplicant.dir/src/wps/wps_attr_build.c.obj[K
[199/1489] Building C object esp-idf/wpa_supplicant/CMakeFiles/__idf_wpa_supplicant.dir/src/wps/wps_attr_parse.c.obj[K
[200/1489] Building C object esp-idf/wpa_supplicant/CMakeFiles/__idf_wpa_supplicant.dir/src/wps/wps_attr_process.c.obj[K
[201/1489] Building C object esp-idf/wpa_supplicant/CMakeFiles/__idf_wpa_supplicant.dir/src/wps/wps_common.c.obj[K
[202/1489] Building C object esp-idf/wpa_supplicant/CMakeFiles/__idf_wpa_supplicant.dir/src/wps/wps_dev_attr.c.obj[K
[203/1489] Building C object esp-idf/wpa_supplicant/CMakeFiles/__idf_wpa_supplicant.dir/esp_supplicant/src/esp_wpa2_api_port.c.obj[K
[204/1489] Building C object esp-idf/wpa_supplicant/CMakeFiles/__idf_wpa_supplicant.dir/src/wps/wps_enrollee.c.obj[K
[205/1489] Building C object esp-idf/wpa_supplicant/CMakeFiles/__idf_wpa_supplicant.dir/src/common/sae_pk.c.obj[K
[206/1489] Building C object esp-idf/wpa_supplicant/CMakeFiles/__idf_wpa_supplicant.dir/esp_supplicant/src/esp_wpa_main.c.obj[K
[207/1489] Building C object esp-idf/wpa_supplicant/CMakeFiles/__idf_wpa_supplicant.dir/esp_supplicant/src/esp_wpas_glue.c.obj[K
[208/1489] Building C object esp-idf/wpa_supplicant/CMakeFiles/__idf_wpa_supplicant.dir/esp_supplicant/src/esp_eap_client.c.obj[K
[209/1489] Building C object esp-idf/wpa_supplicant/CMakeFiles/__idf_wpa_supplicant.dir/esp_supplicant/src/esp_common.c.obj[K
[210/1489] Building C object esp-idf/wpa_supplicant/CMakeFiles/__idf_wpa_supplicant.dir/esp_supplicant/src/esp_owe.c.obj[K
[211/1489] Building C object esp-idf/wpa_supplicant/CMakeFiles/__idf_wpa_supplicant.dir/esp_supplicant/src/esp_wpa3.c.obj[K
[212/1489] Building C object esp-idf/wpa_supplicant/CMakeFiles/__idf_wpa_supplicant.dir/esp_supplicant/src/esp_hostap.c.obj[K
[213/1489] Building C object esp-idf/wpa_supplicant/CMakeFiles/__idf_wpa_supplicant.dir/src/tls/asn1.c.obj[K
[214/1489] Building C object esp-idf/wpa_supplicant/CMakeFiles/__idf_wpa_supplicant.dir/esp_supplicant/src/esp_wps.c.obj[K
[215/1489] Building C object esp-idf/wpa_supplicant/CMakeFiles/__idf_wpa_supplicant.dir/src/tls/bignum.c.obj[K
[216/1489] Building C object esp-idf/wpa_supplicant/CMakeFiles/__idf_wpa_supplicant.dir/src/tls/rsa.c.obj[K
[217/1489] Building C object esp-idf/wpa_supplicant/CMakeFiles/__idf_wpa_supplicant.dir/src/tls/pkcs1.c.obj[K
[218/1489] Building C object esp-idf/wpa_supplicant/CMakeFiles/__idf_wpa_supplicant.dir/src/tls/pkcs8.c.obj[K
[219/1489] Building C object esp-idf/wpa_supplicant/CMakeFiles/__idf_wpa_supplicant.dir/src/tls/pkcs5.c.obj[K
[220/1489] Building C object esp-idf/wpa_supplicant/CMakeFiles/__idf_wpa_supplicant.dir/src/crypto/tls_internal.c.obj[K
[221/1489] Building C object esp-idf/wpa_supplicant/CMakeFiles/__idf_wpa_supplicant.dir/src/tls/tlsv1_common.c.obj[K
[222/1489] Building C object esp-idf/wpa_supplicant/CMakeFiles/__idf_wpa_supplicant.dir/src/tls/tlsv1_client.c.obj[K
[223/1489] Building C object esp-idf/wpa_supplicant/CMakeFiles/__idf_wpa_supplicant.dir/src/tls/tlsv1_client_write.c.obj[K
[224/1489] Building C object esp-idf/wpa_supplicant/CMakeFiles/__idf_wpa_supplicant.dir/src/tls/tlsv1_client_read.c.obj[K
[225/1489] Building C object esp-idf/wpa_supplicant/CMakeFiles/__idf_wpa_supplicant.dir/src/tls/tlsv1_cred.c.obj[K
[226/1489] Building C object esp-idf/wpa_supplicant/CMakeFiles/__idf_wpa_supplicant.dir/src/tls/tlsv1_record.c.obj[K
[227/1489] Building C object esp-idf/wpa_supplicant/CMakeFiles/__idf_wpa_supplicant.dir/src/tls/tlsv1_client_ocsp.c.obj[K
[228/1489] Building C object esp-idf/wpa_supplicant/CMakeFiles/__idf_wpa_supplicant.dir/src/tls/x509v3.c.obj[K
[229/1489] Building C object esp-idf/wpa_supplicant/CMakeFiles/__idf_wpa_supplicant.dir/esp_supplicant/src/crypto/crypto_mbedtls.c.obj[K
[230/1489] Building C object esp-idf/wpa_supplicant/CMakeFiles/__idf_wpa_supplicant.dir/esp_supplicant/src/crypto/crypto_mbedtls-bignum.c.obj[K
[231/1489] Building C object esp-idf/wpa_supplicant/CMakeFiles/__idf_wpa_supplicant.dir/esp_supplicant/src/crypto/fastpbkdf2.c.obj[K
[232/1489] Building C object esp-idf/wpa_supplicant/CMakeFiles/__idf_wpa_supplicant.dir/src/crypto/rc4.c.obj[K
[233/1489] Building C object esp-idf/wpa_supplicant/CMakeFiles/__idf_wpa_supplicant.dir/esp_supplicant/src/crypto/crypto_mbedtls-rsa.c.obj[K
[234/1489] Building C object esp-idf/wpa_supplicant/CMakeFiles/__idf_wpa_supplicant.dir/esp_supplicant/src/crypto/crypto_mbedtls-ec.c.obj[K
[235/1489] Building C object esp-idf/wpa_supplicant/CMakeFiles/__idf_wpa_supplicant.dir/src/crypto/aes-wrap.c.obj[K
[236/1489] Building C object esp-idf/esp_netif/CMakeFiles/__idf_esp_netif.dir/esp_netif_objects.c.obj[K
[237/1489] Building C object esp-idf/wpa_supplicant/CMakeFiles/__idf_wpa_supplicant.dir/src/crypto/aes-unwrap.c.obj[K
[238/1489] Building C object esp-idf/wpa_supplicant/CMakeFiles/__idf_wpa_supplicant.dir/src/crypto/des-internal.c.obj[K
[239/1489] Linking C static library esp-idf\esp_coex\libesp_coex.a[K
[240/1489] Building C object esp-idf/esp_netif/CMakeFiles/__idf_esp_netif.dir/esp_netif_defaults.c.obj[K
[241/1489] Building C object esp-idf/wpa_supplicant/CMakeFiles/__idf_wpa_supplicant.dir/src/crypto/aes-ccm.c.obj[K
[242/1489] Building C object esp-idf/esp_netif/CMakeFiles/__idf_esp_netif.dir/esp_netif_handlers.c.obj[K
[243/1489] Linking C static library esp-idf\wpa_supplicant\libwpa_supplicant.a[K
[244/1489] Building C object esp-idf/esp_netif/CMakeFiles/__idf_esp_netif.dir/lwip/esp_netif_lwip_defaults.c.obj[K
[245/1489] Building C object esp-idf/esp_netif/CMakeFiles/__idf_esp_netif.dir/lwip/esp_netif_sntp.c.obj[K
[246/1489] Building C object esp-idf/esp_netif/CMakeFiles/__idf_esp_netif.dir/lwip/netif/ethernetif.c.obj[K
[247/1489] Building C object esp-idf/lwip/CMakeFiles/__idf_lwip.dir/apps/sntp/sntp.c.obj[K
[248/1489] Building C object esp-idf/esp_netif/CMakeFiles/__idf_esp_netif.dir/lwip/netif/wlanif.c.obj[K
[249/1489] Building C object esp-idf/esp_netif/CMakeFiles/__idf_esp_netif.dir/lwip/netif/esp_pbuf_ref.c.obj[K
[250/1489] Building C object esp-idf/lwip/CMakeFiles/__idf_lwip.dir/lwip/src/api/api_lib.c.obj[K
[251/1489] Building C object esp-idf/lwip/CMakeFiles/__idf_lwip.dir/lwip/src/api/api_msg.c.obj[K
[252/1489] Building C object esp-idf/esp_netif/CMakeFiles/__idf_esp_netif.dir/lwip/esp_netif_lwip.c.obj[K
[253/1489] Building C object esp-idf/lwip/CMakeFiles/__idf_lwip.dir/lwip/src/api/err.c.obj[K
[254/1489] Building C object esp-idf/lwip/CMakeFiles/__idf_lwip.dir/lwip/src/api/netbuf.c.obj[K
[255/1489] Building C object esp-idf/lwip/CMakeFiles/__idf_lwip.dir/lwip/src/api/if_api.c.obj[K
[256/1489] Building C object esp-idf/lwip/CMakeFiles/__idf_lwip.dir/lwip/src/api/netifapi.c.obj[K
[257/1489] Building C object esp-idf/lwip/CMakeFiles/__idf_lwip.dir/lwip/src/api/netdb.c.obj[K
[258/1489] Building C object esp-idf/lwip/CMakeFiles/__idf_lwip.dir/lwip/src/api/tcpip.c.obj[K
[259/1489] Building C object esp-idf/lwip/CMakeFiles/__idf_lwip.dir/lwip/src/apps/sntp/sntp.c.obj[K
[260/1489] Building C object esp-idf/lwip/CMakeFiles/__idf_lwip.dir/lwip/src/apps/netbiosns/netbiosns.c.obj[K
[261/1489] Building C object esp-idf/lwip/CMakeFiles/__idf_lwip.dir/lwip/src/core/def.c.obj[K
[262/1489] Building C object esp-idf/lwip/CMakeFiles/__idf_lwip.dir/lwip/src/api/sockets.c.obj[K
[263/1489] Building C object esp-idf/lwip/CMakeFiles/__idf_lwip.dir/lwip/src/core/inet_chksum.c.obj[K
[264/1489] Building C object esp-idf/lwip/CMakeFiles/__idf_lwip.dir/lwip/src/core/init.c.obj[K
[265/1489] Building C object esp-idf/lwip/CMakeFiles/__idf_lwip.dir/lwip/src/core/dns.c.obj[K
[266/1489] Building C object esp-idf/lwip/CMakeFiles/__idf_lwip.dir/lwip/src/core/ip.c.obj[K
[267/1489] Building C object esp-idf/lwip/CMakeFiles/__idf_lwip.dir/lwip/src/core/mem.c.obj[K
[268/1489] Building C object esp-idf/lwip/CMakeFiles/__idf_lwip.dir/lwip/src/core/memp.c.obj[K
[269/1489] Building C object esp-idf/lwip/CMakeFiles/__idf_lwip.dir/lwip/src/core/netif.c.obj[K
[270/1489] Building C object esp-idf/lwip/CMakeFiles/__idf_lwip.dir/lwip/src/core/pbuf.c.obj[K
[271/1489] Building C object esp-idf/lwip/CMakeFiles/__idf_lwip.dir/lwip/src/core/stats.c.obj[K
[272/1489] Building C object esp-idf/lwip/CMakeFiles/__idf_lwip.dir/lwip/src/core/sys.c.obj[K
[273/1489] Building C object esp-idf/lwip/CMakeFiles/__idf_lwip.dir/lwip/src/core/raw.c.obj[K
[274/1489] Building C object esp-idf/lwip/CMakeFiles/__idf_lwip.dir/lwip/src/core/timeouts.c.obj[K
[275/1489] Building C object esp-idf/lwip/CMakeFiles/__idf_lwip.dir/lwip/src/core/tcp.c.obj[K
[276/1489] Building C object esp-idf/lwip/CMakeFiles/__idf_lwip.dir/lwip/src/core/tcp_in.c.obj[K
[277/1489] Building C object esp-idf/lwip/CMakeFiles/__idf_lwip.dir/lwip/src/core/tcp_out.c.obj[K
[278/1489] Building C object esp-idf/lwip/CMakeFiles/__idf_lwip.dir/lwip/src/core/udp.c.obj[K
[279/1489] Building C object esp-idf/lwip/CMakeFiles/__idf_lwip.dir/lwip/src/core/ipv4/autoip.c.obj[K
[280/1489] Building C object esp-idf/lwip/CMakeFiles/__idf_lwip.dir/lwip/src/core/ipv4/etharp.c.obj[K
[281/1489] Building C object esp-idf/lwip/CMakeFiles/__idf_lwip.dir/lwip/src/core/ipv4/icmp.c.obj[K
[282/1489] Building C object esp-idf/lwip/CMakeFiles/__idf_lwip.dir/lwip/src/core/ipv4/ip4_napt.c.obj[K
[283/1489] Building C object esp-idf/lwip/CMakeFiles/__idf_lwip.dir/lwip/src/core/ipv4/ip4.c.obj[K
[284/1489] Building C object esp-idf/lwip/CMakeFiles/__idf_lwip.dir/lwip/src/core/ipv4/dhcp.c.obj[K
[285/1489] Building C object esp-idf/lwip/CMakeFiles/__idf_lwip.dir/lwip/src/core/ipv4/igmp.c.obj[K
[286/1489] Building C object esp-idf/lwip/CMakeFiles/__idf_lwip.dir/lwip/src/core/ipv4/ip4_frag.c.obj[K
[287/1489] Building C object esp-idf/lwip/CMakeFiles/__idf_lwip.dir/lwip/src/core/ipv6/dhcp6.c.obj[K
[288/1489] Building C object esp-idf/lwip/CMakeFiles/__idf_lwip.dir/lwip/src/core/ipv4/ip4_addr.c.obj[K
[289/1489] Building C object esp-idf/lwip/CMakeFiles/__idf_lwip.dir/lwip/src/core/ipv6/ethip6.c.obj[K
[290/1489] Building C object esp-idf/lwip/CMakeFiles/__idf_lwip.dir/lwip/src/core/ipv6/inet6.c.obj[K
[291/1489] Building C object esp-idf/lwip/CMakeFiles/__idf_lwip.dir/lwip/src/core/ipv6/ip6_frag.c.obj[K
[292/1489] Building C object esp-idf/lwip/CMakeFiles/__idf_lwip.dir/lwip/src/core/ipv6/icmp6.c.obj[K
[293/1489] Building C object esp-idf/lwip/CMakeFiles/__idf_lwip.dir/lwip/src/core/ipv6/ip6.c.obj[K
[294/1489] Building C object esp-idf/lwip/CMakeFiles/__idf_lwip.dir/lwip/src/core/ipv6/ip6_addr.c.obj[K
[295/1489] Building C object esp-idf/lwip/CMakeFiles/__idf_lwip.dir/lwip/src/netif/ethernet.c.obj[K
[296/1489] Building C object esp-idf/lwip/CMakeFiles/__idf_lwip.dir/lwip/src/core/ipv6/mld6.c.obj[K
[297/1489] Building C object esp-idf/lwip/CMakeFiles/__idf_lwip.dir/lwip/src/netif/bridgeif.c.obj[K
[298/1489] Building C object esp-idf/lwip/CMakeFiles/__idf_lwip.dir/lwip/src/core/ipv6/nd6.c.obj[K
[299/1489] Building C object esp-idf/lwip/CMakeFiles/__idf_lwip.dir/lwip/src/netif/bridgeif_fdb.c.obj[K
[300/1489] Building C object esp-idf/lwip/CMakeFiles/__idf_lwip.dir/lwip/src/netif/ppp/auth.c.obj[K
[301/1489] Building C object esp-idf/lwip/CMakeFiles/__idf_lwip.dir/lwip/src/netif/ppp/chap-new.c.obj[K
[302/1489] Building C object esp-idf/lwip/CMakeFiles/__idf_lwip.dir/lwip/src/netif/ppp/ccp.c.obj[K
[303/1489] Building C object esp-idf/lwip/CMakeFiles/__idf_lwip.dir/lwip/src/netif/ppp/chap-md5.c.obj[K
[304/1489] Building C object esp-idf/lwip/CMakeFiles/__idf_lwip.dir/lwip/src/netif/slipif.c.obj[K
[305/1489] Building C object esp-idf/lwip/CMakeFiles/__idf_lwip.dir/lwip/src/netif/ppp/demand.c.obj[K
[306/1489] Building C object esp-idf/lwip/CMakeFiles/__idf_lwip.dir/lwip/src/netif/ppp/chap_ms.c.obj[K
[307/1489] Building C object esp-idf/lwip/CMakeFiles/__idf_lwip.dir/lwip/src/netif/ppp/eap.c.obj[K
[308/1489] Building C object esp-idf/lwip/CMakeFiles/__idf_lwip.dir/lwip/src/netif/ppp/ecp.c.obj[K
[309/1489] Building C object esp-idf/lwip/CMakeFiles/__idf_lwip.dir/lwip/src/netif/ppp/eui64.c.obj[K
[310/1489] Building C object esp-idf/lwip/CMakeFiles/__idf_lwip.dir/lwip/src/netif/ppp/ipcp.c.obj[K
[311/1489] Building C object esp-idf/lwip/CMakeFiles/__idf_lwip.dir/lwip/src/netif/ppp/ipv6cp.c.obj[K
[312/1489] Building C object esp-idf/lwip/CMakeFiles/__idf_lwip.dir/lwip/src/netif/ppp/fsm.c.obj[K
[313/1489] Building C object esp-idf/lwip/CMakeFiles/__idf_lwip.dir/lwip/src/netif/ppp/lcp.c.obj[K
[314/1489] Building C object esp-idf/lwip/CMakeFiles/__idf_lwip.dir/lwip/src/netif/ppp/magic.c.obj[K
[315/1489] Building C object esp-idf/lwip/CMakeFiles/__idf_lwip.dir/lwip/src/netif/ppp/ppp.c.obj[K
[316/1489] Building C object esp-idf/lwip/CMakeFiles/__idf_lwip.dir/lwip/src/netif/ppp/mppe.c.obj[K
[317/1489] Building C object esp-idf/lwip/CMakeFiles/__idf_lwip.dir/lwip/src/netif/ppp/multilink.c.obj[K
[318/1489] Building C object esp-idf/lwip/CMakeFiles/__idf_lwip.dir/lwip/src/netif/ppp/pppapi.c.obj[K
[319/1489] Building C object esp-idf/lwip/CMakeFiles/__idf_lwip.dir/lwip/src/netif/ppp/pppcrypt.c.obj[K
[320/1489] Building C object esp-idf/lwip/CMakeFiles/__idf_lwip.dir/lwip/src/netif/ppp/pppol2tp.c.obj[K
[321/1489] Building C object esp-idf/lwip/CMakeFiles/__idf_lwip.dir/lwip/src/netif/ppp/pppoe.c.obj[K
[322/1489] Building C object esp-idf/lwip/CMakeFiles/__idf_lwip.dir/lwip/src/netif/ppp/upap.c.obj[K
[323/1489] Building C object esp-idf/lwip/CMakeFiles/__idf_lwip.dir/lwip/src/netif/ppp/pppos.c.obj[K
[324/1489] Building C object esp-idf/lwip/CMakeFiles/__idf_lwip.dir/lwip/src/netif/ppp/utils.c.obj[K
[325/1489] Building C object esp-idf/lwip/CMakeFiles/__idf_lwip.dir/port/hooks/tcp_isn_default.c.obj[K
[326/1489] Building C object esp-idf/lwip/CMakeFiles/__idf_lwip.dir/lwip/src/netif/ppp/vj.c.obj[K
[327/1489] Building C object esp-idf/lwip/CMakeFiles/__idf_lwip.dir/port/hooks/lwip_default_hooks.c.obj[K
[328/1489] Building C object esp-idf/lwip/CMakeFiles/__idf_lwip.dir/port/debug/lwip_debug.c.obj[K
[329/1489] Building C object esp-idf/lwip/CMakeFiles/__idf_lwip.dir/port/sockets_ext.c.obj[K
[330/1489] Building C object esp-idf/lwip/CMakeFiles/__idf_lwip.dir/port/if_index.c.obj[K
[331/1489] Building C object esp-idf/lwip/CMakeFiles/__idf_lwip.dir/port/freertos/sys_arch.c.obj[K
[332/1489] Building C object esp-idf/lwip/CMakeFiles/__idf_lwip.dir/port/acd_dhcp_check.c.obj[K
[333/1489] Building C object esp-idf/lwip/CMakeFiles/__idf_lwip.dir/apps/ping/esp_ping.c.obj[K
[334/1489] Building C object esp-idf/lwip/CMakeFiles/__idf_lwip.dir/lwip/src/netif/ppp/polarssl/arc4.c.obj[K
[335/1489] Building C object esp-idf/lwip/CMakeFiles/__idf_lwip.dir/apps/ping/ping.c.obj[K
[336/1489] Building C object esp-idf/lwip/CMakeFiles/__idf_lwip.dir/port/esp32xx/vfs_lwip.c.obj[K
[337/1489] Building C object esp-idf/lwip/CMakeFiles/__idf_lwip.dir/apps/ping/ping_sock.c.obj[K
[338/1489] Building C object esp-idf/lwip/CMakeFiles/__idf_lwip.dir/lwip/src/netif/ppp/polarssl/des.c.obj[K
[339/1489] Building C object esp-idf/lwip/CMakeFiles/__idf_lwip.dir/lwip/src/netif/ppp/polarssl/md5.c.obj[K
[340/1489] Linking C static library esp-idf\esp_netif\libesp_netif.a[K
[341/1489] Building C object esp-idf/lwip/CMakeFiles/__idf_lwip.dir/lwip/src/netif/ppp/polarssl/sha1.c.obj[K
[342/1489] Building C object esp-idf/lwip/CMakeFiles/__idf_lwip.dir/lwip/src/netif/ppp/polarssl/md4.c.obj[K
[343/1489] Building C object esp-idf/vfs/CMakeFiles/__idf_vfs.dir/vfs_eventfd.c.obj[K
[344/1489] Building C object esp-idf/vfs/CMakeFiles/__idf_vfs.dir/vfs_semihost.c.obj[K
[345/1489] Building C object esp-idf/lwip/CMakeFiles/__idf_lwip.dir/apps/dhcpserver/dhcpserver.c.obj[K
[346/1489] Building C object esp-idf/vfs/CMakeFiles/__idf_vfs.dir/nullfs.c.obj[K
[347/1489] Building C object esp-idf/vfs/CMakeFiles/__idf_vfs.dir/vfs.c.obj[K
[348/1489] Building C object esp-idf/esp_phy/CMakeFiles/__idf_esp_phy.dir/src/lib_printf.c.obj[K
[349/1489] Building C object esp-idf/esp_phy/CMakeFiles/__idf_esp_phy.dir/src/phy_override.c.obj[K
[350/1489] Building C object esp-idf/esp_phy/CMakeFiles/__idf_esp_phy.dir/esp32/phy_init_data.c.obj[K
[351/1489] Building C object esp-idf/esp_vfs_console/CMakeFiles/__idf_esp_vfs_console.dir/vfs_console.c.obj[K
[352/1489] Linking C static library esp-idf\lwip\liblwip.a[K
[353/1489] Building C object esp-idf/esp_phy/CMakeFiles/__idf_esp_phy.dir/src/phy_common.c.obj[K
[354/1489] Building C object esp-idf/esp_phy/CMakeFiles/__idf_esp_phy.dir/src/phy_init.c.obj[K
[355/1489] Building C object esp-idf/esp_phy/CMakeFiles/__idf_esp_phy.dir/src/btbb_init.c.obj[K
[356/1489] Linking C static library esp-idf\vfs\libvfs.a[K
[357/1489] Linking C static library esp-idf\esp_vfs_console\libesp_vfs_console.a[K
[358/1489] Building CXX object esp-idf/nvs_flash/CMakeFiles/__idf_nvs_flash.dir/src/nvs_partition.cpp.obj[K
[359/1489] Building CXX object esp-idf/nvs_flash/CMakeFiles/__idf_nvs_flash.dir/src/nvs_partition_lookup.cpp.obj[K
[360/1489] Building CXX object esp-idf/nvs_flash/CMakeFiles/__idf_nvs_flash.dir/src/nvs_item_hash_list.cpp.obj[K
[361/1489] Building CXX object esp-idf/nvs_flash/CMakeFiles/__idf_nvs_flash.dir/src/nvs_cxx_api.cpp.obj[K
[362/1489] Building CXX object esp-idf/nvs_flash/CMakeFiles/__idf_nvs_flash.dir/src/nvs_handle_locked.cpp.obj[K
[363/1489] Building CXX object esp-idf/nvs_flash/CMakeFiles/__idf_nvs_flash.dir/src/nvs_pagemanager.cpp.obj[K
[364/1489] Building CXX object esp-idf/nvs_flash/CMakeFiles/__idf_nvs_flash.dir/src/nvs_handle_simple.cpp.obj[K
[365/1489] Building CXX object esp-idf/nvs_flash/CMakeFiles/__idf_nvs_flash.dir/src/nvs_platform.cpp.obj[K
[366/1489] Building CXX object esp-idf/nvs_flash/CMakeFiles/__idf_nvs_flash.dir/src/nvs_storage.cpp.obj[K
[367/1489] Building CXX object esp-idf/nvs_flash/CMakeFiles/__idf_nvs_flash.dir/src/nvs_page.cpp.obj[K
[368/1489] Building CXX object esp-idf/nvs_flash/CMakeFiles/__idf_nvs_flash.dir/src/nvs_partition_manager.cpp.obj[K
[369/1489] Building CXX object esp-idf/nvs_flash/CMakeFiles/__idf_nvs_flash.dir/src/nvs_types.cpp.obj[K
[370/1489] Building CXX object esp-idf/nvs_flash/CMakeFiles/__idf_nvs_flash.dir/src/nvs_api.cpp.obj[K
[371/1489] Building C object esp-idf/nvs_flash/CMakeFiles/__idf_nvs_flash.dir/src/nvs_bootloader_aes.c.obj[K
[372/1489] Building C object esp-idf/nvs_flash/CMakeFiles/__idf_nvs_flash.dir/src/nvs_bootloader.c.obj[K
[373/1489] Building C object esp-idf/nvs_flash/CMakeFiles/__idf_nvs_flash.dir/src/nvs_bootloader_xts_aes.c.obj[K
[374/1489] Building C object esp-idf/esp_event/CMakeFiles/__idf_esp_event.dir/default_event_loop.c.obj[K
[375/1489] Linking C static library esp-idf\esp_phy\libesp_phy.a[K
[376/1489] Building C object esp-idf/esp_event/CMakeFiles/__idf_esp_event.dir/esp_event_private.c.obj[K
[377/1489] Building C object esp-idf/esp_event/CMakeFiles/__idf_esp_event.dir/esp_event.c.obj[K
[378/1489] Building C object esp-idf/esp_driver_uart/CMakeFiles/__idf_esp_driver_uart.dir/src/uart_wakeup.c.obj[K
[379/1489] Building C object esp-idf/esp_psram/CMakeFiles/__idf_esp_psram.dir/system_layer/esp_psram_mspi.c.obj[K
[380/1489] Building C object esp-idf/esp_driver_uart/CMakeFiles/__idf_esp_driver_uart.dir/src/uart_vfs.c.obj[K
[381/1489] Building CXX object esp-idf/nvs_flash/CMakeFiles/__idf_nvs_flash.dir/src/nvs_encrypted_partition.cpp.obj[K
[382/1489] Building C object esp-idf/esp_driver_spi/CMakeFiles/__idf_esp_driver_spi.dir/src/gpspi/spi_common.c.obj[K
[383/1489] Building C object esp-idf/esp_driver_spi/CMakeFiles/__idf_esp_driver_spi.dir/src/gpspi/spi_slave.c.obj[K
[384/1489] Building C object esp-idf/esp_driver_spi/CMakeFiles/__idf_esp_driver_spi.dir/src/gpspi/spi_dma.c.obj[K
[385/1489] Building C object esp-idf/esp_driver_uart/CMakeFiles/__idf_esp_driver_uart.dir/src/uart.c.obj[K
[386/1489] Building C object esp-idf/esp_driver_spi/CMakeFiles/__idf_esp_driver_spi.dir/src/gpspi/spi_master.c.obj[K
[387/1489] Building C object esp-idf/esp_driver_gptimer/CMakeFiles/__idf_esp_driver_gptimer.dir/src/gptimer_common.c.obj[K
[388/1489] Building C object esp-idf/esp_ringbuf/CMakeFiles/__idf_esp_ringbuf.dir/ringbuf.c.obj[K
[389/1489] Linking C static library esp-idf\nvs_flash\libnvs_flash.a[K
[390/1489] Building C object esp-idf/esp_driver_gptimer/CMakeFiles/__idf_esp_driver_gptimer.dir/src/gptimer.c.obj[K
[391/1489] Building C object esp-idf/esp_timer/CMakeFiles/__idf_esp_timer.dir/src/esp_timer_init.c.obj[K
[392/1489] Building C object esp-idf/esp_timer/CMakeFiles/__idf_esp_timer.dir/src/system_time.c.obj[K
[393/1489] Building C object esp-idf/esp_timer/CMakeFiles/__idf_esp_timer.dir/src/esp_timer.c.obj[K
[394/1489] Building C object esp-idf/esp_timer/CMakeFiles/__idf_esp_timer.dir/src/ets_timer_legacy.c.obj[K
[395/1489] Linking C static library esp-idf\esp_event\libesp_event.a[K
[396/1489] Building C object esp-idf/esp_timer/CMakeFiles/__idf_esp_timer.dir/src/esp_timer_impl_common.c.obj[K
[397/1489] Building CXX object esp-idf/cxx/CMakeFiles/__idf_cxx.dir/cxx_exception_stubs.cpp.obj[K
[398/1489] Building CXX object esp-idf/cxx/CMakeFiles/__idf_cxx.dir/cxx_init.cpp.obj[K
[399/1489] Building C object esp-idf/esp_timer/CMakeFiles/__idf_esp_timer.dir/src/esp_timer_impl_lac.c.obj[K
[400/1489] Linking C static library esp-idf\esp_driver_uart\libesp_driver_uart.a[K
[401/1489] Building CXX object esp-idf/cxx/CMakeFiles/__idf_cxx.dir/cxx_guards.cpp.obj[K
[402/1489] Building C object esp-idf/pthread/CMakeFiles/__idf_pthread.dir/pthread_cond_var.c.obj[K
[403/1489] Building C object esp-idf/newlib/CMakeFiles/__idf_newlib.dir/src/abort.c.obj[K
[404/1489] Building C object esp-idf/pthread/CMakeFiles/__idf_pthread.dir/pthread_local_storage.c.obj[K
[405/1489] Linking C static library esp-idf\esp_psram\libesp_psram.a[K
[406/1489] Building C object esp-idf/newlib/CMakeFiles/__idf_newlib.dir/src/init.c.obj[K
[407/1489] Building C object esp-idf/pthread/CMakeFiles/__idf_pthread.dir/pthread_rwlock.c.obj[K
[408/1489] Building C object esp-idf/pthread/CMakeFiles/__idf_pthread.dir/pthread.c.obj[K
[409/1489] Building C object esp-idf/pthread/CMakeFiles/__idf_pthread.dir/pthread_semaphore.c.obj[K
[410/1489] Building C object esp-idf/newlib/CMakeFiles/__idf_newlib.dir/src/assert.c.obj[K
[411/1489] Linking C static library esp-idf\esp_driver_spi\libesp_driver_spi.a[K
[412/1489] Building C object esp-idf/newlib/CMakeFiles/__idf_newlib.dir/src/heap.c.obj[K
[413/1489] Building C object esp-idf/newlib/CMakeFiles/__idf_newlib.dir/src/poll.c.obj[K
[414/1489] Building C object esp-idf/newlib/CMakeFiles/__idf_newlib.dir/src/termios.c.obj[K
[415/1489] Building C object esp-idf/newlib/CMakeFiles/__idf_newlib.dir/src/getentropy.c.obj[K
[416/1489] Building C object esp-idf/newlib/CMakeFiles/__idf_newlib.dir/src/pthread.c.obj[K
[417/1489] Building C object esp-idf/newlib/CMakeFiles/__idf_newlib.dir/src/random.c.obj[K
[418/1489] Building C object esp-idf/newlib/CMakeFiles/__idf_newlib.dir/src/locks.c.obj[K
[419/1489] Linking C static library esp-idf\esp_ringbuf\libesp_ringbuf.a[K
[420/1489] Building C object esp-idf/newlib/CMakeFiles/__idf_newlib.dir/src/stdatomic.c.obj[K
[421/1489] Building C object esp-idf/newlib/CMakeFiles/__idf_newlib.dir/src/time.c.obj[K
[422/1489] Building C object esp-idf/newlib/CMakeFiles/__idf_newlib.dir/src/sysconf.c.obj[K
[423/1489] Linking C static library esp-idf\esp_driver_gptimer\libesp_driver_gptimer.a[K
[424/1489] Building C object esp-idf/newlib/CMakeFiles/__idf_newlib.dir/src/realpath.c.obj[K
[425/1489] Building C object esp-idf/newlib/CMakeFiles/__idf_newlib.dir/src/syscalls.c.obj[K
[426/1489] Building C object esp-idf/newlib/CMakeFiles/__idf_newlib.dir/src/scandir.c.obj[K
[427/1489] Building C object esp-idf/newlib/CMakeFiles/__idf_newlib.dir/src/flockfile.c.obj[K
[428/1489] Building C object esp-idf/newlib/CMakeFiles/__idf_newlib.dir/src/port/esp_time_impl.c.obj[K
[429/1489] Building C object esp-idf/newlib/CMakeFiles/__idf_newlib.dir/src/reent_syscalls.c.obj[K
[430/1489] Building C object esp-idf/newlib/CMakeFiles/__idf_newlib.dir/src/reent_init.c.obj[K
[431/1489] Linking C static library esp-idf\esp_timer\libesp_timer.a[K
[432/1489] Building C object esp-idf/newlib/CMakeFiles/__idf_newlib.dir/src/newlib_init.c.obj[K
[433/1489] Building C object esp-idf/freertos/CMakeFiles/__idf_freertos.dir/app_startup.c.obj[K
[434/1489] Building C object esp-idf/freertos/CMakeFiles/__idf_freertos.dir/heap_idf.c.obj[K
[435/1489] Building C object esp-idf/freertos/CMakeFiles/__idf_freertos.dir/port_common.c.obj[K
[436/1489] Building C object esp-idf/freertos/CMakeFiles/__idf_freertos.dir/port_systick.c.obj[K
[437/1489] Building C object esp-idf/freertos/CMakeFiles/__idf_freertos.dir/FreeRTOS-Kernel/list.c.obj[K
[438/1489] Linking C static library esp-idf\cxx\libcxx.a[K
[439/1489] Building C object esp-idf/freertos/CMakeFiles/__idf_freertos.dir/FreeRTOS-Kernel/queue.c.obj[K
[440/1489] Building C object esp-idf/freertos/CMakeFiles/__idf_freertos.dir/FreeRTOS-Kernel/timers.c.obj[K
[441/1489] Building C object esp-idf/freertos/CMakeFiles/__idf_freertos.dir/FreeRTOS-Kernel/event_groups.c.obj[K
[442/1489] Building ASM object esp-idf/freertos/CMakeFiles/__idf_freertos.dir/FreeRTOS-Kernel/portable/xtensa/portasm.S.obj[K
[443/1489] Linking C static library esp-idf\pthread\libpthread.a[K
[444/1489] Building C object esp-idf/freertos/CMakeFiles/__idf_freertos.dir/FreeRTOS-Kernel/portable/xtensa/xtensa_init.c.obj[K
[445/1489] Building C object esp-idf/freertos/CMakeFiles/__idf_freertos.dir/FreeRTOS-Kernel/tasks.c.obj[K
[446/1489] Building C object esp-idf/freertos/CMakeFiles/__idf_freertos.dir/FreeRTOS-Kernel/portable/xtensa/xtensa_overlay_os_hook.c.obj[K
[447/1489] Building C object esp-idf/freertos/CMakeFiles/__idf_freertos.dir/FreeRTOS-Kernel/stream_buffer.c.obj[K
[448/1489] Building C object esp-idf/freertos/CMakeFiles/__idf_freertos.dir/FreeRTOS-Kernel/portable/xtensa/port.c.obj[K
[449/1489] Building C object esp-idf/freertos/CMakeFiles/__idf_freertos.dir/esp_additions/freertos_compatibility.c.obj[K
[450/1489] Building C object esp-idf/freertos/CMakeFiles/__idf_freertos.dir/esp_additions/idf_additions_event_groups.c.obj[K
[451/1489] Linking C static library esp-idf\newlib\libnewlib.a[K
[452/1489] Building C object esp-idf/freertos/CMakeFiles/__idf_freertos.dir/esp_additions/idf_additions.c.obj[K
[453/1489] Building C object esp-idf/esp_hw_support/CMakeFiles/__idf_esp_hw_support.dir/cpu.c.obj[K
[454/1489] Building C object esp-idf/esp_hw_support/CMakeFiles/__idf_esp_hw_support.dir/port/esp32/esp_cpu_intr.c.obj[K
[455/1489] Building C object esp-idf/esp_hw_support/CMakeFiles/__idf_esp_hw_support.dir/esp_memory_utils.c.obj[K
[456/1489] Building C object esp-idf/esp_hw_support/CMakeFiles/__idf_esp_hw_support.dir/port/esp32/cpu_region_protect.c.obj[K
[457/1489] Building C object esp-idf/esp_hw_support/CMakeFiles/__idf_esp_hw_support.dir/hw_random.c.obj[K
[458/1489] Building C object esp-idf/esp_hw_support/CMakeFiles/__idf_esp_hw_support.dir/revision.c.obj[K
[459/1489] Building C object esp-idf/esp_hw_support/CMakeFiles/__idf_esp_hw_support.dir/mac_addr.c.obj[K
[460/1489] Building C object esp-idf/esp_hw_support/CMakeFiles/__idf_esp_hw_support.dir/esp_clk.c.obj[K
[461/1489] Building C object esp-idf/esp_hw_support/CMakeFiles/__idf_esp_hw_support.dir/esp_gpio_reserve.c.obj[K
[462/1489] Building C object esp-idf/esp_hw_support/CMakeFiles/__idf_esp_hw_support.dir/intr_alloc.c.obj[K
[463/1489] Building C object esp-idf/esp_hw_support/CMakeFiles/__idf_esp_hw_support.dir/clk_ctrl_os.c.obj[K
[464/1489] Building C object esp-idf/esp_hw_support/CMakeFiles/__idf_esp_hw_support.dir/rtc_module.c.obj[K
[465/1489] Building C object esp-idf/esp_hw_support/CMakeFiles/__idf_esp_hw_support.dir/periph_ctrl.c.obj[K
[466/1489] Building C object esp-idf/esp_hw_support/CMakeFiles/__idf_esp_hw_support.dir/port/esp32/io_mux.c.obj[K
[467/1489] Building C object esp-idf/esp_hw_support/CMakeFiles/__idf_esp_hw_support.dir/sar_periph_ctrl_common.c.obj[K
[468/1489] Building C object esp-idf/esp_hw_support/CMakeFiles/__idf_esp_hw_support.dir/regi2c_ctrl.c.obj[K
[469/1489] Building C object esp-idf/esp_hw_support/CMakeFiles/__idf_esp_hw_support.dir/port/esp32/esp_clk_tree.c.obj[K
[470/1489] Building C object esp-idf/esp_hw_support/CMakeFiles/__idf_esp_hw_support.dir/dma/esp_dma_utils.c.obj[K
[471/1489] Building C object esp-idf/esp_hw_support/CMakeFiles/__idf_esp_hw_support.dir/dma/gdma_link.c.obj[K
[472/1489] Building C object esp-idf/esp_hw_support/CMakeFiles/__idf_esp_hw_support.dir/clk_utils.c.obj[K
[473/1489] Building C object esp-idf/esp_hw_support/CMakeFiles/__idf_esp_hw_support.dir/spi_bus_lock.c.obj[K
[474/1489] Building C object esp-idf/esp_hw_support/CMakeFiles/__idf_esp_hw_support.dir/port/esp_clk_tree_common.c.obj[K
[475/1489] Building C object esp-idf/esp_hw_support/CMakeFiles/__idf_esp_hw_support.dir/adc_share_hw_ctrl.c.obj[K
[476/1489] Building C object esp-idf/esp_hw_support/CMakeFiles/__idf_esp_hw_support.dir/sleep_console.c.obj[K
[477/1489] Building C object esp-idf/esp_hw_support/CMakeFiles/__idf_esp_hw_support.dir/spi_share_hw_ctrl.c.obj[K
[478/1489] Building C object esp-idf/esp_hw_support/CMakeFiles/__idf_esp_hw_support.dir/sleep_modem.c.obj[K
[479/1489] Building C object esp-idf/esp_hw_support/CMakeFiles/__idf_esp_hw_support.dir/sleep_mspi.c.obj[K
[480/1489] Building C object esp-idf/esp_hw_support/CMakeFiles/__idf_esp_hw_support.dir/sleep_usb.c.obj[K
[481/1489] Building C object esp-idf/esp_hw_support/CMakeFiles/__idf_esp_hw_support.dir/rtc_wdt.c.obj[K
[482/1489] Building C object esp-idf/esp_hw_support/CMakeFiles/__idf_esp_hw_support.dir/sleep_event.c.obj[K
[483/1489] Building C object esp-idf/esp_hw_support/CMakeFiles/__idf_esp_hw_support.dir/sleep_wake_stub.c.obj[K
[484/1489] Building C object esp-idf/esp_hw_support/CMakeFiles/__idf_esp_hw_support.dir/mspi_timing_tuning/mspi_timing_tuning.c.obj[K
[485/1489] Building C object esp-idf/esp_hw_support/CMakeFiles/__idf_esp_hw_support.dir/esp_clock_output.c.obj[K
[486/1489] Building C object esp-idf/esp_hw_support/CMakeFiles/__idf_esp_hw_support.dir/sleep_gpio.c.obj[K
[487/1489] Building C object esp-idf/esp_hw_support/CMakeFiles/__idf_esp_hw_support.dir/port/esp32/rtc_clk_init.c.obj[K
[488/1489] Building C object esp-idf/esp_hw_support/CMakeFiles/__idf_esp_hw_support.dir/sleep_modes.c.obj[K
[489/1489] Building C object esp-idf/esp_hw_support/CMakeFiles/__idf_esp_hw_support.dir/power_supply/brownout.c.obj[K
[490/1489] Building C object esp-idf/esp_hw_support/CMakeFiles/__idf_esp_hw_support.dir/port/esp32/rtc_init.c.obj[K
[491/1489] Building C object esp-idf/esp_hw_support/CMakeFiles/__idf_esp_hw_support.dir/port/esp32/rtc_clk.c.obj[K
[492/1489] Building C object esp-idf/esp_hw_support/CMakeFiles/__idf_esp_hw_support.dir/port/esp32/chip_info.c.obj[K
[493/1489] Linking C static library esp-idf\freertos\libfreertos.a[K
[494/1489] Building C object esp-idf/esp_hw_support/CMakeFiles/__idf_esp_hw_support.dir/port/esp32/cache_sram_mmu.c.obj[K
[495/1489] Building C object esp-idf/esp_security/CMakeFiles/__idf_esp_security.dir/src/esp_crypto_lock.c.obj[K
[496/1489] Building C object esp-idf/esp_security/CMakeFiles/__idf_esp_security.dir/src/init.c.obj[K
[497/1489] Building C object esp-idf/esp_hw_support/CMakeFiles/__idf_esp_hw_support.dir/port/esp32/rtc_time.c.obj[K
[498/1489] Building C object esp-idf/soc/CMakeFiles/__idf_soc.dir/lldesc.c.obj[K
[499/1489] Building C object esp-idf/esp_hw_support/CMakeFiles/__idf_esp_hw_support.dir/port/esp32/sar_periph_ctrl.c.obj[K
[500/1489] Building C object esp-idf/esp_hw_support/CMakeFiles/__idf_esp_hw_support.dir/port/esp32/rtc_sleep.c.obj[K
[501/1489] Building C object esp-idf/esp_security/CMakeFiles/__idf_esp_security.dir/src/esp_crypto_periph_clk.c.obj[K
[502/1489] Building C object esp-idf/soc/CMakeFiles/__idf_soc.dir/dport_access_common.c.obj[K
[503/1489] Building C object esp-idf/soc/CMakeFiles/__idf_soc.dir/esp32/interrupts.c.obj[K
[504/1489] Building C object esp-idf/soc/CMakeFiles/__idf_soc.dir/esp32/gpio_periph.c.obj[K
[505/1489] Building C object esp-idf/soc/CMakeFiles/__idf_soc.dir/esp32/dport_access.c.obj[K
[506/1489] Building C object esp-idf/soc/CMakeFiles/__idf_soc.dir/esp32/uart_periph.c.obj[K
[507/1489] Building C object esp-idf/soc/CMakeFiles/__idf_soc.dir/esp32/emac_periph.c.obj[K
[508/1489] Linking C static library esp-idf\esp_hw_support\libesp_hw_support.a[K
[509/1489] Building C object esp-idf/soc/CMakeFiles/__idf_soc.dir/esp32/adc_periph.c.obj[K
[510/1489] Building C object esp-idf/soc/CMakeFiles/__idf_soc.dir/esp32/spi_periph.c.obj[K
[511/1489] Building C object esp-idf/soc/CMakeFiles/__idf_soc.dir/esp32/pcnt_periph.c.obj[K
[512/1489] Building C object esp-idf/soc/CMakeFiles/__idf_soc.dir/esp32/ledc_periph.c.obj[K
[513/1489] Building C object esp-idf/soc/CMakeFiles/__idf_soc.dir/esp32/sdm_periph.c.obj[K
[514/1489] Building C object esp-idf/soc/CMakeFiles/__idf_soc.dir/esp32/rmt_periph.c.obj[K
[515/1489] Building C object esp-idf/soc/CMakeFiles/__idf_soc.dir/esp32/i2c_periph.c.obj[K
[516/1489] Building C object esp-idf/soc/CMakeFiles/__idf_soc.dir/esp32/i2s_periph.c.obj[K
[517/1489] Building C object esp-idf/soc/CMakeFiles/__idf_soc.dir/esp32/mcpwm_periph.c.obj[K
[518/1489] Building C object esp-idf/soc/CMakeFiles/__idf_soc.dir/esp32/lcd_periph.c.obj[K
[519/1489] Building C object esp-idf/soc/CMakeFiles/__idf_soc.dir/esp32/timer_periph.c.obj[K
[520/1489] Building C object esp-idf/soc/CMakeFiles/__idf_soc.dir/esp32/touch_sensor_periph.c.obj[K
[521/1489] Building C object esp-idf/soc/CMakeFiles/__idf_soc.dir/esp32/mpi_periph.c.obj[K
[522/1489] Building C object esp-idf/soc/CMakeFiles/__idf_soc.dir/esp32/sdmmc_periph.c.obj[K
[523/1489] Building C object esp-idf/soc/CMakeFiles/__idf_soc.dir/esp32/twai_periph.c.obj[K
[524/1489] Building C object esp-idf/soc/CMakeFiles/__idf_soc.dir/esp32/wdt_periph.c.obj[K
[525/1489] Linking C static library esp-idf\esp_security\libesp_security.a[K
[526/1489] Building C object esp-idf/soc/CMakeFiles/__idf_soc.dir/esp32/dac_periph.c.obj[K
[527/1489] Building C object esp-idf/soc/CMakeFiles/__idf_soc.dir/esp32/power_supply_periph.c.obj[K
[528/1489] Building C object esp-idf/soc/CMakeFiles/__idf_soc.dir/esp32/rtc_io_periph.c.obj[K
[529/1489] Building C object esp-idf/soc/CMakeFiles/__idf_soc.dir/esp32/sdio_slave_periph.c.obj[K
[530/1489] Building C object esp-idf/heap/CMakeFiles/__idf_heap.dir/heap_caps_base.c.obj[K
[531/1489] Building C object esp-idf/heap/CMakeFiles/__idf_heap.dir/port/esp32/memory_layout.c.obj[K
[532/1489] Building C object esp-idf/heap/CMakeFiles/__idf_heap.dir/heap_caps_init.c.obj[K
[533/1489] Building C object esp-idf/heap/CMakeFiles/__idf_heap.dir/port/memory_layout_utils.c.obj[K
[534/1489] Building C object esp-idf/heap/CMakeFiles/__idf_heap.dir/heap_caps.c.obj[K
[535/1489] Building C object esp-idf/log/CMakeFiles/__idf_log.dir/src/os/log_timestamp.c.obj[K
[536/1489] Linking C static library esp-idf\soc\libsoc.a[K
[537/1489] Building C object esp-idf/heap/CMakeFiles/__idf_heap.dir/multi_heap.c.obj[K
[538/1489] Building C object esp-idf/log/CMakeFiles/__idf_log.dir/src/log_timestamp_common.c.obj[K
[539/1489] Building C object esp-idf/log/CMakeFiles/__idf_log.dir/src/util.c.obj[K
[540/1489] Building C object esp-idf/heap/CMakeFiles/__idf_heap.dir/tlsf/tlsf.c.obj[K
[541/1489] Building C object esp-idf/log/CMakeFiles/__idf_log.dir/src/log_format_text.c.obj[K
[542/1489] Building C object esp-idf/log/CMakeFiles/__idf_log.dir/src/buffer/log_buffers.c.obj[K
[543/1489] Building C object esp-idf/log/CMakeFiles/__idf_log.dir/src/os/log_lock.c.obj[K
[544/1489] Building C object esp-idf/log/CMakeFiles/__idf_log.dir/src/os/util.c.obj[K
[545/1489] Building C object esp-idf/log/CMakeFiles/__idf_log.dir/src/log.c.obj[K
[546/1489] Building C object esp-idf/log/CMakeFiles/__idf_log.dir/src/log_print.c.obj[K
[547/1489] Building C object esp-idf/log/CMakeFiles/__idf_log.dir/src/os/log_write.c.obj[K
[548/1489] Building C object esp-idf/log/CMakeFiles/__idf_log.dir/src/log_level/log_level.c.obj[K
[549/1489] Building C object esp-idf/hal/CMakeFiles/__idf_hal.dir/hal_utils.c.obj[K
[550/1489] Building C object esp-idf/log/CMakeFiles/__idf_log.dir/src/log_level/tag_log_level/tag_log_level.c.obj[K
[551/1489] Linking C static library esp-idf\heap\libheap.a[K
[552/1489] Building C object esp-idf/hal/CMakeFiles/__idf_hal.dir/mpu_hal.c.obj[K
[553/1489] Building C object esp-idf/hal/CMakeFiles/__idf_hal.dir/efuse_hal.c.obj[K
[554/1489] Building C object esp-idf/hal/CMakeFiles/__idf_hal.dir/mmu_hal.c.obj[K
[555/1489] Building C object esp-idf/hal/CMakeFiles/__idf_hal.dir/esp32/efuse_hal.c.obj[K
[556/1489] Building C object esp-idf/hal/CMakeFiles/__idf_hal.dir/wdt_hal_iram.c.obj[K
[557/1489] Building C object esp-idf/hal/CMakeFiles/__idf_hal.dir/color_hal.c.obj[K
[558/1489] Building C object esp-idf/hal/CMakeFiles/__idf_hal.dir/spi_flash_encrypt_hal_iram.c.obj[K
[559/1489] Building C object esp-idf/hal/CMakeFiles/__idf_hal.dir/esp32/cache_hal_esp32.c.obj[K
[560/1489] Building C object esp-idf/hal/CMakeFiles/__idf_hal.dir/spi_flash_hal.c.obj[K
[561/1489] Building C object esp-idf/hal/CMakeFiles/__idf_hal.dir/rtc_io_hal.c.obj[K
[562/1489] Building C object esp-idf/hal/CMakeFiles/__idf_hal.dir/esp32/clk_tree_hal.c.obj[K
[563/1489] Building C object esp-idf/hal/CMakeFiles/__idf_hal.dir/uart_hal.c.obj[K
[564/1489] Building C object esp-idf/hal/CMakeFiles/__idf_hal.dir/spi_flash_hal_iram.c.obj[K
[565/1489] Building C object esp-idf/hal/CMakeFiles/__idf_hal.dir/uart_hal_iram.c.obj[K
[566/1489] Building C object esp-idf/hal/CMakeFiles/__idf_hal.dir/gpio_hal.c.obj[K
[567/1489] Building C object esp-idf/hal/CMakeFiles/__idf_hal.dir/ledc_hal.c.obj[K
[568/1489] Building C object esp-idf/hal/CMakeFiles/__idf_hal.dir/timer_hal.c.obj[K
[569/1489] Building C object esp-idf/hal/CMakeFiles/__idf_hal.dir/ledc_hal_iram.c.obj[K
[570/1489] Building C object esp-idf/hal/CMakeFiles/__idf_hal.dir/i2c_hal.c.obj[K
[571/1489] Building C object esp-idf/hal/CMakeFiles/__idf_hal.dir/pcnt_hal.c.obj[K
[572/1489] Building C object esp-idf/hal/CMakeFiles/__idf_hal.dir/i2c_hal_iram.c.obj[K
[573/1489] Building C object esp-idf/hal/CMakeFiles/__idf_hal.dir/mcpwm_hal.c.obj[K
[574/1489] Building C object esp-idf/hal/CMakeFiles/__idf_hal.dir/rmt_hal.c.obj[K
[575/1489] Building C object esp-idf/hal/CMakeFiles/__idf_hal.dir/sdm_hal.c.obj[K
[576/1489] Building C object esp-idf/hal/CMakeFiles/__idf_hal.dir/i2s_hal.c.obj[K
[577/1489] Building C object esp-idf/hal/CMakeFiles/__idf_hal.dir/sdmmc_hal.c.obj[K
[578/1489] Building C object esp-idf/hal/CMakeFiles/__idf_hal.dir/twai_hal_v1.c.obj[K
[579/1489] Building C object esp-idf/hal/CMakeFiles/__idf_hal.dir/adc_hal_common.c.obj[K
[580/1489] Building C object esp-idf/hal/CMakeFiles/__idf_hal.dir/emac_hal.c.obj[K
[581/1489] Building C object esp-idf/hal/CMakeFiles/__idf_hal.dir/mpi_hal.c.obj[K
[582/1489] Building C object esp-idf/hal/CMakeFiles/__idf_hal.dir/adc_oneshot_hal.c.obj[K
[583/1489] Building C object esp-idf/hal/CMakeFiles/__idf_hal.dir/brownout_hal.c.obj[K
[584/1489] Building C object esp-idf/hal/CMakeFiles/__idf_hal.dir/sha_hal.c.obj[K
[585/1489] Building C object esp-idf/hal/CMakeFiles/__idf_hal.dir/aes_hal.c.obj[K
[586/1489] Building C object esp-idf/hal/CMakeFiles/__idf_hal.dir/spi_hal.c.obj[K
[587/1489] Building C object esp-idf/hal/CMakeFiles/__idf_hal.dir/adc_hal.c.obj[K
[588/1489] Building C object esp-idf/hal/CMakeFiles/__idf_hal.dir/spi_slave_hal.c.obj[K
[589/1489] Building C object esp-idf/hal/CMakeFiles/__idf_hal.dir/spi_hal_iram.c.obj[K
[590/1489] Building C object esp-idf/hal/CMakeFiles/__idf_hal.dir/spi_slave_hal_iram.c.obj[K
[591/1489] Building C object esp-idf/hal/CMakeFiles/__idf_hal.dir/esp32/touch_sensor_hal.c.obj[K
[592/1489] Building C object esp-idf/hal/CMakeFiles/__idf_hal.dir/touch_sensor_hal.c.obj[K
[593/1489] Building C object esp-idf/hal/CMakeFiles/__idf_hal.dir/touch_sens_hal.c.obj[K
[594/1489] Building C object esp-idf/hal/CMakeFiles/__idf_hal.dir/sdio_slave_hal.c.obj[K
[595/1489] Building C object esp-idf/hal/CMakeFiles/__idf_hal.dir/esp32/gpio_hal_workaround.c.obj[K
[596/1489] Building C object esp-idf/esp_rom/CMakeFiles/__idf_esp_rom.dir/patches/esp_rom_sys.c.obj[K
[597/1489] Building C object esp-idf/esp_rom/CMakeFiles/__idf_esp_rom.dir/patches/esp_rom_crc.c.obj[K
[598/1489] Linking C static library esp-idf\log\liblog.a[K
[599/1489] Building C object esp-idf/esp_rom/CMakeFiles/__idf_esp_rom.dir/patches/esp_rom_print.c.obj[K
[600/1489] Building C object esp-idf/esp_rom/CMakeFiles/__idf_esp_rom.dir/patches/esp_rom_uart.c.obj[K
[601/1489] Building C object esp-idf/esp_rom/CMakeFiles/__idf_esp_rom.dir/patches/esp_rom_efuse.c.obj[K
[602/1489] Building C object esp-idf/esp_rom/CMakeFiles/__idf_esp_rom.dir/patches/esp_rom_gpio.c.obj[K
[603/1489] Building ASM object esp-idf/esp_rom/CMakeFiles/__idf_esp_rom.dir/patches/esp_rom_longjmp.S.obj[K
[604/1489] Linking C static library esp-idf\hal\libhal.a[K
[605/1489] Building C object esp-idf/esp_rom/CMakeFiles/__idf_esp_rom.dir/patches/esp_rom_spiflash.c.obj[K
[606/1489] Building C object esp-idf/esp_system/CMakeFiles/__idf_esp_system.dir/esp_err.c.obj[K
[607/1489] Building C object esp-idf/esp_system/CMakeFiles/__idf_esp_system.dir/esp_system_console.c.obj[K
[608/1489] Building C object esp-idf/esp_system/CMakeFiles/__idf_esp_system.dir/esp_ipc.c.obj[K
[609/1489] Building C object esp-idf/esp_system/CMakeFiles/__idf_esp_system.dir/crosscore_int.c.obj[K
[610/1489] Building C object esp-idf/esp_system/CMakeFiles/__idf_esp_system.dir/freertos_hooks.c.obj[K
[611/1489] Linking C static library esp-idf\esp_rom\libesp_rom.a[K
[612/1489] Building C object esp-idf/esp_system/CMakeFiles/__idf_esp_system.dir/panic.c.obj[K
[613/1489] Building C object esp-idf/esp_system/CMakeFiles/__idf_esp_system.dir/int_wdt.c.obj[K
[614/1489] Building C object esp-idf/esp_system/CMakeFiles/__idf_esp_system.dir/esp_system.c.obj[K
[615/1489] Building C object esp-idf/esp_system/CMakeFiles/__idf_esp_system.dir/startup.c.obj[K
[616/1489] Building C object esp-idf/esp_system/CMakeFiles/__idf_esp_system.dir/stack_check.c.obj[K
[617/1489] Building C object esp-idf/esp_system/CMakeFiles/__idf_esp_system.dir/system_time.c.obj[K
[618/1489] Building C object esp-idf/esp_system/CMakeFiles/__idf_esp_system.dir/ubsan.c.obj[K
[619/1489] Building C object esp-idf/esp_system/CMakeFiles/__idf_esp_system.dir/xt_wdt.c.obj[K
[620/1489] Building C object esp-idf/esp_common/CMakeFiles/__idf_esp_common.dir/src/esp_err_to_name.c.obj[K
[621/1489] Building C object esp-idf/esp_system/CMakeFiles/__idf_esp_system.dir/startup_funcs.c.obj[K
[622/1489] Building C object esp-idf/esp_system/CMakeFiles/__idf_esp_system.dir/task_wdt/task_wdt_impl_timergroup.c.obj[K
[623/1489] Building C object esp-idf/esp_system/CMakeFiles/__idf_esp_system.dir/task_wdt/task_wdt.c.obj[K
[624/1489] Building C object esp-idf/esp_system/CMakeFiles/__idf_esp_system.dir/port/panic_handler.c.obj[K
[625/1489] Building C object esp-idf/esp_system/CMakeFiles/__idf_esp_system.dir/port/image_process.c.obj[K
[626/1489] Building ASM object esp-idf/esp_system/CMakeFiles/__idf_esp_system.dir/port/arch/xtensa/esp_ipc_isr_handler.S.obj[K
[627/1489] Building C object esp-idf/esp_system/CMakeFiles/__idf_esp_system.dir/port/esp_system_chip.c.obj[K
[628/1489] Building C object esp-idf/esp_system/CMakeFiles/__idf_esp_system.dir/port/arch/xtensa/esp_ipc_isr_port.c.obj[K
[629/1489] Building ASM object esp-idf/esp_system/CMakeFiles/__idf_esp_system.dir/port/arch/xtensa/esp_ipc_isr_routines.S.obj[K
[630/1489] Building C object esp-idf/esp_system/CMakeFiles/__idf_esp_system.dir/port/cpu_start.c.obj[K
[631/1489] Building C object esp-idf/esp_system/CMakeFiles/__idf_esp_system.dir/port/esp_ipc_isr.c.obj[K
[632/1489] Building ASM object esp-idf/esp_system/CMakeFiles/__idf_esp_system.dir/port/arch/xtensa/panic_handler_asm.S.obj[K
[633/1489] Building ASM object esp-idf/esp_system/CMakeFiles/__idf_esp_system.dir/port/arch/xtensa/expression_with_stack_asm.S.obj[K
[634/1489] Building ASM object esp-idf/esp_system/CMakeFiles/__idf_esp_system.dir/port/arch/xtensa/debug_helpers_asm.S.obj[K
[635/1489] Building C object esp-idf/esp_system/CMakeFiles/__idf_esp_system.dir/port/arch/xtensa/panic_arch.c.obj[K
[636/1489] Building C object esp-idf/esp_system/CMakeFiles/__idf_esp_system.dir/port/arch/xtensa/debug_stubs.c.obj[K
[637/1489] Building ASM object esp-idf/esp_system/CMakeFiles/__idf_esp_system.dir/port/soc/esp32/highint_hdl.S.obj[K
[638/1489] Building C object esp-idf/esp_system/CMakeFiles/__idf_esp_system.dir/port/arch/xtensa/debug_helpers.c.obj[K
[639/1489] Building C object esp-idf/esp_system/CMakeFiles/__idf_esp_system.dir/port/arch/xtensa/expression_with_stack.c.obj[K
[640/1489] Building C object esp-idf/esp_system/CMakeFiles/__idf_esp_system.dir/port/arch/xtensa/trax.c.obj[K
[641/1489] Building C object esp-idf/esp_system/CMakeFiles/__idf_esp_system.dir/port/soc/esp32/reset_reason.c.obj[K
[642/1489] Building C object esp-idf/esp_system/CMakeFiles/__idf_esp_system.dir/port/soc/esp32/cache_err_int.c.obj[K
[643/1489] Linking C static library esp-idf\esp_common\libesp_common.a[K
[644/1489] Building C object esp-idf/spi_flash/CMakeFiles/__idf_spi_flash.dir/flash_brownout_hook.c.obj[K
[645/1489] Building C object esp-idf/esp_system/CMakeFiles/__idf_esp_system.dir/port/soc/esp32/system_internal.c.obj[K
[646/1489] Building C object esp-idf/esp_system/CMakeFiles/__idf_esp_system.dir/port/soc/esp32/clk.c.obj[K
[647/1489] Building C object esp-idf/spi_flash/CMakeFiles/__idf_spi_flash.dir/spi_flash_chip_issi.c.obj[K
[648/1489] Building C object esp-idf/spi_flash/CMakeFiles/__idf_spi_flash.dir/spi_flash_chip_mxic.c.obj[K
[649/1489] Building C object esp-idf/spi_flash/CMakeFiles/__idf_spi_flash.dir/spi_flash_chip_drivers.c.obj[K
[650/1489] Building C object esp-idf/spi_flash/CMakeFiles/__idf_spi_flash.dir/spi_flash_chip_boya.c.obj[K
[651/1489] Building C object esp-idf/spi_flash/CMakeFiles/__idf_spi_flash.dir/spi_flash_chip_generic.c.obj[K
[652/1489] Building C object esp-idf/spi_flash/CMakeFiles/__idf_spi_flash.dir/spi_flash_chip_gd.c.obj[K
[653/1489] Building C object esp-idf/spi_flash/CMakeFiles/__idf_spi_flash.dir/spi_flash_chip_winbond.c.obj[K
[654/1489] Building C object esp-idf/spi_flash/CMakeFiles/__idf_spi_flash.dir/spi_flash_chip_mxic_opi.c.obj[K
[655/1489] Building C object esp-idf/spi_flash/CMakeFiles/__idf_spi_flash.dir/spi_flash_chip_th.c.obj[K
[656/1489] Building C object esp-idf/spi_flash/CMakeFiles/__idf_spi_flash.dir/memspi_host_driver.c.obj[K
[657/1489] Building C object esp-idf/spi_flash/CMakeFiles/__idf_spi_flash.dir/flash_mmap.c.obj[K
[658/1489] Building C object esp-idf/spi_flash/CMakeFiles/__idf_spi_flash.dir/cache_utils.c.obj[K
[659/1489] Building C object esp-idf/spi_flash/CMakeFiles/__idf_spi_flash.dir/flash_ops.c.obj[K
[660/1489] Building C object esp-idf/spi_flash/CMakeFiles/__idf_spi_flash.dir/spi_flash_wrap.c.obj[K
[661/1489] Linking C static library esp-idf\esp_system\libesp_system.a[K
[662/1489] Building C object esp-idf/spi_flash/CMakeFiles/__idf_spi_flash.dir/spi_flash_os_func_noos.c.obj[K
[663/1489] Building C object esp-idf/spi_flash/CMakeFiles/__idf_spi_flash.dir/spi_flash_os_func_app.c.obj[K
[664/1489] Building C object esp-idf/spi_flash/CMakeFiles/__idf_spi_flash.dir/esp_flash_api.c.obj[K
[665/1489] Building C object esp-idf/spi_flash/CMakeFiles/__idf_spi_flash.dir/esp_flash_spi_init.c.obj[K
[666/1489] Building C object esp-idf/esp_mm/CMakeFiles/__idf_esp_mm.dir/port/esp32/ext_mem_layout.c.obj[K
[667/1489] Building C object esp-idf/esp_mm/CMakeFiles/__idf_esp_mm.dir/esp_mmu_map.c.obj[K
[668/1489] Building C object esp-idf/esp_mm/CMakeFiles/__idf_esp_mm.dir/cache_esp32.c.obj[K
[669/1489] Building C object esp-idf/esp_mm/CMakeFiles/__idf_esp_mm.dir/esp_cache_msync.c.obj[K
[670/1489] Building C object esp-idf/esp_mm/CMakeFiles/__idf_esp_mm.dir/esp_cache_utils.c.obj[K
[671/1489] Linking C static library esp-idf\spi_flash\libspi_flash.a[K
[672/1489] Building C object esp-idf/esp_mm/CMakeFiles/__idf_esp_mm.dir/heap_align_hw.c.obj[K
[673/1489] Building C object esp-idf/bootloader_support/CMakeFiles/__idf_bootloader_support.dir/src/bootloader_clock_init.c.obj[K
[674/1489] Building C object esp-idf/bootloader_support/CMakeFiles/__idf_bootloader_support.dir/src/bootloader_common_loader.c.obj[K
[675/1489] Building C object esp-idf/bootloader_support/CMakeFiles/__idf_bootloader_support.dir/src/bootloader_common.c.obj[K
[676/1489] Building C object esp-idf/bootloader_support/CMakeFiles/__idf_bootloader_support.dir/src/bootloader_mem.c.obj[K
[677/1489] Building C object esp-idf/bootloader_support/CMakeFiles/__idf_bootloader_support.dir/src/bootloader_efuse.c.obj[K
[678/1489] Building C object esp-idf/bootloader_support/CMakeFiles/__idf_bootloader_support.dir/src/bootloader_random.c.obj[K
[679/1489] Building C object esp-idf/bootloader_support/CMakeFiles/__idf_bootloader_support.dir/src/flash_encrypt.c.obj[K
[680/1489] Building C object esp-idf/bootloader_support/CMakeFiles/__idf_bootloader_support.dir/src/secure_boot.c.obj[K
[681/1489] Building C object esp-idf/bootloader_support/CMakeFiles/__idf_bootloader_support.dir/src/bootloader_random_esp32.c.obj[K
[682/1489] Building C object esp-idf/bootloader_support/CMakeFiles/__idf_bootloader_support.dir/bootloader_flash/src/bootloader_flash.c.obj[K
[683/1489] Building C object esp-idf/bootloader_support/CMakeFiles/__idf_bootloader_support.dir/src/flash_partitions.c.obj[K
[684/1489] Building C object esp-idf/bootloader_support/CMakeFiles/__idf_bootloader_support.dir/bootloader_flash/src/flash_qio_mode.c.obj[K
[685/1489] Building C object esp-idf/bootloader_support/CMakeFiles/__idf_bootloader_support.dir/src/esp32/secure_boot_secure_features.c.obj[K
[686/1489] Linking C static library esp-idf\esp_mm\libesp_mm.a[K
[687/1489] Building C object esp-idf/bootloader_support/CMakeFiles/__idf_bootloader_support.dir/src/bootloader_sha.c.obj[K
[688/1489] Building C object esp-idf/bootloader_support/CMakeFiles/__idf_bootloader_support.dir/src/esp_image_format.c.obj[K
[689/1489] Building C object esp-idf/bootloader_support/CMakeFiles/__idf_bootloader_support.dir/bootloader_flash/src/bootloader_flash_config_esp32.c.obj[K
[690/1489] Building C object esp-idf/efuse/CMakeFiles/__idf_efuse.dir/esp32/esp_efuse_table.c.obj[K
[691/1489] Building C object esp-idf/bootloader_support/CMakeFiles/__idf_bootloader_support.dir/src/bootloader_utility.c.obj[K
[692/1489] Building C object esp-idf/efuse/CMakeFiles/__idf_efuse.dir/esp32/esp_efuse_fields.c.obj[K
[693/1489] Building C object esp-idf/efuse/CMakeFiles/__idf_efuse.dir/esp32/esp_efuse_utility.c.obj[K
[694/1489] Building C object esp-idf/efuse/CMakeFiles/__idf_efuse.dir/src/esp_efuse_fields.c.obj[K
[695/1489] Building C object esp-idf/efuse/CMakeFiles/__idf_efuse.dir/src/esp_efuse_utility.c.obj[K
[696/1489] Building C object esp-idf/efuse/CMakeFiles/__idf_efuse.dir/src/efuse_controller/keys/without_key_purposes/three_key_blocks/esp_efuse_api_key.c.obj[K
[697/1489] Building C object esp-idf/esp_partition/CMakeFiles/__idf_esp_partition.dir/partition_target.c.obj[K
[698/1489] Building C object esp-idf/efuse/CMakeFiles/__idf_efuse.dir/src/esp_efuse_api.c.obj[K
[699/1489] Building C object esp-idf/efuse/CMakeFiles/__idf_efuse.dir/src/esp_efuse_startup.c.obj[K
[700/1489] Linking C static library esp-idf\bootloader_support\libbootloader_support.a[K
[701/1489] Building C object esp-idf/esp_partition/CMakeFiles/__idf_esp_partition.dir/partition.c.obj[K
[702/1489] Building C object esp-idf/app_update/CMakeFiles/__idf_app_update.dir/esp_ota_app_desc.c.obj[K
[703/1489] Building C object esp-idf/esp_bootloader_format/CMakeFiles/__idf_esp_bootloader_format.dir/esp_bootloader_desc.c.obj[K
[704/1489] Building C object esp-idf/mbedtls/mbedtls/library/CMakeFiles/mbedtls.dir/debug.c.obj[K
[705/1489] Linking C static library esp-idf\efuse\libefuse.a[K
[706/1489] Building C object esp-idf/mbedtls/mbedtls/library/CMakeFiles/mbedtls.dir/mps_trace.c.obj[K
[707/1489] Building C object esp-idf/esp_app_format/CMakeFiles/__idf_esp_app_format.dir/esp_app_desc.c.obj[K
[708/1489] Building C object esp-idf/mbedtls/mbedtls/library/CMakeFiles/mbedtls.dir/mps_reader.c.obj[K
[709/1489] Building C object esp-idf/app_update/CMakeFiles/__idf_app_update.dir/esp_ota_ops.c.obj[K
[710/1489] Linking C static library esp-idf\esp_partition\libesp_partition.a[K
[711/1489] Building C object esp-idf/mbedtls/mbedtls/library/CMakeFiles/mbedtls.dir/ssl_ciphersuites.c.obj[K
[712/1489] Building C object esp-idf/mbedtls/mbedtls/library/CMakeFiles/mbedtls.dir/ssl_cache.c.obj[K
[713/1489] Building C object esp-idf/mbedtls/mbedtls/library/CMakeFiles/mbedtls.dir/ssl_client.c.obj[K
[714/1489] Building C object esp-idf/mbedtls/mbedtls/library/CMakeFiles/mbedtls.dir/ssl_debug_helpers_generated.c.obj[K
[715/1489] Building C object esp-idf/mbedtls/mbedtls/library/CMakeFiles/mbedtls.dir/ssl_cookie.c.obj[K
[716/1489] Linking C static library esp-idf\app_update\libapp_update.a[K
[717/1489] Building C object esp-idf/mbedtls/mbedtls/library/CMakeFiles/mbedtls.dir/ssl_ticket.c.obj[K
[718/1489] Building C object esp-idf/mbedtls/mbedtls/library/CMakeFiles/mbedtls.dir/ssl_tls13_keys.c.obj[K
[719/1489] Building C object esp-idf/mbedtls/mbedtls/library/CMakeFiles/mbedtls.dir/ssl_tls13_server.c.obj[K
[720/1489] Linking C static library esp-idf\esp_bootloader_format\libesp_bootloader_format.a[K
[721/1489] Building C object esp-idf/mbedtls/mbedtls/library/CMakeFiles/mbedtls.dir/ssl_msg.c.obj[K
[722/1489] Building C object esp-idf/mbedtls/mbedtls/library/CMakeFiles/mbedtls.dir/ssl_tls13_client.c.obj[K
[723/1489] Building C object esp-idf/mbedtls/mbedtls/library/CMakeFiles/mbedtls.dir/ssl_tls13_generic.c.obj[K
[724/1489] Building C object esp-idf/mbedtls/mbedtls/library/CMakeFiles/mbedtls.dir/ssl_tls12_client.c.obj[K
[725/1489] Building C object esp-idf/mbedtls/mbedtls/library/CMakeFiles/mbedtls.dir/ssl_tls12_server.c.obj[K
[726/1489] Building C object esp-idf/mbedtls/mbedtls/library/CMakeFiles/mbedtls.dir/ssl_tls.c.obj[K
[727/1489] Linking C static library esp-idf\esp_app_format\libesp_app_format.a[K
[728/1489] Building C object esp-idf/mbedtls/mbedtls/library/CMakeFiles/mbedtls.dir/C_/Users/NTM/AppData/Local/esphome/Cache/idf/frameworks/5.5.5/components/mbedtls/port/esp_platform_time.c.obj[K
[729/1489] Building C object esp-idf/mbedtls/mbedtls/library/CMakeFiles/mbedtls.dir/C_/Users/NTM/AppData/Local/esphome/Cache/idf/frameworks/5.5.5/components/mbedtls/port/mbedtls_debug.c.obj[K
[730/1489] Building C object esp-idf/mbedtls/mbedtls/library/CMakeFiles/mbedx509.dir/pkcs7.c.obj[K
[731/1489] Building C object esp-idf/mbedtls/mbedtls/library/CMakeFiles/mbedx509.dir/x509_create.c.obj[K
[732/1489] Building C object esp-idf/mbedtls/mbedtls/library/CMakeFiles/mbedx509.dir/x509_crl.c.obj[K
[733/1489] Building C object esp-idf/mbedtls/mbedtls/library/CMakeFiles/mbedx509.dir/x509.c.obj[K
[734/1489] Building C object esp-idf/mbedtls/mbedtls/library/CMakeFiles/mbedtls.dir/C_/Users/NTM/AppData/Local/esphome/Cache/idf/frameworks/5.5.5/components/mbedtls/port/net_sockets.c.obj[K
[735/1489] Building C object esp-idf/mbedtls/mbedtls/library/CMakeFiles/mbedx509.dir/x509_csr.c.obj[K
[736/1489] Building C object esp-idf/mbedtls/mbedtls/library/CMakeFiles/mbedx509.dir/x509write.c.obj[K
[737/1489] Building C object esp-idf/mbedtls/mbedtls/library/CMakeFiles/mbedx509.dir/x509write_csr.c.obj[K
[738/1489] Building C object esp-idf/mbedtls/mbedtls/library/CMakeFiles/mbedx509.dir/x509write_crt.c.obj[K
[739/1489] Building C object esp-idf/mbedtls/mbedtls/library/CMakeFiles/mbedcrypto.dir/aesni.c.obj[K
[740/1489] Building C object esp-idf/mbedtls/mbedtls/library/CMakeFiles/mbedcrypto.dir/aes.c.obj[K
[741/1489] Building C object esp-idf/mbedtls/mbedtls/library/CMakeFiles/mbedcrypto.dir/aesce.c.obj[K
[742/1489] Linking CXX static library esp-idf\mbedtls\mbedtls\library\libmbedtls.a[K
[743/1489] Building C object esp-idf/mbedtls/mbedtls/library/CMakeFiles/mbedx509.dir/x509_crt.c.obj[K
[744/1489] Building C object esp-idf/mbedtls/mbedtls/library/CMakeFiles/mbedcrypto.dir/asn1write.c.obj[K
[745/1489] Building C object esp-idf/mbedtls/mbedtls/library/CMakeFiles/mbedcrypto.dir/asn1parse.c.obj[K
[746/1489] Building C object esp-idf/mbedtls/mbedtls/library/CMakeFiles/mbedcrypto.dir/aria.c.obj[K
[747/1489] Building C object esp-idf/mbedtls/mbedtls/library/CMakeFiles/mbedcrypto.dir/bignum_mod.c.obj[K
[748/1489] Building C object esp-idf/mbedtls/mbedtls/library/CMakeFiles/mbedcrypto.dir/bignum_mod_raw.c.obj[K
[749/1489] Building C object esp-idf/mbedtls/mbedtls/library/CMakeFiles/mbedcrypto.dir/base64.c.obj[K
[750/1489] Building C object esp-idf/mbedtls/mbedtls/library/CMakeFiles/mbedcrypto.dir/block_cipher.c.obj[K
[751/1489] Building C object esp-idf/mbedtls/mbedtls/library/CMakeFiles/mbedcrypto.dir/camellia.c.obj[K
[752/1489] Building C object esp-idf/mbedtls/mbedtls/library/CMakeFiles/mbedcrypto.dir/bignum_core.c.obj[K
[753/1489] Building C object esp-idf/mbedtls/mbedtls/library/CMakeFiles/mbedcrypto.dir/chacha20.c.obj[K
[754/1489] Building C object esp-idf/mbedtls/mbedtls/library/CMakeFiles/mbedcrypto.dir/bignum.c.obj[K
[755/1489] Building C object esp-idf/mbedtls/mbedtls/library/CMakeFiles/mbedcrypto.dir/chachapoly.c.obj[K
[756/1489] Building C object esp-idf/mbedtls/mbedtls/library/CMakeFiles/mbedcrypto.dir/ccm.c.obj[K
[757/1489] Building C object esp-idf/mbedtls/mbedtls/library/CMakeFiles/mbedcrypto.dir/constant_time.c.obj[K
[758/1489] Building C object esp-idf/mbedtls/mbedtls/library/CMakeFiles/mbedcrypto.dir/cipher_wrap.c.obj[K
[759/1489] Building C object esp-idf/mbedtls/mbedtls/library/CMakeFiles/mbedcrypto.dir/des.c.obj[K
[760/1489] Building C object esp-idf/mbedtls/mbedtls/library/CMakeFiles/mbedcrypto.dir/dhm.c.obj[K
[761/1489] Building C object esp-idf/mbedtls/mbedtls/library/CMakeFiles/mbedcrypto.dir/ctr_drbg.c.obj[K
[762/1489] Building C object esp-idf/mbedtls/mbedtls/library/CMakeFiles/mbedcrypto.dir/cipher.c.obj[K
[763/1489] Building C object esp-idf/mbedtls/mbedtls/library/CMakeFiles/mbedcrypto.dir/cmac.c.obj[K
[764/1489] Building C object esp-idf/mbedtls/mbedtls/library/CMakeFiles/mbedcrypto.dir/ecdh.c.obj[K
[765/1489] Building C object esp-idf/mbedtls/mbedtls/library/CMakeFiles/mbedcrypto.dir/ecjpake.c.obj[K
[766/1489] Building C object esp-idf/mbedtls/mbedtls/library/CMakeFiles/mbedcrypto.dir/ecdsa.c.obj[K
[767/1489] Building C object esp-idf/mbedtls/mbedtls/library/CMakeFiles/mbedcrypto.dir/ecp_curves_new.c.obj[K
[768/1489] Building C object esp-idf/mbedtls/mbedtls/library/CMakeFiles/mbedcrypto.dir/entropy_poll.c.obj[K
[769/1489] Building C object esp-idf/mbedtls/mbedtls/library/CMakeFiles/mbedcrypto.dir/hkdf.c.obj[K
[770/1489] Building C object esp-idf/mbedtls/mbedtls/library/CMakeFiles/mbedcrypto.dir/ecp_curves.c.obj[K
[771/1489] Building C object esp-idf/mbedtls/mbedtls/library/CMakeFiles/mbedcrypto.dir/entropy.c.obj[K
[772/1489] Building C object esp-idf/mbedtls/mbedtls/library/CMakeFiles/mbedcrypto.dir/ecp.c.obj[K
[773/1489] Building C object esp-idf/mbedtls/mbedtls/library/CMakeFiles/mbedcrypto.dir/error.c.obj[K
[774/1489] Building C object esp-idf/mbedtls/mbedtls/library/CMakeFiles/mbedcrypto.dir/hmac_drbg.c.obj[K
[775/1489] Building C object esp-idf/mbedtls/mbedtls/library/CMakeFiles/mbedcrypto.dir/lmots.c.obj[K
[776/1489] Building C object esp-idf/mbedtls/mbedtls/library/CMakeFiles/mbedcrypto.dir/gcm.c.obj[K
[777/1489] Building C object esp-idf/mbedtls/mbedtls/library/CMakeFiles/mbedcrypto.dir/lms.c.obj[K
[778/1489] Building C object esp-idf/mbedtls/mbedtls/library/CMakeFiles/mbedcrypto.dir/md5.c.obj[K
[779/1489] Building C object esp-idf/mbedtls/mbedtls/library/CMakeFiles/mbedcrypto.dir/memory_buffer_alloc.c.obj[K
[780/1489] Building C object esp-idf/mbedtls/mbedtls/library/CMakeFiles/mbedcrypto.dir/nist_kw.c.obj[K
[781/1489] Building C object esp-idf/mbedtls/mbedtls/library/CMakeFiles/mbedcrypto.dir/padlock.c.obj[K
[782/1489] Building C object esp-idf/mbedtls/mbedtls/library/CMakeFiles/mbedcrypto.dir/md.c.obj[K
[783/1489] Building C object esp-idf/mbedtls/mbedtls/library/CMakeFiles/mbedcrypto.dir/pk_ecc.c.obj[K
[784/1489] Building C object esp-idf/mbedtls/mbedtls/library/CMakeFiles/mbedcrypto.dir/pem.c.obj[K
[785/1489] Building C object esp-idf/mbedtls/mbedtls/library/CMakeFiles/mbedcrypto.dir/oid.c.obj[K
[786/1489] Building C object esp-idf/mbedtls/mbedtls/library/CMakeFiles/mbedcrypto.dir/pk.c.obj[K
[787/1489] Building C object esp-idf/mbedtls/mbedtls/library/CMakeFiles/mbedcrypto.dir/pk_wrap.c.obj[K
[788/1489] Building C object esp-idf/mbedtls/mbedtls/library/CMakeFiles/mbedcrypto.dir/pkcs12.c.obj[K
[789/1489] Building C object esp-idf/mbedtls/mbedtls/library/CMakeFiles/mbedcrypto.dir/pkcs5.c.obj[K
[790/1489] Building C object esp-idf/mbedtls/mbedtls/library/CMakeFiles/mbedcrypto.dir/poly1305.c.obj[K
[791/1489] Building C object esp-idf/mbedtls/mbedtls/library/CMakeFiles/mbedcrypto.dir/pkparse.c.obj[K
[792/1489] Building C object esp-idf/mbedtls/mbedtls/library/CMakeFiles/mbedcrypto.dir/platform.c.obj[K
[793/1489] Building C object esp-idf/mbedtls/mbedtls/library/CMakeFiles/mbedcrypto.dir/platform_util.c.obj[K
[794/1489] Building C object esp-idf/mbedtls/mbedtls/library/CMakeFiles/mbedcrypto.dir/pkwrite.c.obj[K
[795/1489] Building C object esp-idf/mbedtls/mbedtls/library/CMakeFiles/mbedcrypto.dir/psa_crypto_cipher.c.obj[K
[796/1489] Building C object esp-idf/mbedtls/mbedtls/library/CMakeFiles/mbedcrypto.dir/psa_crypto_hash.c.obj[K
[797/1489] Building C object esp-idf/mbedtls/mbedtls/library/CMakeFiles/mbedcrypto.dir/psa_crypto_mac.c.obj[K
[798/1489] Building C object esp-idf/mbedtls/mbedtls/library/CMakeFiles/mbedcrypto.dir/psa_crypto_pake.c.obj[K
[799/1489] Building C object esp-idf/mbedtls/mbedtls/library/CMakeFiles/mbedcrypto.dir/psa_crypto_client.c.obj[K
[800/1489] Building C object esp-idf/mbedtls/mbedtls/library/CMakeFiles/mbedcrypto.dir/psa_crypto_driver_wrappers_no_static.c.obj[K
[801/1489] Building C object esp-idf/mbedtls/mbedtls/library/CMakeFiles/mbedcrypto.dir/psa_crypto_ecp.c.obj[K
[802/1489] Building C object esp-idf/mbedtls/mbedtls/library/CMakeFiles/mbedcrypto.dir/psa_crypto_aead.c.obj[K
[803/1489] Building C object esp-idf/mbedtls/mbedtls/library/CMakeFiles/mbedcrypto.dir/psa_crypto_ffdh.c.obj[K
[804/1489] Building C object esp-idf/mbedtls/mbedtls/library/CMakeFiles/mbedcrypto.dir/psa_crypto_rsa.c.obj[K
[805/1489] Building C object esp-idf/mbedtls/mbedtls/library/CMakeFiles/mbedcrypto.dir/psa_crypto_storage.c.obj[K
[806/1489] Building C object esp-idf/mbedtls/mbedtls/library/CMakeFiles/mbedcrypto.dir/psa_crypto_random.c.obj[K
[807/1489] Building C object esp-idf/mbedtls/mbedtls/library/CMakeFiles/mbedcrypto.dir/psa_its_file.c.obj[K
[808/1489] Building C object esp-idf/mbedtls/mbedtls/library/CMakeFiles/mbedcrypto.dir/psa_crypto_se.c.obj[K
[809/1489] Building C object esp-idf/mbedtls/mbedtls/library/CMakeFiles/mbedcrypto.dir/ripemd160.c.obj[K
[810/1489] Building C object esp-idf/mbedtls/mbedtls/library/CMakeFiles/mbedcrypto.dir/psa_util.c.obj[K
[811/1489] Building C object esp-idf/mbedtls/mbedtls/library/CMakeFiles/mbedcrypto.dir/psa_crypto_slot_management.c.obj[K
[812/1489] Building C object esp-idf/mbedtls/mbedtls/library/CMakeFiles/mbedcrypto.dir/psa_crypto.c.obj[K
[813/1489] Building C object esp-idf/mbedtls/mbedtls/library/CMakeFiles/mbedcrypto.dir/threading.c.obj[K
[814/1489] Building C object esp-idf/mbedtls/mbedtls/library/CMakeFiles/mbedcrypto.dir/rsa_alt_helpers.c.obj[K
[815/1489] Building C object esp-idf/mbedtls/mbedtls/library/CMakeFiles/mbedcrypto.dir/sha1.c.obj[K
[816/1489] Building C object esp-idf/mbedtls/mbedtls/library/CMakeFiles/mbedcrypto.dir/sha3.c.obj[K
[817/1489] Building C object esp-idf/mbedtls/mbedtls/library/CMakeFiles/mbedcrypto.dir/sha256.c.obj[K
[818/1489] Building C object esp-idf/mbedtls/mbedtls/library/CMakeFiles/mbedcrypto.dir/timing.c.obj[K
[819/1489] Building C object esp-idf/mbedtls/mbedtls/library/CMakeFiles/mbedcrypto.dir/rsa.c.obj[K
[820/1489] Building C object esp-idf/mbedtls/mbedtls/library/CMakeFiles/mbedcrypto.dir/sha512.c.obj[K
[821/1489] Building C object esp-idf/mbedtls/mbedtls/library/CMakeFiles/mbedcrypto.dir/version.c.obj[K
[822/1489] Building C object esp-idf/mbedtls/mbedtls/library/CMakeFiles/mbedcrypto.dir/version_features.c.obj[K
[823/1489] Building C object esp-idf/mbedtls/mbedtls/library/CMakeFiles/mbedcrypto.dir/C_/Users/NTM/AppData/Local/esphome/Cache/idf/frameworks/5.5.5/components/mbedtls/port/esp_mem.c.obj[K
[824/1489] Building C object esp-idf/mbedtls/mbedtls/library/CMakeFiles/mbedcrypto.dir/C_/Users/NTM/AppData/Local/esphome/Cache/idf/frameworks/5.5.5/components/mbedtls/port/aes/esp_aes_common.c.obj[K
[825/1489] Building C object esp-idf/mbedtls/mbedtls/library/CMakeFiles/mbedcrypto.dir/C_/Users/NTM/AppData/Local/esphome/Cache/idf/frameworks/5.5.5/components/mbedtls/port/esp_hardware.c.obj[K
[826/1489] Building C object esp-idf/mbedtls/mbedtls/library/CMakeFiles/mbedcrypto.dir/C_/Users/NTM/AppData/Local/esphome/Cache/idf/frameworks/5.5.5/components/mbedtls/port/esp_timing.c.obj[K
[827/1489] Building C object esp-idf/mbedtls/mbedtls/library/CMakeFiles/mbedcrypto.dir/C_/Users/NTM/AppData/Local/esphome/Cache/idf/frameworks/5.5.5/components/mbedtls/port/aes/esp_aes_xts.c.obj[K
[828/1489] Building C object esp-idf/mbedtls/mbedtls/library/CMakeFiles/mbedcrypto.dir/C_/Users/NTM/AppData/Local/esphome/Cache/idf/frameworks/5.5.5/components/mbedtls/port/sha/esp_sha.c.obj[K
[829/1489] Building C object esp-idf/mbedtls/mbedtls/library/CMakeFiles/mbedcrypto.dir/C_/Users/NTM/AppData/Local/esphome/Cache/idf/frameworks/5.5.5/components/mbedtls/port/aes/block/esp_aes.c.obj[K
[830/1489] Building C object esp-idf/mbedtls/mbedtls/library/CMakeFiles/mbedcrypto.dir/C_/Users/NTM/AppData/Local/esphome/Cache/idf/frameworks/5.5.5/components/mbedtls/port/sha/parallel_engine/sha.c.obj[K
[831/1489] Building C object esp-idf/mbedtls/mbedtls/library/CMakeFiles/mbedcrypto.dir/C_/Users/NTM/AppData/Local/esphome/Cache/idf/frameworks/5.5.5/components/mbedtls/port/bignum/bignum_alt.c.obj[K
[832/1489] Linking CXX static library esp-idf\mbedtls\mbedtls\library\libmbedx509.a[K
[833/1489] Building C object esp-idf/mbedtls/mbedtls/library/CMakeFiles/mbedcrypto.dir/C_/Users/NTM/AppData/Local/esphome/Cache/idf/frameworks/5.5.5/components/mbedtls/port/bignum/esp_bignum.c.obj[K
[834/1489] Building C object esp-idf/mbedtls/mbedtls/library/CMakeFiles/mbedcrypto.dir/C_/Users/NTM/AppData/Local/esphome/Cache/idf/frameworks/5.5.5/components/mbedtls/port/sha/parallel_engine/esp_sha1.c.obj[K
[835/1489] Building C object esp-idf/mbedtls/mbedtls/library/CMakeFiles/mbedcrypto.dir/C_/Users/NTM/AppData/Local/esphome/Cache/idf/frameworks/5.5.5/components/mbedtls/port/md/esp_md.c.obj[K
[836/1489] Building C object esp-idf/mbedtls/mbedtls/library/CMakeFiles/mbedcrypto.dir/C_/Users/NTM/AppData/Local/esphome/Cache/idf/frameworks/5.5.5/components/mbedtls/port/sha/parallel_engine/esp_sha512.c.obj[K
[837/1489] Building C object esp-idf/mbedtls/mbedtls/library/CMakeFiles/mbedcrypto.dir/C_/Users/NTM/AppData/Local/esphome/Cache/idf/frameworks/5.5.5/components/mbedtls/port/sha/parallel_engine/esp_sha256.c.obj[K
[838/1489] Building C object esp-idf/mbedtls/mbedtls/library/CMakeFiles/mbedcrypto.dir/C_/Users/NTM/AppData/Local/esphome/Cache/idf/frameworks/5.5.5/components/mbedtls/port/aes/esp_aes_gcm.c.obj[K
[839/1489] Creating directories for 'bootloader'[K
[840/1489] Building C object esp-idf/mbedtls/mbedtls/3rdparty/p256-m/CMakeFiles/p256m.dir/p256-m/p256-m.c.obj[K
[841/1489] Building C object esp-idf/mbedtls/mbedtls/3rdparty/everest/CMakeFiles/everest.dir/library/everest.c.obj[K
[842/1489] Building C object esp-idf/mbedtls/mbedtls/3rdparty/everest/CMakeFiles/everest.dir/library/Hacl_Curve25519_joined.c.obj[K
[843/1489] No download step for 'bootloader'[K
[844/1489] Building C object esp-idf/mbedtls/mbedtls/3rdparty/p256-m/CMakeFiles/p256m.dir/p256-m_driver_entrypoints.c.obj[K
[845/1489] Building C object esp-idf/mbedtls/mbedtls/3rdparty/everest/CMakeFiles/everest.dir/library/x25519.c.obj[K
[846/1489] No update step for 'bootloader'[K
[847/1489] No patch step for 'bootloader'[K
[848/1489] Linking CXX static library esp-idf\mbedtls\mbedtls\library\libmbedcrypto.a[K
[849/1489] Linking CXX static library esp-idf\mbedtls\mbedtls\3rdparty\p256-m\libp256m.a[K
[850/1489] Linking CXX static library esp-idf\mbedtls\mbedtls\3rdparty\everest\libeverest.a[K
[851/1489] Generating x509_crt_bundle[K
[852/1489] Generating ../../x509_crt_bundle.S[K
[853/1489] Building ASM object esp-idf/mbedtls/CMakeFiles/__idf_mbedtls.dir/__/__/x509_crt_bundle.S.obj[K
[854/1489] Building C object esp-idf/xtensa/CMakeFiles/__idf_xtensa.dir/eri.c.obj[K
[855/1489] Building C object esp-idf/esp_driver_gpio/CMakeFiles/__idf_esp_driver_gpio.dir/src/gpio_glitch_filter_ops.c.obj[K
[856/1489] Building C object esp-idf/mbedtls/CMakeFiles/__idf_mbedtls.dir/esp_crt_bundle/esp_crt_bundle.c.obj[K
[857/1489] Building C object esp-idf/esp_pm/CMakeFiles/__idf_esp_pm.dir/pm_locks.c.obj[K
[858/1489] Building C object esp-idf/esp_pm/CMakeFiles/__idf_esp_pm.dir/pm_trace.c.obj[K
[859/1489] Building ASM object esp-idf/xtensa/CMakeFiles/__idf_xtensa.dir/xtensa_context.S.obj[K
[860/1489] Building C object esp-idf/xtensa/CMakeFiles/__idf_xtensa.dir/xt_trax.c.obj[K
[861/1489] Building C object esp-idf/esp_pm/CMakeFiles/__idf_esp_pm.dir/pm_impl.c.obj[K
[862/1489] Building C object esp-idf/esp_driver_gpio/CMakeFiles/__idf_esp_driver_gpio.dir/src/rtc_io.c.obj[K
[863/1489] Linking C static library esp-idf\mbedtls\libmbedtls.a[K
[864/1489] Building ASM object esp-idf/xtensa/CMakeFiles/__idf_xtensa.dir/xtensa_intr_asm.S.obj[K
[865/1489] Building C object esp-idf/esp_driver_gpio/CMakeFiles/__idf_esp_driver_gpio.dir/src/gpio.c.obj[K
[866/1489] Building ASM object esp-idf/xtensa/CMakeFiles/__idf_xtensa.dir/xtensa_vectors.S.obj[K
[867/1489] Building C object esp-idf/xtensa/CMakeFiles/__idf_xtensa.dir/xtensa_intr.c.obj[K
[868/1489] Linking C static library esp-idf\esp_pm\libesp_pm.a[K
[869/1489] Linking C static library esp-idf\esp_driver_gpio\libesp_driver_gpio.a[K
[870/1489] Building C object esp-idf/bt/CMakeFiles/__idf_bt.dir/common/hci_log/bt_hci_log.c.obj[K
[871/1489] Building C object esp-idf/bt/CMakeFiles/__idf_bt.dir/common/btc/core/btc_alarm.c.obj[K
[872/1489] Building C object esp-idf/bt/CMakeFiles/__idf_bt.dir/common/btc/core/btc_manage.c.obj[K
[873/1489] Building C object esp-idf/bt/CMakeFiles/__idf_bt.dir/common/hci_log/bt_hci_log_insights.c.obj[K
[874/1489] Linking C static library esp-idf\xtensa\libxtensa.a[K
[875/1489] Building C object esp-idf/bt/CMakeFiles/__idf_bt.dir/common/btc/profile/esp/blufi/blufi_protocol.c.obj[K
[876/1489] Building C object esp-idf/bt/CMakeFiles/__idf_bt.dir/common/api/esp_blufi_api.c.obj[K
[877/1489] Building C object esp-idf/bt/CMakeFiles/__idf_bt.dir/common/btc/profile/esp/blufi/blufi_prf.c.obj[K
[878/1489] Building C object esp-idf/bt/CMakeFiles/__idf_bt.dir/common/osi/allocator.c.obj[K
[879/1489] Building C object esp-idf/bt/CMakeFiles/__idf_bt.dir/common/osi/buffer.c.obj[K
[880/1489] Building C object esp-idf/bt/CMakeFiles/__idf_bt.dir/common/btc/core/btc_task.c.obj[K
[881/1489] Building C object esp-idf/bt/CMakeFiles/__idf_bt.dir/common/osi/alarm.c.obj[K
[882/1489] Building C object esp-idf/bt/CMakeFiles/__idf_bt.dir/common/osi/config.c.obj[K
[883/1489] Building C object esp-idf/bt/CMakeFiles/__idf_bt.dir/common/osi/fixed_queue.c.obj[K
[884/1489] Building C object esp-idf/bt/CMakeFiles/__idf_bt.dir/common/osi/hash_functions.c.obj[K
[885/1489] Building C object esp-idf/bt/CMakeFiles/__idf_bt.dir/common/osi/pkt_queue.c.obj[K
[886/1489] Building C object esp-idf/bt/CMakeFiles/__idf_bt.dir/common/osi/future.c.obj[K
[887/1489] Building C object esp-idf/bt/CMakeFiles/__idf_bt.dir/common/osi/hash_map.c.obj[K
[888/1489] Building C object esp-idf/bt/CMakeFiles/__idf_bt.dir/common/osi/fixed_pkt_queue.c.obj[K
[889/1489] Building C object esp-idf/bt/CMakeFiles/__idf_bt.dir/common/osi/list.c.obj[K
[890/1489] Building C object esp-idf/bt/CMakeFiles/__idf_bt.dir/common/osi/mutex.c.obj[K
[891/1489] Building C object esp-idf/bt/CMakeFiles/__idf_bt.dir/common/osi/thread.c.obj[K
[892/1489] Building C object esp-idf/bt/CMakeFiles/__idf_bt.dir/common/tinycrypt/src/sha256.c.obj[K
[893/1489] Building C object esp-idf/bt/CMakeFiles/__idf_bt.dir/common/osi/osi.c.obj[K
[894/1489] Building C object esp-idf/bt/CMakeFiles/__idf_bt.dir/common/tinycrypt/src/utils.c.obj[K
[895/1489] Building C object esp-idf/bt/CMakeFiles/__idf_bt.dir/common/osi/semaphore.c.obj[K
[896/1489] Building C object esp-idf/bt/CMakeFiles/__idf_bt.dir/common/tinycrypt/src/ctr_mode.c.obj[K
[897/1489] Building C object esp-idf/bt/CMakeFiles/__idf_bt.dir/common/ble_log/deprecated/ble_log_spi_out.c.obj[K
[898/1489] Building C object esp-idf/bt/CMakeFiles/__idf_bt.dir/common/tinycrypt/src/ctr_prng.c.obj[K
[899/1489] Building C object esp-idf/bt/CMakeFiles/__idf_bt.dir/common/tinycrypt/src/aes_decrypt.c.obj[K
[900/1489] Building C object esp-idf/bt/CMakeFiles/__idf_bt.dir/common/tinycrypt/src/aes_encrypt.c.obj[K
[901/1489] Building C object esp-idf/bt/CMakeFiles/__idf_bt.dir/common/tinycrypt/src/ecc.c.obj[K
[902/1489] Building C object esp-idf/bt/CMakeFiles/__idf_bt.dir/common/tinycrypt/src/ccm_mode.c.obj[K
[903/1489] Building C object esp-idf/bt/CMakeFiles/__idf_bt.dir/common/tinycrypt/src/ecc_dsa.c.obj[K
[904/1489] Building C object esp-idf/bt/CMakeFiles/__idf_bt.dir/common/tinycrypt/src/ecc_platform_specific.c.obj[K
[905/1489] Building C object esp-idf/bt/CMakeFiles/__idf_bt.dir/common/tinycrypt/src/hmac_prng.c.obj[K
[906/1489] Building C object esp-idf/bt/CMakeFiles/__idf_bt.dir/common/tinycrypt/src/ecc_dh.c.obj[K
[907/1489] Building C object esp-idf/bt/CMakeFiles/__idf_bt.dir/common/tinycrypt/src/hmac.c.obj[K
[908/1489] Building C object esp-idf/bt/CMakeFiles/__idf_bt.dir/common/tinycrypt/src/cbc_mode.c.obj[K
[909/1489] Building C object esp-idf/bt/CMakeFiles/__idf_bt.dir/common/tinycrypt/port/esp_tinycrypt_port.c.obj[K
[910/1489] Building ASM object esp-idf/bt/CMakeFiles/__idf_bt.dir/controller/esp32/hli_vectors.S.obj[K
[911/1489] Building C object esp-idf/bt/CMakeFiles/__idf_bt.dir/common/tinycrypt/src/cmac_mode.c.obj[K
[912/1489] Building C object esp-idf/bt/CMakeFiles/__idf_bt.dir/controller/esp32/hli_api.c.obj[K
[913/1489] Building C object esp-idf/bt/CMakeFiles/__idf_bt.dir/controller/esp32/bt.c.obj[K
[914/1489] Building C object esp-idf/bt/CMakeFiles/__idf_bt.dir/host/bluedroid/api/esp_bluedroid_hci.c.obj[K
[915/1489] Building C object esp-idf/bt/CMakeFiles/__idf_bt.dir/host/bluedroid/api/esp_a2dp_api.c.obj[K
[916/1489] Building C object esp-idf/bt/CMakeFiles/__idf_bt.dir/host/bluedroid/api/esp_bt_main.c.obj[K
[917/1489] Building C object esp-idf/bt/CMakeFiles/__idf_bt.dir/host/bluedroid/api/esp_bt_device.c.obj[K
[918/1489] Building C object esp-idf/bt/CMakeFiles/__idf_bt.dir/host/bluedroid/api/esp_gap_bt_api.c.obj[K
[919/1489] Building C object esp-idf/bt/CMakeFiles/__idf_bt.dir/host/bluedroid/api/esp_gap_ble_api.c.obj[K
[920/1489] Building C object esp-idf/bt/CMakeFiles/__idf_bt.dir/host/bluedroid/api/esp_avrc_api.c.obj[K
[921/1489] Building C object esp-idf/bt/CMakeFiles/__idf_bt.dir/host/bluedroid/api/esp_gatt_common_api.c.obj[K
[922/1489] Building C object esp-idf/bt/CMakeFiles/__idf_bt.dir/host/bluedroid/api/esp_hidd_api.c.obj[K
[923/1489] Building C object esp-idf/bt/CMakeFiles/__idf_bt.dir/host/bluedroid/api/esp_gatts_api.c.obj[K
[924/1489] Building C object esp-idf/bt/CMakeFiles/__idf_bt.dir/host/bluedroid/api/esp_gattc_api.c.obj[K
[925/1489] Building C object esp-idf/bt/CMakeFiles/__idf_bt.dir/host/bluedroid/api/esp_hf_ag_api.c.obj[K
[926/1489] Building C object esp-idf/bt/CMakeFiles/__idf_bt.dir/host/bluedroid/api/esp_hidh_api.c.obj[K
[927/1489] Building C object esp-idf/bt/CMakeFiles/__idf_bt.dir/host/bluedroid/api/esp_hf_client_api.c.obj[K
[928/1489] Building C object esp-idf/bt/CMakeFiles/__idf_bt.dir/host/bluedroid/api/esp_spp_api.c.obj[K
[929/1489] Building C object esp-idf/bt/CMakeFiles/__idf_bt.dir/host/bluedroid/bta/av/bta_av_aact.c.obj[K
[930/1489] Building C object esp-idf/bt/CMakeFiles/__idf_bt.dir/host/bluedroid/api/esp_sdp_api.c.obj[K
[931/1489] Building C object esp-idf/bt/CMakeFiles/__idf_bt.dir/host/bluedroid/api/esp_l2cap_bt_api.c.obj[K
[932/1489] Building C object esp-idf/bt/CMakeFiles/__idf_bt.dir/host/bluedroid/bta/av/bta_av_act.c.obj[K
[933/1489] Building C object esp-idf/bt/CMakeFiles/__idf_bt.dir/host/bluedroid/api/esp_pbac_api.c.obj[K
[934/1489] Building C object esp-idf/bt/CMakeFiles/__idf_bt.dir/host/bluedroid/bta/av/bta_av_api.c.obj[K
[935/1489] Building C object esp-idf/bt/CMakeFiles/__idf_bt.dir/host/bluedroid/bta/ar/bta_ar.c.obj[K
[936/1489] Building C object esp-idf/bt/CMakeFiles/__idf_bt.dir/host/bluedroid/bta/av/bta_av_ca_act.c.obj[K
[937/1489] Building C object esp-idf/bt/CMakeFiles/__idf_bt.dir/host/bluedroid/bta/av/bta_av_ca_sm.c.obj[K
[938/1489] Building C object esp-idf/bt/CMakeFiles/__idf_bt.dir/host/bluedroid/bta/av/bta_av_main.c.obj[K
[939/1489] Building C object esp-idf/bt/CMakeFiles/__idf_bt.dir/host/bluedroid/bta/av/bta_av_ssm.c.obj[K
[940/1489] Building C object esp-idf/bt/CMakeFiles/__idf_bt.dir/host/bluedroid/bta/av/bta_av_cfg.c.obj[K
[941/1489] Building C object esp-idf/bt/CMakeFiles/__idf_bt.dir/host/bluedroid/bta/av/bta_av_sbc.c.obj[K
[942/1489] Building C object esp-idf/bt/CMakeFiles/__idf_bt.dir/host/bluedroid/bta/av/bta_av_ci.c.obj[K
[943/1489] Building C object esp-idf/bt/CMakeFiles/__idf_bt.dir/host/bluedroid/bta/dm/bta_dm_api.c.obj[K
[944/1489] Building C object esp-idf/bt/CMakeFiles/__idf_bt.dir/host/bluedroid/bta/dm/bta_dm_cfg.c.obj[K
[945/1489] Building C object esp-idf/bt/CMakeFiles/__idf_bt.dir/host/bluedroid/bta/dm/bta_dm_ci.c.obj[K
[946/1489] Building C object esp-idf/bt/CMakeFiles/__idf_bt.dir/host/bluedroid/bta/dm/bta_dm_co.c.obj[K
[947/1489] Building C object esp-idf/bt/CMakeFiles/__idf_bt.dir/host/bluedroid/bta/dm/bta_dm_act.c.obj[K
[948/1489] Building C object esp-idf/bt/CMakeFiles/__idf_bt.dir/host/bluedroid/bta/dm/bta_dm_qos.c.obj[K
[949/1489] Building C object esp-idf/bt/CMakeFiles/__idf_bt.dir/host/bluedroid/bta/dm/bta_dm_main.c.obj[K
[950/1489] Building C object esp-idf/bt/CMakeFiles/__idf_bt.dir/host/bluedroid/bta/dm/bta_dm_sco.c.obj[K
[951/1489] Building C object esp-idf/bt/CMakeFiles/__idf_bt.dir/host/bluedroid/bta/dm/bta_dm_pm.c.obj[K
[952/1489] Building C object esp-idf/bt/CMakeFiles/__idf_bt.dir/host/bluedroid/bta/gatt/bta_gatt_common.c.obj[K
[953/1489] Building C object esp-idf/bt/CMakeFiles/__idf_bt.dir/host/bluedroid/bta/gatt/bta_gattc_api.c.obj[K
[954/1489] Building C object esp-idf/bt/CMakeFiles/__idf_bt.dir/host/bluedroid/bta/gatt/bta_gattc_act.c.obj[K
[955/1489] Building C object esp-idf/bt/CMakeFiles/__idf_bt.dir/host/bluedroid/bta/gatt/bta_gattc_ci.c.obj[K
[956/1489] Building C object esp-idf/bt/CMakeFiles/__idf_bt.dir/host/bluedroid/bta/gatt/bta_gattc_cache.c.obj[K
[957/1489] Building C object esp-idf/bt/CMakeFiles/__idf_bt.dir/host/bluedroid/bta/gatt/bta_gattc_main.c.obj[K
[958/1489] Building C object esp-idf/bt/CMakeFiles/__idf_bt.dir/host/bluedroid/bta/gatt/bta_gattc_co.c.obj[K
[959/1489] Building C object esp-idf/bt/CMakeFiles/__idf_bt.dir/host/bluedroid/bta/gatt/bta_gattc_utils.c.obj[K
[960/1489] Building C object esp-idf/bt/CMakeFiles/__idf_bt.dir/host/bluedroid/bta/gatt/bta_gatts_act.c.obj[K
[961/1489] Building C object esp-idf/bt/CMakeFiles/__idf_bt.dir/host/bluedroid/bta/gatt/bta_gatts_api.c.obj[K
[962/1489] Building C object esp-idf/bt/CMakeFiles/__idf_bt.dir/host/bluedroid/bta/hd/bta_hd_api.c.obj[K
[963/1489] Building C object esp-idf/bt/CMakeFiles/__idf_bt.dir/host/bluedroid/bta/gatt/bta_gatts_co.c.obj[K
[964/1489] Building C object esp-idf/bt/CMakeFiles/__idf_bt.dir/host/bluedroid/bta/gatt/bta_gatts_utils.c.obj[K
[965/1489] Building C object esp-idf/bt/CMakeFiles/__idf_bt.dir/host/bluedroid/bta/gatt/bta_gatts_main.c.obj[K
[966/1489] Building C object esp-idf/bt/CMakeFiles/__idf_bt.dir/host/bluedroid/bta/hd/bta_hd_act.c.obj[K
[967/1489] Building C object esp-idf/bt/CMakeFiles/__idf_bt.dir/host/bluedroid/bta/hd/bta_hd_main.c.obj[K
[968/1489] Building C object esp-idf/bt/CMakeFiles/__idf_bt.dir/host/bluedroid/bta/hh/bta_hh_act.c.obj[K
[969/1489] Building C object esp-idf/bt/CMakeFiles/__idf_bt.dir/host/bluedroid/bta/hh/bta_hh_cfg.c.obj[K
[970/1489] Building C object esp-idf/bt/CMakeFiles/__idf_bt.dir/host/bluedroid/bta/hh/bta_hh_api.c.obj[K
[971/1489] Building C object esp-idf/bt/CMakeFiles/__idf_bt.dir/host/bluedroid/bta/hh/bta_hh_utils.c.obj[K
[972/1489] Building C object esp-idf/bt/CMakeFiles/__idf_bt.dir/host/bluedroid/bta/hh/bta_hh_le.c.obj[K
[973/1489] Building C object esp-idf/bt/CMakeFiles/__idf_bt.dir/host/bluedroid/bta/hh/bta_hh_main.c.obj[K
[974/1489] Building C object esp-idf/bt/CMakeFiles/__idf_bt.dir/host/bluedroid/bta/jv/bta_jv_api.c.obj[K
[975/1489] Building C object esp-idf/bt/CMakeFiles/__idf_bt.dir/host/bluedroid/bta/jv/bta_jv_act.c.obj[K
[976/1489] Building C object esp-idf/bt/CMakeFiles/__idf_bt.dir/host/bluedroid/bta/jv/bta_jv_main.c.obj[K
[977/1489] Building C object esp-idf/bt/CMakeFiles/__idf_bt.dir/host/bluedroid/bta/jv/bta_jv_cfg.c.obj[K
[978/1489] Building C object esp-idf/bt/CMakeFiles/__idf_bt.dir/host/bluedroid/bta/hf_ag/bta_ag_api.c.obj[K
[979/1489] Building C object esp-idf/bt/CMakeFiles/__idf_bt.dir/host/bluedroid/bta/hf_ag/bta_ag_act.c.obj[K
[980/1489] Building C object esp-idf/bt/CMakeFiles/__idf_bt.dir/host/bluedroid/bta/hf_ag/bta_ag_at.c.obj[K
[981/1489] Building C object esp-idf/bt/CMakeFiles/__idf_bt.dir/host/bluedroid/bta/hf_ag/bta_ag_cfg.c.obj[K
[982/1489] Building C object esp-idf/bt/CMakeFiles/__idf_bt.dir/host/bluedroid/bta/hf_ag/bta_ag_cmd.c.obj[K
[983/1489] Building C object esp-idf/bt/CMakeFiles/__idf_bt.dir/host/bluedroid/bta/hf_ag/bta_ag_main.c.obj[K
[984/1489] Building C object esp-idf/bt/CMakeFiles/__idf_bt.dir/host/bluedroid/bta/hf_ag/bta_ag_sdp.c.obj[K
[985/1489] Building C object esp-idf/bt/CMakeFiles/__idf_bt.dir/host/bluedroid/bta/hf_ag/bta_ag_sco.c.obj[K
[986/1489] Building C object esp-idf/bt/CMakeFiles/__idf_bt.dir/host/bluedroid/bta/hf_ag/bta_ag_rfc.c.obj[K
[987/1489] Building C object esp-idf/bt/CMakeFiles/__idf_bt.dir/host/bluedroid/bta/hf_client/bta_hf_client_api.c.obj[K
[988/1489] Building C object esp-idf/bt/CMakeFiles/__idf_bt.dir/host/bluedroid/bta/hf_client/bta_hf_client_act.c.obj[K
[989/1489] Building C object esp-idf/bt/CMakeFiles/__idf_bt.dir/host/bluedroid/bta/hf_client/bta_hf_client_at.c.obj[K
[990/1489] Building C object esp-idf/bt/CMakeFiles/__idf_bt.dir/host/bluedroid/bta/hf_client/bta_hf_client_main.c.obj[K
[991/1489] Building C object esp-idf/bt/CMakeFiles/__idf_bt.dir/host/bluedroid/bta/hf_client/bta_hf_client_cmd.c.obj[K
[992/1489] Building C object esp-idf/bt/CMakeFiles/__idf_bt.dir/host/bluedroid/bta/hf_client/bta_hf_client_rfc.c.obj[K
[993/1489] Building C object esp-idf/bt/CMakeFiles/__idf_bt.dir/host/bluedroid/bta/hf_client/bta_hf_client_sdp.c.obj[K
[994/1489] Building C object esp-idf/bt/CMakeFiles/__idf_bt.dir/host/bluedroid/bta/hf_client/bta_hf_client_sco.c.obj[K
[995/1489] Building C object esp-idf/bt/CMakeFiles/__idf_bt.dir/host/bluedroid/bta/pba/bta_pba_client_act.c.obj[K
[996/1489] Building C object esp-idf/bt/CMakeFiles/__idf_bt.dir/host/bluedroid/bta/pba/bta_pba_client_api.c.obj[K
[997/1489] Building C object esp-idf/bt/CMakeFiles/__idf_bt.dir/host/bluedroid/bta/pba/bta_pba_client_main.c.obj[K
[998/1489] Building C object esp-idf/bt/CMakeFiles/__idf_bt.dir/host/bluedroid/bta/pba/bta_pba_client_sdp.c.obj[K
[999/1489] Building C object esp-idf/bt/CMakeFiles/__idf_bt.dir/host/bluedroid/bta/sdp/bta_sdp_act.c.obj[K
[1000/1489] Building C object esp-idf/bt/CMakeFiles/__idf_bt.dir/host/bluedroid/bta/sdp/bta_sdp.c.obj[K
[1001/1489] Building C object esp-idf/bt/CMakeFiles/__idf_bt.dir/host/bluedroid/bta/sdp/bta_sdp_api.c.obj[K
[1002/1489] Building C object esp-idf/bt/CMakeFiles/__idf_bt.dir/host/bluedroid/bta/sdp/bta_sdp_cfg.c.obj[K
[1003/1489] Building C object esp-idf/bt/CMakeFiles/__idf_bt.dir/host/bluedroid/bta/sys/bta_sys_conn.c.obj[K
[1004/1489] Building C object esp-idf/bt/CMakeFiles/__idf_bt.dir/host/bluedroid/bta/sys/bta_sys_main.c.obj[K
[1005/1489] Building C object esp-idf/bt/CMakeFiles/__idf_bt.dir/host/bluedroid/btc/core/btc_sec.c.obj[K
[1006/1489] Building C object esp-idf/bt/CMakeFiles/__idf_bt.dir/host/bluedroid/btc/core/btc_config.c.obj[K
[1007/1489] Building C object esp-idf/bt/CMakeFiles/__idf_bt.dir/host/bluedroid/bta/sys/utl.c.obj[K
[1008/1489] Building C object esp-idf/bt/CMakeFiles/__idf_bt.dir/host/bluedroid/btc/core/btc_ble_storage.c.obj[K
[1009/1489] Building C object esp-idf/bt/CMakeFiles/__idf_bt.dir/host/bluedroid/btc/core/btc_dev.c.obj[K
[1010/1489] Building C object esp-idf/bt/CMakeFiles/__idf_bt.dir/host/bluedroid/btc/core/btc_dm.c.obj[K
[1011/1489] Building C object esp-idf/bt/CMakeFiles/__idf_bt.dir/host/bluedroid/btc/core/btc_profile_queue.c.obj[K
[1012/1489] Building C object esp-idf/bt/CMakeFiles/__idf_bt.dir/host/bluedroid/btc/core/btc_main.c.obj[K
[1013/1489] Building C object esp-idf/bt/CMakeFiles/__idf_bt.dir/host/bluedroid/btc/core/btc_sm.c.obj[K
[1014/1489] Building C object esp-idf/bt/CMakeFiles/__idf_bt.dir/host/bluedroid/btc/core/btc_storage.c.obj[K
[1015/1489] Building C object esp-idf/bt/CMakeFiles/__idf_bt.dir/host/bluedroid/btc/core/btc_util.c.obj[K
[1016/1489] Building C object esp-idf/bt/CMakeFiles/__idf_bt.dir/host/bluedroid/btc/profile/std/a2dp/btc_a2dp.c.obj[K
[1017/1489] Building C object esp-idf/bt/CMakeFiles/__idf_bt.dir/host/bluedroid/btc/profile/std/a2dp/bta_av_co.c.obj[K
[1018/1489] Building C object esp-idf/bt/CMakeFiles/__idf_bt.dir/host/bluedroid/btc/profile/std/a2dp/btc_a2dp_control.c.obj[K
[1019/1489] Building C object esp-idf/bt/CMakeFiles/__idf_bt.dir/host/bluedroid/btc/profile/std/a2dp/btc_a2dp_sink.c.obj[K
[1020/1489] Building C object esp-idf/bt/CMakeFiles/__idf_bt.dir/host/bluedroid/btc/profile/std/a2dp/btc_a2dp_sink_ext_coedc.c.obj[K
[1021/1489] Building C object esp-idf/bt/CMakeFiles/__idf_bt.dir/host/bluedroid/btc/profile/std/a2dp/btc_a2dp_source.c.obj[K
[1022/1489] Building C object esp-idf/bt/CMakeFiles/__idf_bt.dir/host/bluedroid/btc/profile/std/a2dp/btc_a2dp_source_ext_codec.c.obj[K
[1023/1489] Building C object esp-idf/bt/CMakeFiles/__idf_bt.dir/host/bluedroid/btc/profile/std/a2dp/btc_av.c.obj[K
[1024/1489] Building C object esp-idf/bt/CMakeFiles/__idf_bt.dir/host/bluedroid/btc/profile/std/avrc/btc_avrc.c.obj[K
[1025/1489] Building C object esp-idf/bt/CMakeFiles/__idf_bt.dir/host/bluedroid/btc/profile/std/hf_ag/bta_ag_co.c.obj[K
[1026/1489] Building C object esp-idf/bt/CMakeFiles/__idf_bt.dir/host/bluedroid/btc/profile/std/avrc/bta_avrc_co.c.obj[K
[1027/1489] Building C object esp-idf/bt/CMakeFiles/__idf_bt.dir/host/bluedroid/btc/profile/std/hf_ag/btc_hf_ag.c.obj[K
[1028/1489] Building C object esp-idf/bt/CMakeFiles/__idf_bt.dir/host/bluedroid/btc/profile/std/hf_client/btc_hf_client.c.obj[K
[1029/1489] Performing configure step for 'bootloader'[K

-- Found Git: C:/Program Files/Git/cmd/git.exe (found version "2.55.0.windows.5")
-- Component directory C:/Users/NTM/AppData/Local/esphome/Cache/idf/frameworks/5.5.5/components/esp_blockdev does not contain a CMakeLists.txt file. No component will be added
-- Minimal build - OFF
-- The C compiler identification is GNU 14.2.0
-- The CXX compiler identification is GNU 14.2.0
-- The ASM compiler identification is GNU
-- Found assembler: C:/Users/NTM/AppData/Local/esphome/Cache/idf/tools/xtensa-esp-elf/esp-14.2.0_20260121/xtensa-esp-elf/bin/xtensa-esp32-elf-gcc.exe
-- Detecting C compiler ABI info
-- Detecting C compiler ABI info - done
-- Check for working C compiler: C:/Users/NTM/AppData/Local/esphome/Cache/idf/tools/xtensa-esp-elf/esp-14.2.0_20260121/xtensa-esp-elf/bin/xtensa-esp32-elf-gcc.exe - skipped
-- Detecting C compile features
-- Detecting C compile features - done
-- Detecting CXX compiler ABI info
-- Detecting CXX compiler ABI info - done
-- Check for working CXX compiler: C:/Users/NTM/AppData/Local/esphome/Cache/idf/tools/xtensa-esp-elf/esp-14.2.0_20260121/xtensa-esp-elf/bin/xtensa-esp32-elf-g++.exe - skipped
-- Detecting CXX compile features
-- Detecting CXX compile features - done
-- Could not use 'git describe' to determine PROJECT_VER.
-- Building ESP-IDF components for target esp32
-- ESP-TEE is currently supported only on the esp32c6;esp32h2;esp32c5 SoCs
-- Project sdkconfig file C:/Temp/wii_balance_board/.esphome/build/wii-balance-board/sdkconfig.wii-balance-board
-- Compiler supported targets: xtensa-esp-elf
-- Detecting C compiler ABI info
-- Detecting C compiler ABI info - done
-- Detecting CXX compiler ABI info
-- Detecting CXX compiler ABI info - done
-- Detecting C compiler ABI info
-- Detecting C compiler ABI info - done
-- Detecting CXX compiler ABI info
-- Detecting CXX compiler ABI info - done
-- Bootloader project name: "bootloader" version: 1
-- Configuring done (82.4s)

-- Generating done (3.1s)

-- Build files have been written to: C:/Temp/wii_balance_board/.esphome/build/wii-balance-board/build/bootloader

[1030/1489] Building C object esp-idf/bt/CMakeFiles/__idf_bt.dir/host/bluedroid/btc/profile/std/hf_client/bta_hf_client_co.c.obj[K
[1031/1489] Building C object esp-idf/bt/CMakeFiles/__idf_bt.dir/host/bluedroid/btc/profile/std/hid/btc_hd.c.obj[K
[1032/1489] Building C object esp-idf/bt/CMakeFiles/__idf_bt.dir/host/bluedroid/btc/profile/std/hid/btc_hh.c.obj[K
[1033/1489] Building C object esp-idf/bt/CMakeFiles/__idf_bt.dir/host/bluedroid/btc/profile/std/hid/bta_hh_co.c.obj[K
[1034/1489] Building C object esp-idf/bt/CMakeFiles/__idf_bt.dir/host/bluedroid/btc/profile/std/gap/bta_gap_bt_co.c.obj[K
[1035/1489] Building C object esp-idf/bt/CMakeFiles/__idf_bt.dir/host/bluedroid/btc/profile/std/gap/btc_gap_bt.c.obj[K
[1036/1489] Building C object esp-idf/bt/CMakeFiles/__idf_bt.dir/host/bluedroid/btc/profile/std/gap/btc_gap_ble.c.obj[K
[1037/1489] Building C object esp-idf/bt/CMakeFiles/__idf_bt.dir/host/bluedroid/btc/profile/std/gatt/btc_gatt_common.c.obj[K
[1038/1489] Building C object esp-idf/bt/CMakeFiles/__idf_bt.dir/host/bluedroid/btc/profile/std/gatt/btc_gatt_util.c.obj[K
[1039/1489] Building C object esp-idf/bt/CMakeFiles/__idf_bt.dir/host/bluedroid/btc/profile/std/gatt/btc_gatts.c.obj[K
[1040/1489] Building C object esp-idf/bt/CMakeFiles/__idf_bt.dir/host/bluedroid/btc/profile/std/spp/btc_spp.c.obj[K
[1041/1489] Building C object esp-idf/bt/CMakeFiles/__idf_bt.dir/host/bluedroid/btc/profile/std/gatt/btc_gattc.c.obj[K
[1042/1489] Building C object esp-idf/bt/CMakeFiles/__idf_bt.dir/host/bluedroid/btc/profile/std/sdp/btc_sdp.c.obj[K
[1043/1489] Building C object esp-idf/bt/CMakeFiles/__idf_bt.dir/host/bluedroid/hci/hci_audio.c.obj[K
[1044/1489] Building C object esp-idf/bt/CMakeFiles/__idf_bt.dir/host/bluedroid/device/controller.c.obj[K
[1045/1489] Building C object esp-idf/bt/CMakeFiles/__idf_bt.dir/host/bluedroid/btc/profile/std/pba/btc_pba_client.c.obj[K
[1046/1489] Building C object esp-idf/bt/CMakeFiles/__idf_bt.dir/host/bluedroid/btc/profile/std/l2cap/btc_l2cap.c.obj[K
[1047/1489] Building C object esp-idf/bt/CMakeFiles/__idf_bt.dir/host/bluedroid/device/interop.c.obj[K
[1048/1489] Building C object esp-idf/bt/CMakeFiles/__idf_bt.dir/host/bluedroid/device/bdaddr.c.obj[K
[1049/1489] Building C object esp-idf/bt/CMakeFiles/__idf_bt.dir/host/bluedroid/hci/hci_hal_h4.c.obj[K
[1050/1489] Building C object esp-idf/bt/CMakeFiles/__idf_bt.dir/host/bluedroid/hci/hci_packet_parser.c.obj[K
[1051/1489] Building C object esp-idf/bt/CMakeFiles/__idf_bt.dir/host/bluedroid/hci/hci_packet_factory.c.obj[K
[1052/1489] Building C object esp-idf/bt/CMakeFiles/__idf_bt.dir/host/bluedroid/hci/hci_layer.c.obj[K
[1053/1489] Building C object esp-idf/bt/CMakeFiles/__idf_bt.dir/host/bluedroid/hci/packet_fragmenter.c.obj[K
[1054/1489] Building C object esp-idf/bt/CMakeFiles/__idf_bt.dir/host/bluedroid/main/bte_init.c.obj[K
[1055/1489] Building C object esp-idf/bt/CMakeFiles/__idf_bt.dir/host/bluedroid/stack/a2dp/a2d_api.c.obj[K
[1056/1489] Building C object esp-idf/bt/CMakeFiles/__idf_bt.dir/host/bluedroid/main/bte_main.c.obj[K
[1057/1489] Building C object esp-idf/bt/CMakeFiles/__idf_bt.dir/host/bluedroid/stack/a2dp/a2d_sbc.c.obj[K
[1058/1489] Building C object esp-idf/bt/CMakeFiles/__idf_bt.dir/host/bluedroid/stack/avct/avct_api.c.obj[K
[1059/1489] Building C object esp-idf/bt/CMakeFiles/__idf_bt.dir/host/bluedroid/stack/avct/avct_ccb.c.obj[K
[1060/1489] Building C object esp-idf/bt/CMakeFiles/__idf_bt.dir/host/bluedroid/stack/avct/avct_lcb.c.obj[K
[1061/1489] Building C object esp-idf/bt/CMakeFiles/__idf_bt.dir/host/bluedroid/stack/avct/avct_l2c.c.obj[K
[1062/1489] Building C object esp-idf/bt/CMakeFiles/__idf_bt.dir/host/bluedroid/stack/avct/avct_lcb_act.c.obj[K
[1063/1489] Building C object esp-idf/bt/CMakeFiles/__idf_bt.dir/host/bluedroid/stack/avdt/avdt_ad.c.obj[K
[1064/1489] Building C object esp-idf/bt/CMakeFiles/__idf_bt.dir/host/bluedroid/stack/avdt/avdt_api.c.obj[K
[1065/1489] Building C object esp-idf/bt/CMakeFiles/__idf_bt.dir/host/bluedroid/stack/avdt/avdt_ccb_act.c.obj[K
[1066/1489] Building C object esp-idf/bt/CMakeFiles/__idf_bt.dir/host/bluedroid/stack/avdt/avdt_ccb.c.obj[K
[1067/1489] Building C object esp-idf/bt/CMakeFiles/__idf_bt.dir/host/bluedroid/stack/avdt/avdt_msg.c.obj[K
[1068/1489] Building C object esp-idf/bt/CMakeFiles/__idf_bt.dir/host/bluedroid/stack/avdt/avdt_l2c.c.obj[K
[1069/1489] Building C object esp-idf/bt/CMakeFiles/__idf_bt.dir/host/bluedroid/stack/avdt/avdt_scb.c.obj[K
[1070/1489] Building C object esp-idf/bt/CMakeFiles/__idf_bt.dir/host/bluedroid/stack/avdt/avdt_scb_act.c.obj[K
[1071/1489] Building C object esp-idf/bt/CMakeFiles/__idf_bt.dir/host/bluedroid/stack/avrc/avrc_api.c.obj[K
[1072/1489] Building C object esp-idf/bt/CMakeFiles/__idf_bt.dir/host/bluedroid/stack/avrc/avrc_bld_ct.c.obj[K
[1073/1489] Building C object esp-idf/bt/CMakeFiles/__idf_bt.dir/host/bluedroid/stack/avrc/avrc_bld_tg.c.obj[K
[1074/1489] Building C object esp-idf/bt/CMakeFiles/__idf_bt.dir/host/bluedroid/stack/avrc/avrc_opt.c.obj[K
[1075/1489] Building C object esp-idf/bt/CMakeFiles/__idf_bt.dir/host/bluedroid/stack/avrc/avrc_pars_tg.c.obj[K
[1076/1489] Building C object esp-idf/bt/CMakeFiles/__idf_bt.dir/host/bluedroid/stack/avrc/avrc_pars_ct.c.obj[K
[1077/1489] Building C object esp-idf/bt/CMakeFiles/__idf_bt.dir/host/bluedroid/stack/avrc/avrc_utils.c.obj[K
[1078/1489] Building C object esp-idf/bt/CMakeFiles/__idf_bt.dir/host/bluedroid/stack/avrc/avrc_sdp.c.obj[K
[1079/1489] Building C object esp-idf/bt/CMakeFiles/__idf_bt.dir/host/bluedroid/stack/hid/hidd_api.c.obj[K
[1080/1489] Building C object esp-idf/bt/CMakeFiles/__idf_bt.dir/host/bluedroid/stack/hid/hidd_conn.c.obj[K
[1081/1489] Building C object esp-idf/bt/CMakeFiles/__idf_bt.dir/host/bluedroid/stack/hid/hidh_conn.c.obj[K
[1082/1489] Building C object esp-idf/bt/CMakeFiles/__idf_bt.dir/host/bluedroid/stack/hid/hidh_api.c.obj[K
[1083/1489] Building C object esp-idf/bt/CMakeFiles/__idf_bt.dir/host/bluedroid/stack/btm/btm_ble_adv_filter.c.obj[K
[1084/1489] Building C object esp-idf/bt/CMakeFiles/__idf_bt.dir/host/bluedroid/stack/btm/btm_ble_addr.c.obj[K
[1085/1489] Building C object esp-idf/bt/CMakeFiles/__idf_bt.dir/host/bluedroid/stack/btm/btm_acl.c.obj[K
[1086/1489] Building C object esp-idf/bt/CMakeFiles/__idf_bt.dir/host/bluedroid/stack/btm/btm_ble_cont_energy.c.obj[K
[1087/1489] Building C object esp-idf/bt/CMakeFiles/__idf_bt.dir/host/bluedroid/stack/btm/btm_ble_batchscan.c.obj[K
[1088/1489] Building C object esp-idf/bt/CMakeFiles/__idf_bt.dir/host/bluedroid/stack/btm/btm_ble_bgconn.c.obj[K
[1089/1489] Building C object esp-idf/bt/CMakeFiles/__idf_bt.dir/host/bluedroid/stack/btm/btm_ble.c.obj[K
[1090/1489] Building C object esp-idf/bt/CMakeFiles/__idf_bt.dir/host/bluedroid/stack/btm/btm_ble_5_gap.c.obj[K
[1091/1489] Building C object esp-idf/bt/CMakeFiles/__idf_bt.dir/host/bluedroid/stack/btm/btm_ble_multi_adv.c.obj[K
[1092/1489] Building C object esp-idf/bt/CMakeFiles/__idf_bt.dir/host/bluedroid/stack/btm/btm_ble_privacy.c.obj[K
[1093/1489] Building C object esp-idf/bt/CMakeFiles/__idf_bt.dir/host/bluedroid/stack/btm/btm_ble_gap.c.obj[K
[1094/1489] Building C object esp-idf/bt/CMakeFiles/__idf_bt.dir/host/bluedroid/stack/btm/btm_bredr_pwr_ctrl.c.obj[K
[1095/1489] Building C object esp-idf/bt/CMakeFiles/__idf_bt.dir/host/bluedroid/stack/btm/btm_dev.c.obj[K
[1096/1489] Building C object esp-idf/bt/CMakeFiles/__idf_bt.dir/host/bluedroid/stack/btm/btm_devctl.c.obj[K
[1097/1489] Building C object esp-idf/bt/CMakeFiles/__idf_bt.dir/host/bluedroid/stack/btm/btm_main.c.obj[K
[1098/1489] Building C object esp-idf/bt/CMakeFiles/__idf_bt.dir/host/bluedroid/stack/btm/btm_inq.c.obj[K
[1099/1489] Building C object esp-idf/bt/CMakeFiles/__idf_bt.dir/host/bluedroid/stack/btm/btm_pm.c.obj[K
[1100/1489] Building C object esp-idf/bt/CMakeFiles/__idf_bt.dir/host/bluedroid/stack/btm/btm_sco.c.obj[K
[1101/1489] Building C object esp-idf/bt/CMakeFiles/__idf_bt.dir/host/bluedroid/stack/btu/btu_hcif.c.obj[K
[1102/1489] Building C object esp-idf/bt/CMakeFiles/__idf_bt.dir/host/bluedroid/stack/btu/btu_init.c.obj[K
[1103/1489] Building C object esp-idf/bt/CMakeFiles/__idf_bt.dir/host/bluedroid/stack/gap/gap_api.c.obj[K
[1104/1489] Building C object esp-idf/bt/CMakeFiles/__idf_bt.dir/host/bluedroid/stack/btu/btu_task.c.obj[K
[1105/1489] Building C object esp-idf/bt/CMakeFiles/__idf_bt.dir/host/bluedroid/stack/gap/gap_ble.c.obj[K
[1106/1489] Building C object esp-idf/bt/CMakeFiles/__idf_bt.dir/host/bluedroid/stack/gap/gap_conn.c.obj[K
[1107/1489] Building C object esp-idf/bt/CMakeFiles/__idf_bt.dir/host/bluedroid/stack/gap/gap_utils.c.obj[K
[1108/1489] Building C object esp-idf/bt/CMakeFiles/__idf_bt.dir/host/bluedroid/stack/gatt/att_protocol.c.obj[K
[1109/1489] Building C object esp-idf/bt/CMakeFiles/__idf_bt.dir/host/bluedroid/stack/btm/btm_sec.c.obj[K
[1110/1489] Building C object esp-idf/bt/CMakeFiles/__idf_bt.dir/host/bluedroid/stack/gatt/gatt_api.c.obj[K
[1111/1489] Building C object esp-idf/bt/CMakeFiles/__idf_bt.dir/host/bluedroid/stack/gatt/gatt_attr.c.obj[K
[1112/1489] Building C object esp-idf/bt/CMakeFiles/__idf_bt.dir/host/bluedroid/stack/gatt/gatt_auth.c.obj[K
[1113/1489] Building C object esp-idf/bt/CMakeFiles/__idf_bt.dir/host/bluedroid/stack/gatt/gatt_cl.c.obj[K
[1114/1489] Building C object esp-idf/bt/CMakeFiles/__idf_bt.dir/host/bluedroid/stack/goep/goepc_api.c.obj[K
[1115/1489] Building C object esp-idf/bt/CMakeFiles/__idf_bt.dir/host/bluedroid/stack/gatt/gatt_main.c.obj[K
[1116/1489] Building C object esp-idf/bt/CMakeFiles/__idf_bt.dir/host/bluedroid/stack/gatt/gatt_sr_hash.c.obj[K
[1117/1489] Building C object esp-idf/bt/CMakeFiles/__idf_bt.dir/host/bluedroid/stack/goep/goepc_main.c.obj[K
[1118/1489] Building C object esp-idf/bt/CMakeFiles/__idf_bt.dir/host/bluedroid/stack/gatt/gatt_db.c.obj[K
[1119/1489] Building C object esp-idf/bt/CMakeFiles/__idf_bt.dir/host/bluedroid/stack/gatt/gatt_sr.c.obj[K
[1120/1489] Building C object esp-idf/bt/CMakeFiles/__idf_bt.dir/host/bluedroid/stack/gatt/gatt_utils.c.obj[K
[1121/1489] Building C object esp-idf/bt/CMakeFiles/__idf_bt.dir/host/bluedroid/stack/hcic/hciblecmds.c.obj[K
[1122/1489] Building C object esp-idf/bt/CMakeFiles/__idf_bt.dir/host/bluedroid/stack/l2cap/l2cap_client.c.obj[K
[1123/1489] Building C object esp-idf/bt/CMakeFiles/__idf_bt.dir/host/bluedroid/stack/l2cap/l2c_csm.c.obj[K
[1124/1489] Building C object esp-idf/bt/CMakeFiles/__idf_bt.dir/host/bluedroid/stack/l2cap/l2c_api.c.obj[K
[1125/1489] Building C object esp-idf/bt/CMakeFiles/__idf_bt.dir/host/bluedroid/stack/hcic/hcicmds.c.obj[K
[1126/1489] Building C object esp-idf/bt/CMakeFiles/__idf_bt.dir/host/bluedroid/stack/l2cap/l2c_fcr.c.obj[K
[1127/1489] Building C object esp-idf/bt/CMakeFiles/__idf_bt.dir/host/bluedroid/stack/l2cap/l2c_ble.c.obj[K
[1128/1489] Building C object esp-idf/bt/CMakeFiles/__idf_bt.dir/host/bluedroid/stack/l2cap/l2c_ucd.c.obj[K
[1129/1489] Building C object esp-idf/bt/CMakeFiles/__idf_bt.dir/host/bluedroid/stack/l2cap/l2c_link.c.obj[K
[1130/1489] Building C object esp-idf/bt/CMakeFiles/__idf_bt.dir/host/bluedroid/stack/l2cap/l2c_main.c.obj[K
[1131/1489] Building C object esp-idf/bt/CMakeFiles/__idf_bt.dir/host/bluedroid/stack/l2cap/l2c_utils.c.obj[K
[1132/1489] Building C object esp-idf/bt/CMakeFiles/__idf_bt.dir/host/bluedroid/stack/obex/obex_api.c.obj[K
[1133/1489] Building C object esp-idf/bt/CMakeFiles/__idf_bt.dir/host/bluedroid/stack/obex/obex_main.c.obj[K
[1134/1489] Building C object esp-idf/bt/CMakeFiles/__idf_bt.dir/host/bluedroid/stack/obex/obex_tl_rfcomm.c.obj[K
[1135/1489] Building C object esp-idf/bt/CMakeFiles/__idf_bt.dir/host/bluedroid/stack/obex/obex_tl_l2cap.c.obj[K
[1136/1489] Building C object esp-idf/bt/CMakeFiles/__idf_bt.dir/host/bluedroid/stack/rfcomm/port_utils.c.obj[K
[1137/1489] Building C object esp-idf/bt/CMakeFiles/__idf_bt.dir/host/bluedroid/stack/rfcomm/rfc_l2cap_if.c.obj[K
[1138/1489] Building C object esp-idf/bt/CMakeFiles/__idf_bt.dir/host/bluedroid/stack/rfcomm/rfc_mx_fsm.c.obj[K
[1139/1489] Building C object esp-idf/bt/CMakeFiles/__idf_bt.dir/host/bluedroid/stack/rfcomm/port_rfc.c.obj[K
[1140/1489] Building C object esp-idf/bt/CMakeFiles/__idf_bt.dir/host/bluedroid/stack/rfcomm/port_api.c.obj[K
[1141/1489] Building C object esp-idf/bt/CMakeFiles/__idf_bt.dir/host/bluedroid/stack/rfcomm/rfc_port_fsm.c.obj[K
[1142/1489] Building C object esp-idf/bt/CMakeFiles/__idf_bt.dir/host/bluedroid/stack/rfcomm/rfc_port_if.c.obj[K
[1143/1489] Building C object esp-idf/bt/CMakeFiles/__idf_bt.dir/host/bluedroid/stack/rfcomm/rfc_ts_frames.c.obj[K
[1144/1489] Building C object esp-idf/bt/CMakeFiles/__idf_bt.dir/host/bluedroid/stack/rfcomm/rfc_utils.c.obj[K
[1145/1489] Building C object esp-idf/bt/CMakeFiles/__idf_bt.dir/host/bluedroid/stack/sdp/sdp_api.c.obj[K
[1146/1489] Building C object esp-idf/bt/CMakeFiles/__idf_bt.dir/host/bluedroid/stack/sdp/sdp_main.c.obj[K
[1147/1489] Building C object esp-idf/bt/CMakeFiles/__idf_bt.dir/host/bluedroid/stack/sdp/sdp_db.c.obj[K
[1148/1489] Building C object esp-idf/bt/CMakeFiles/__idf_bt.dir/host/bluedroid/stack/sdp/sdp_server.c.obj[K
[1149/1489] Building C object esp-idf/bt/CMakeFiles/__idf_bt.dir/host/bluedroid/stack/sdp/sdp_discovery.c.obj[K
[1150/1489] Building C object esp-idf/bt/CMakeFiles/__idf_bt.dir/host/bluedroid/stack/sdp/sdp_utils.c.obj[K
[1151/1489] Building C object esp-idf/bt/CMakeFiles/__idf_bt.dir/host/bluedroid/stack/smp/p_256_curvepara.c.obj[K
[1152/1489] Building C object esp-idf/bt/CMakeFiles/__idf_bt.dir/host/bluedroid/stack/smp/aes.c.obj[K
[1153/1489] Building C object esp-idf/bt/CMakeFiles/__idf_bt.dir/host/bluedroid/stack/smp/p_256_ecc_pp.c.obj[K
[1154/1489] Building C object esp-idf/bt/CMakeFiles/__idf_bt.dir/host/bluedroid/stack/smp/p_256_multprecision.c.obj[K
[1155/1489] Building C object esp-idf/bt/CMakeFiles/__idf_bt.dir/host/bluedroid/config/stack_config.c.obj[K
[1156/1489] Building C object esp-idf/bt/CMakeFiles/__idf_bt.dir/host/bluedroid/stack/smp/smp_act.c.obj[K
[1157/1489] Building C object esp-idf/bt/CMakeFiles/__idf_bt.dir/host/bluedroid/stack/smp/smp_api.c.obj[K
[1158/1489] Building C object esp-idf/bt/CMakeFiles/__idf_bt.dir/host/bluedroid/stack/smp/smp_br_main.c.obj[K
[1159/1489] Building C object esp-idf/bt/CMakeFiles/__idf_bt.dir/host/bluedroid/stack/smp/smp_cmac.c.obj[K
[1160/1489] Building C object esp-idf/bt/CMakeFiles/__idf_bt.dir/host/bluedroid/stack/smp/smp_main.c.obj[K
[1161/1489] Building C object esp-idf/bt/CMakeFiles/__idf_bt.dir/host/bluedroid/stack/smp/smp_l2c.c.obj[K
[1162/1489] Building C object esp-idf/bt/CMakeFiles/__idf_bt.dir/host/bluedroid/stack/smp/smp_keys.c.obj[K
[1163/1489] Building C object esp-idf/bt/CMakeFiles/__idf_bt.dir/host/bluedroid/stack/smp/smp_utils.c.obj[K
[1164/1489] Building C object esp-idf/console/CMakeFiles/__idf_console.dir/split_argv.c.obj[K
[1165/1489] Building C object esp-idf/bt/CMakeFiles/__idf_bt.dir/common/btc/profile/esp/blufi/bluedroid_host/esp_blufi.c.obj[K
[1166/1489] Building C object esp-idf/console/CMakeFiles/__idf_console.dir/commands.c.obj[K
[1167/1489] Building C object esp-idf/console/CMakeFiles/__idf_console.dir/esp_console_common.c.obj[K
[1168/1489] Building C object esp-idf/console/CMakeFiles/__idf_console.dir/esp_console_repl_internal.c.obj[K
[1169/1489] Building C object esp-idf/console/CMakeFiles/__idf_console.dir/linenoise/linenoise.c.obj[K
[1170/1489] Building C object esp-idf/console/CMakeFiles/__idf_console.dir/argtable3/arg_date.c.obj[K
[1171/1489] Building C object esp-idf/console/CMakeFiles/__idf_console.dir/argtable3/arg_cmd.c.obj[K
[1172/1489] Building C object esp-idf/console/CMakeFiles/__idf_console.dir/argtable3/arg_dbl.c.obj[K
[1173/1489] Building C object esp-idf/console/CMakeFiles/__idf_console.dir/esp_console_repl_chip.c.obj[K
[1174/1489] Building C object esp-idf/console/CMakeFiles/__idf_console.dir/argtable3/arg_file.c.obj[K
[1175/1489] Building C object esp-idf/console/CMakeFiles/__idf_console.dir/argtable3/arg_end.c.obj[K
[1176/1489] Building C object esp-idf/console/CMakeFiles/__idf_console.dir/argtable3/arg_dstr.c.obj[K
[1177/1489] Building C object esp-idf/console/CMakeFiles/__idf_console.dir/argtable3/arg_hashtable.c.obj[K
[1178/1489] Building C object esp-idf/console/CMakeFiles/__idf_console.dir/argtable3/arg_int.c.obj[K
[1179/1489] Building C object esp-idf/console/CMakeFiles/__idf_console.dir/argtable3/arg_lit.c.obj[K
[1180/1489] Building C object esp-idf/console/CMakeFiles/__idf_console.dir/argtable3/arg_rem.c.obj[K
[1181/1489] Building C object esp-idf/console/CMakeFiles/__idf_console.dir/argtable3/arg_str.c.obj[K
[1182/1489] Building C object esp-idf/console/CMakeFiles/__idf_console.dir/argtable3/arg_utils.c.obj[K
[1183/1489] Building C object esp-idf/console/CMakeFiles/__idf_console.dir/argtable3/arg_rex.c.obj[K
[1184/1489] Building C object esp-idf/console/CMakeFiles/__idf_console.dir/argtable3/argtable3.c.obj[K
[1185/1489] Building C object esp-idf/esp_eth/CMakeFiles/__idf_esp_eth.dir/src/esp_eth_netif_glue.c.obj[K
[1186/1489] Building C object esp-idf/esp_eth/CMakeFiles/__idf_esp_eth.dir/src/esp_eth.c.obj[K
[1187/1489] Building C object esp-idf/esp_eth/CMakeFiles/__idf_esp_eth.dir/src/mac/esp_eth_mac_esp_dma.c.obj[K
[1188/1489] Building C object esp-idf/esp_eth/CMakeFiles/__idf_esp_eth.dir/src/phy/esp_eth_phy_generic.c.obj[K
[1189/1489] Building C object esp-idf/esp_eth/CMakeFiles/__idf_esp_eth.dir/src/phy/esp_eth_phy_802_3.c.obj[K
[1190/1489] Building C object esp-idf/esp_eth/CMakeFiles/__idf_esp_eth.dir/src/phy/esp_eth_phy_dp83848.c.obj[K
[1191/1489] Building C object esp-idf/esp_eth/CMakeFiles/__idf_esp_eth.dir/src/mac/esp_eth_mac_esp_gpio.c.obj[K
[1192/1489] Building C object esp-idf/esp_eth/CMakeFiles/__idf_esp_eth.dir/src/mac/esp_eth_mac_esp.c.obj[K
[1193/1489] Building C object esp-idf/esp_eth/CMakeFiles/__idf_esp_eth.dir/src/phy/esp_eth_phy_ip101.c.obj[K
[1194/1489] Building C object esp-idf/esp_eth/CMakeFiles/__idf_esp_eth.dir/src/phy/esp_eth_phy_ksz80xx.c.obj[K
[1195/1489] Building C object esp-idf/esp_eth/CMakeFiles/__idf_esp_eth.dir/src/phy/esp_eth_phy_lan87xx.c.obj[K
[1196/1489] Building C object esp-idf/esp_eth/CMakeFiles/__idf_esp_eth.dir/src/phy/esp_eth_phy_rtl8201.c.obj[K
[1197/1489] Building CXX object esp-idf/wear_levelling/CMakeFiles/__idf_wear_levelling.dir/crc32.cpp.obj[K
[1198/1489] Building CXX object esp-idf/wear_levelling/CMakeFiles/__idf_wear_levelling.dir/Partition.cpp.obj[K
[1199/1489] Building CXX object esp-idf/wear_levelling/CMakeFiles/__idf_wear_levelling.dir/SPI_Flash.cpp.obj[K
[1200/1489] Building CXX object esp-idf/wear_levelling/CMakeFiles/__idf_wear_levelling.dir/WL_Ext_Perf.cpp.obj[K
[1201/1489] Building CXX object esp-idf/wear_levelling/CMakeFiles/__idf_wear_levelling.dir/WL_Ext_Safe.cpp.obj[K
[1202/1489] Building C object esp-idf/protobuf-c/CMakeFiles/__idf_protobuf-c.dir/protobuf-c/protobuf-c/protobuf-c.c.obj[K
[1203/1489] Building CXX object esp-idf/wear_levelling/CMakeFiles/__idf_wear_levelling.dir/wear_levelling.cpp.obj[K
[1204/1489] Building CXX object esp-idf/wear_levelling/CMakeFiles/__idf_wear_levelling.dir/WL_Flash.cpp.obj[K
[1205/1489] Building C object esp-idf/unity/CMakeFiles/__idf_unity.dir/unity_compat.c.obj[K
[1206/1489] Building C object esp-idf/unity/CMakeFiles/__idf_unity.dir/unity_runner.c.obj[K
[1207/1489] Building C object esp-idf/unity/CMakeFiles/__idf_unity.dir/unity_utils_cache.c.obj[K
[1208/1489] Building C object esp-idf/unity/CMakeFiles/__idf_unity.dir/unity_utils_memory.c.obj[K
[1209/1489] Building C object esp-idf/unity/CMakeFiles/__idf_unity.dir/unity/src/unity.c.obj[K
[1210/1489] Building C object esp-idf/unity/CMakeFiles/__idf_unity.dir/unity_utils_freertos.c.obj[K
[1211/1489] Linking C static library esp-idf\console\libconsole.a[K
[1212/1489] Building C object esp-idf/unity/CMakeFiles/__idf_unity.dir/unity_port_esp32.c.obj[K
[1213/1489] Building C object esp-idf/unity/CMakeFiles/__idf_unity.dir/port/esp/unity_utils_memory_esp.c.obj[K
[1214/1489] Linking C static library esp-idf\bt\libbt.a[K
[1215/1489] Linking C static library esp-idf\esp_eth\libesp_eth.a[K
[1216/1489] Building C object esp-idf/esp_hid/CMakeFiles/__idf_esp_hid.dir/src/esp_hidd.c.obj[K
[1217/1489] Building C object esp-idf/esp_driver_touch_sens/CMakeFiles/__idf_esp_driver_touch_sens.dir/hw_ver1/touch_version_specific.c.obj[K
[1218/1489] Building C object esp-idf/esp_hid/CMakeFiles/__idf_esp_hid.dir/src/esp_hid_common.c.obj[K
[1219/1489] Building C object esp-idf/esp_driver_touch_sens/CMakeFiles/__idf_esp_driver_touch_sens.dir/common/touch_sens_common.c.obj[K
[1220/1489] Building C object esp-idf/esp_hid/CMakeFiles/__idf_esp_hid.dir/src/bt_hidh.c.obj[K
[1221/1489] Building C object esp-idf/esp_hid/CMakeFiles/__idf_esp_hid.dir/src/esp_hidh.c.obj[K
[1222/1489] Building C object esp-idf/esp_hid/CMakeFiles/__idf_esp_hid.dir/src/ble_hidd.c.obj[K
[1223/1489] Building C object esp-idf/esp_hid/CMakeFiles/__idf_esp_hid.dir/src/bt_hidd.c.obj[K
[1224/1489] Building C object esp-idf/esp_hid/CMakeFiles/__idf_esp_hid.dir/src/ble_hidh.c.obj[K
[1225/1489] Linking C static library esp-idf\protobuf-c\libprotobuf-c.a[K
[1226/1489] Building C object esp-idf/protocomm/CMakeFiles/__idf_protocomm.dir/proto-c/sec0.pb-c.c.obj[K
[1227/1489] Building C object esp-idf/protocomm/CMakeFiles/__idf_protocomm.dir/proto-c/constants.pb-c.c.obj[K
[1228/1489] Building C object esp-idf/esp_https_server/CMakeFiles/__idf_esp_https_server.dir/src/https_server.c.obj[K
[1229/1489] Building C object esp-idf/protocomm/CMakeFiles/__idf_protocomm.dir/proto-c/session.pb-c.c.obj[K
[1230/1489] Building C object esp-idf/protocomm/CMakeFiles/__idf_protocomm.dir/proto-c/sec2.pb-c.c.obj[K
[1231/1489] Building C object esp-idf/protocomm/CMakeFiles/__idf_protocomm.dir/proto-c/sec1.pb-c.c.obj[K
[1232/1489] Building C object esp-idf/protocomm/CMakeFiles/__idf_protocomm.dir/src/common/protocomm.c.obj[K
[1233/1489] Building C object esp-idf/protocomm/CMakeFiles/__idf_protocomm.dir/src/transports/protocomm_console.c.obj[K
[1234/1489] Building C object esp-idf/protocomm/CMakeFiles/__idf_protocomm.dir/src/security/security0.c.obj[K
[1235/1489] Building C object esp-idf/protocomm/CMakeFiles/__idf_protocomm.dir/src/transports/protocomm_httpd.c.obj[K
[1236/1489] Linking C static library esp-idf\wear_levelling\libwear_levelling.a[K
[1237/1489] Building C object esp-idf/protocomm/CMakeFiles/__idf_protocomm.dir/src/crypto/srp6a/esp_srp_mpi.c.obj[K
[1238/1489] Building C object esp-idf/protocomm/CMakeFiles/__idf_protocomm.dir/src/security/security2.c.obj[K
[1239/1489] Building C object esp-idf/protocomm/CMakeFiles/__idf_protocomm.dir/src/simple_ble/simple_ble.c.obj[K
[1240/1489] Building C object esp-idf/protocomm/CMakeFiles/__idf_protocomm.dir/src/crypto/srp6a/esp_srp.c.obj[K
[1241/1489] Building C object esp-idf/protocomm/CMakeFiles/__idf_protocomm.dir/src/security/security1.c.obj[K
[1242/1489] Building C object esp-idf/fatfs/CMakeFiles/__idf_fatfs.dir/diskio/diskio.c.obj[K
[1243/1489] Building C object esp-idf/protocomm/CMakeFiles/__idf_protocomm.dir/src/transports/protocomm_ble.c.obj[K
[1244/1489] Building C object esp-idf/fatfs/CMakeFiles/__idf_fatfs.dir/diskio/diskio_rawflash.c.obj[K
[1245/1489] Building C object esp-idf/fatfs/CMakeFiles/__idf_fatfs.dir/diskio/diskio_wl.c.obj[K
[1246/1489] Building C object esp-idf/fatfs/CMakeFiles/__idf_fatfs.dir/src/ffunicode.c.obj[K
[1247/1489] Building C object esp-idf/fatfs/CMakeFiles/__idf_fatfs.dir/port/freertos/ffsystem.c.obj[K
[1248/1489] Building C object esp-idf/fatfs/CMakeFiles/__idf_fatfs.dir/diskio/diskio_sdmmc.c.obj[K
[1249/1489] Building C object esp-idf/fatfs/CMakeFiles/__idf_fatfs.dir/src/ff.c.obj[K
[1250/1489] Building C object esp-idf/fatfs/CMakeFiles/__idf_fatfs.dir/vfs/vfs_fat_spiflash.c.obj[K
[1251/1489] Building C object esp-idf/fatfs/CMakeFiles/__idf_fatfs.dir/vfs/vfs_fat.c.obj[K
[1252/1489] Building C object esp-idf/json/CMakeFiles/__idf_json.dir/cJSON/cJSON.c.obj[K
[1253/1489] Building C object esp-idf/fatfs/CMakeFiles/__idf_fatfs.dir/vfs/vfs_fat_sdmmc.c.obj[K
[1254/1489] Building C object esp-idf/json/CMakeFiles/__idf_json.dir/cJSON/cJSON_Utils.c.obj[K
[1255/1489] Building C object esp-idf/spiffs/CMakeFiles/__idf_spiffs.dir/spiffs/src/spiffs_cache.c.obj[K
[1256/1489] Building C object esp-idf/spiffs/CMakeFiles/__idf_spiffs.dir/spiffs_api.c.obj[K
[1257/1489] Building C object esp-idf/spiffs/CMakeFiles/__idf_spiffs.dir/spiffs/src/spiffs_check.c.obj[K
[1258/1489] Building C object esp-idf/spiffs/CMakeFiles/__idf_spiffs.dir/spiffs/src/spiffs_gc.c.obj[K
[1259/1489] Building C object esp-idf/spiffs/CMakeFiles/__idf_spiffs.dir/spiffs/src/spiffs_hydrogen.c.obj[K
[1260/1489] Building C object esp-idf/spiffs/CMakeFiles/__idf_spiffs.dir/esp_spiffs.c.obj[K
[1261/1489] Building C object esp-idf/espressif__mdns/CMakeFiles/__idf_espressif__mdns.dir/mdns_utils.c.obj[K
[1262/1489] Building C object esp-idf/espressif__mdns/CMakeFiles/__idf_espressif__mdns.dir/mdns_receive.c.obj[K
[1263/1489] Building C object esp-idf/spiffs/CMakeFiles/__idf_spiffs.dir/spiffs/src/spiffs_nucleus.c.obj[K
[1264/1489] Building C object esp-idf/espressif__mdns/CMakeFiles/__idf_espressif__mdns.dir/mdns_responder.c.obj[K
[1265/1489] Building C object esp-idf/espressif__mdns/CMakeFiles/__idf_espressif__mdns.dir/mdns_debug.c.obj[K
[1266/1489] Building C object esp-idf/espressif__mdns/CMakeFiles/__idf_espressif__mdns.dir/mdns_browser.c.obj[K
[1267/1489] Building C object esp-idf/espressif__mdns/CMakeFiles/__idf_espressif__mdns.dir/mdns_netif.c.obj[K
[1268/1489] Building C object esp-idf/espressif__mdns/CMakeFiles/__idf_espressif__mdns.dir/mdns_send.c.obj[K
[1269/1489] Building C object esp-idf/espressif__mdns/CMakeFiles/__idf_espressif__mdns.dir/mdns_service.c.obj[K
[1270/1489] Building C object esp-idf/espressif__mdns/CMakeFiles/__idf_espressif__mdns.dir/mdns_mem_caps.c.obj[K
[1271/1489] Building C object esp-idf/espressif__mdns/CMakeFiles/__idf_espressif__mdns.dir/mdns_querier.c.obj[K
[1272/1489] Building C object esp-idf/espressif__mdns/CMakeFiles/__idf_espressif__mdns.dir/mdns_pcb.c.obj[K
[1273/1489] Building C object esp-idf/app_trace/CMakeFiles/__idf_app_trace.dir/app_trace_util.c.obj[K
[1274/1489] Building C object esp-idf/app_trace/CMakeFiles/__idf_app_trace.dir/app_trace.c.obj[K
[1275/1489] Building C object esp-idf/espressif__mdns/CMakeFiles/__idf_espressif__mdns.dir/mdns_console.c.obj[K
[1276/1489] Building C object esp-idf/app_trace/CMakeFiles/__idf_app_trace.dir/host_file_io.c.obj[K
[1277/1489] Building C object esp-idf/espressif__mdns/CMakeFiles/__idf_espressif__mdns.dir/mdns_networking_lwip.c.obj[K
[1278/1489] Linking C static library esp-idf\esp_driver_touch_sens\libesp_driver_touch_sens.a[K
[1279/1489] Linking C static library esp-idf\unity\libunity.a[K
[1280/1489] Building C object esp-idf/app_trace/CMakeFiles/__idf_app_trace.dir/port/port_uart.c.obj[K
[1281/1489] Building C object esp-idf/cmock/CMakeFiles/__idf_cmock.dir/CMock/src/cmock.c.obj[K
[1282/1489] Linking C static library esp-idf\esp_hid\libesp_hid.a[K
[1283/1489] Building C object esp-idf/esp_driver_cam/CMakeFiles/__idf_esp_driver_cam.dir/esp_cam_ctlr.c.obj[K
[1284/1489] Linking C static library esp-idf\esp_https_server\libesp_https_server.a[K
[1285/1489] Building C object esp-idf/esp_driver_cam/CMakeFiles/__idf_esp_driver_cam.dir/dvp_share_ctrl.c.obj[K
[1286/1489] Building C object esp-idf/esp_lcd/CMakeFiles/__idf_esp_lcd.dir/src/esp_lcd_common.c.obj[K
[1287/1489] Building C object esp-idf/esp_lcd/CMakeFiles/__idf_esp_lcd.dir/src/esp_lcd_panel_ops.c.obj[K
[1288/1489] Building C object esp-idf/esp_lcd/CMakeFiles/__idf_esp_lcd.dir/src/esp_lcd_panel_io.c.obj[K
[1289/1489] Building C object esp-idf/esp_lcd/CMakeFiles/__idf_esp_lcd.dir/src/esp_lcd_panel_nt35510.c.obj[K
[1290/1489] Building C object esp-idf/esp_lcd/CMakeFiles/__idf_esp_lcd.dir/src/esp_lcd_panel_ssd1306.c.obj[K
[1291/1489] Building C object esp-idf/esp_lcd/CMakeFiles/__idf_esp_lcd.dir/src/esp_lcd_panel_st7789.c.obj[K
[1292/1489] Building C object esp-idf/esp_lcd/CMakeFiles/__idf_esp_lcd.dir/i2c/esp_lcd_panel_io_i2c_v1.c.obj[K
[1293/1489] Linking C static library esp-idf\protocomm\libprotocomm.a[K
[1294/1489] Building C object esp-idf/esp_lcd/CMakeFiles/__idf_esp_lcd.dir/i2c/esp_lcd_panel_io_i2c_v2.c.obj[K
[1295/1489] Building C object esp-idf/esp_lcd/CMakeFiles/__idf_esp_lcd.dir/spi/esp_lcd_panel_io_spi.c.obj[K
[1296/1489] Building C object esp-idf/espcoredump/CMakeFiles/__idf_espcoredump.dir/src/core_dump_init.c.obj[K
[1297/1489] Building C object esp-idf/esp_lcd/CMakeFiles/__idf_esp_lcd.dir/i80/esp_lcd_panel_io_i2s.c.obj[K
[1298/1489] Building C object esp-idf/esp_local_ctrl/CMakeFiles/__idf_esp_local_ctrl.dir/proto-c/esp_local_ctrl.pb-c.c.obj[K
[1299/1489] Building C object esp-idf/esp_local_ctrl/CMakeFiles/__idf_esp_local_ctrl.dir/src/esp_local_ctrl.c.obj[K
[1300/1489] Building C object esp-idf/esp_local_ctrl/CMakeFiles/__idf_esp_local_ctrl.dir/src/esp_local_ctrl_handler.c.obj[K
[1301/1489] Building C object esp-idf/esp_local_ctrl/CMakeFiles/__idf_esp_local_ctrl.dir/src/esp_local_ctrl_transport_ble.c.obj[K
[1302/1489] Building C object esp-idf/esp_local_ctrl/CMakeFiles/__idf_esp_local_ctrl.dir/src/esp_local_ctrl_transport_httpd.c.obj[K
[1303/1489] Building C object esp-idf/espcoredump/CMakeFiles/__idf_espcoredump.dir/src/core_dump_common.c.obj[K
[1304/1489] Building C object esp-idf/espcoredump/CMakeFiles/__idf_espcoredump.dir/src/core_dump_sha.c.obj[K
[1305/1489] Building C object esp-idf/espcoredump/CMakeFiles/__idf_espcoredump.dir/src/core_dump_crc.c.obj[K
[1306/1489] Building C object esp-idf/espcoredump/CMakeFiles/__idf_espcoredump.dir/src/core_dump_uart.c.obj[K
[1307/1489] Linking C static library esp-idf\fatfs\libfatfs.a[K
[1308/1489] Building C object esp-idf/espcoredump/CMakeFiles/__idf_espcoredump.dir/src/core_dump_flash.c.obj[K
[1309/1489] Building C object esp-idf/espcoredump/CMakeFiles/__idf_espcoredump.dir/src/core_dump_elf.c.obj[K
[1310/1489] Building C object esp-idf/espcoredump/CMakeFiles/__idf_espcoredump.dir/src/core_dump_binary.c.obj[K
[1311/1489] Building ASM object esp-idf/espcoredump/CMakeFiles/__idf_espcoredump.dir/src/port/xtensa/core_dump_stack_switch.S.obj[K
[1312/1489] Linking C static library esp-idf\json\libjson.a[K
[1313/1489] Building C object esp-idf/espcoredump/CMakeFiles/__idf_espcoredump.dir/src/port/xtensa/core_dump_port.c.obj[K
[1314/1489] Building C object esp-idf/perfmon/CMakeFiles/__idf_perfmon.dir/xtensa_perfmon_masks.c.obj[K
[1315/1489] Building C object esp-idf/nvs_sec_provider/CMakeFiles/__idf_nvs_sec_provider.dir/nvs_sec_provider.c.obj[K
[1316/1489] Building C object esp-idf/perfmon/CMakeFiles/__idf_perfmon.dir/xtensa_perfmon_access.c.obj[K
[1317/1489] Building C object esp-idf/perfmon/CMakeFiles/__idf_perfmon.dir/xtensa_perfmon_apis.c.obj[K
[1318/1489] Building C object esp-idf/mqtt/CMakeFiles/__idf_mqtt.dir/esp-mqtt/lib/platform_esp32_idf.c.obj[K
[1319/1489] Building C object esp-idf/mqtt/CMakeFiles/__idf_mqtt.dir/esp-mqtt/lib/mqtt_outbox.c.obj[K
[1320/1489] Building C object esp-idf/mqtt/CMakeFiles/__idf_mqtt.dir/esp-mqtt/lib/mqtt_msg.c.obj[K
[1321/1489] Linking C static library esp-idf\spiffs\libspiffs.a[K
[1322/1489] Building C object esp-idf/rt/CMakeFiles/__idf_rt.dir/FreeRTOS_POSIX_mqueue.c.obj[K
[1323/1489] Building C object esp-idf/wifi_provisioning/CMakeFiles/__idf_wifi_provisioning.dir/src/wifi_config.c.obj[K
[1324/1489] Building C object esp-idf/rt/CMakeFiles/__idf_rt.dir/FreeRTOS_POSIX_utils.c.obj[K
[1325/1489] Building C object esp-idf/wifi_provisioning/CMakeFiles/__idf_wifi_provisioning.dir/src/wifi_ctrl.c.obj[K
[1326/1489] Building C object esp-idf/wifi_provisioning/CMakeFiles/__idf_wifi_provisioning.dir/src/wifi_scan.c.obj[K
[1327/1489] Building C object esp-idf/mqtt/CMakeFiles/__idf_mqtt.dir/esp-mqtt/mqtt_client.c.obj[K
[1328/1489] Building C object esp-idf/wifi_provisioning/CMakeFiles/__idf_wifi_provisioning.dir/proto-c/wifi_config.pb-c.c.obj[K
[1329/1489] Building C object esp-idf/wifi_provisioning/CMakeFiles/__idf_wifi_provisioning.dir/src/handlers.c.obj[K
[1330/1489] Building C object esp-idf/wifi_provisioning/CMakeFiles/__idf_wifi_provisioning.dir/src/scheme_console.c.obj[K
[1331/1489] Building C object esp-idf/wifi_provisioning/CMakeFiles/__idf_wifi_provisioning.dir/proto-c/wifi_constants.pb-c.c.obj[K
[1332/1489] Building C object esp-idf/wifi_provisioning/CMakeFiles/__idf_wifi_provisioning.dir/proto-c/wifi_ctrl.pb-c.c.obj[K
[1333/1489] Building C object esp-idf/wifi_provisioning/CMakeFiles/__idf_wifi_provisioning.dir/proto-c/wifi_scan.pb-c.c.obj[K
[1334/1489] Linking C static library esp-idf\espressif__mdns\libespressif__mdns.a[K
[1335/1489] Building C object esp-idf/wifi_provisioning/CMakeFiles/__idf_wifi_provisioning.dir/src/manager.c.obj[K
[1336/1489] Building C object esp-idf/wifi_provisioning/CMakeFiles/__idf_wifi_provisioning.dir/src/scheme_softap.c.obj[K
[1337/1489] Building C object esp-idf/wifi_provisioning/CMakeFiles/__idf_wifi_provisioning.dir/src/scheme_ble.c.obj[K
[1338/1489] Building C object esp-idf/espressif__arduino-esp32/CMakeFiles/__idf_espressif__arduino-esp32.dir/cores/esp32/ColorFormat.c.obj[K
[1339/1489] Building C object esp-idf/espressif__arduino-esp32/CMakeFiles/__idf_espressif__arduino-esp32.dir/cores/esp32/esp32-hal-bt.c.obj[K
[1340/1489] Building C object esp-idf/espressif__arduino-esp32/CMakeFiles/__idf_espressif__arduino-esp32.dir/cores/esp32/esp32-hal-hosted.c.obj[K
[1341/1489] Building CXX object esp-idf/espressif__arduino-esp32/CMakeFiles/__idf_espressif__arduino-esp32.dir/cores/esp32/cbuf.cpp.obj[K
[1342/1489] Building C object esp-idf/espressif__arduino-esp32/CMakeFiles/__idf_espressif__arduino-esp32.dir/cores/esp32/esp32-hal-adc.c.obj[K
[1343/1489] Building C object esp-idf/espressif__arduino-esp32/CMakeFiles/__idf_espressif__arduino-esp32.dir/cores/esp32/esp32-hal-cpu.c.obj[K
[1344/1489] Building C object esp-idf/espressif__arduino-esp32/CMakeFiles/__idf_espressif__arduino-esp32.dir/cores/esp32/esp32-hal-dac.c.obj[K
[1345/1489] Building C object esp-idf/espressif__arduino-esp32/CMakeFiles/__idf_espressif__arduino-esp32.dir/cores/esp32/esp32-hal-i2c.c.obj[K
[1346/1489] Building C object esp-idf/espressif__arduino-esp32/CMakeFiles/__idf_espressif__arduino-esp32.dir/cores/esp32/esp32-hal-gpio.c.obj[K
[1347/1489] Building C object esp-idf/espressif__arduino-esp32/CMakeFiles/__idf_espressif__arduino-esp32.dir/cores/esp32/esp32-hal-log-wrapper.c.obj[K
[1348/1489] Building C object esp-idf/espressif__arduino-esp32/CMakeFiles/__idf_espressif__arduino-esp32.dir/cores/esp32/esp32-hal-i2c-slave.c.obj[K
[1349/1489] Building C object esp-idf/espressif__arduino-esp32/CMakeFiles/__idf_espressif__arduino-esp32.dir/cores/esp32/esp32-hal-ldo.c.obj[K
[1350/1489] Building C object esp-idf/espressif__arduino-esp32/CMakeFiles/__idf_espressif__arduino-esp32.dir/cores/esp32/esp32-hal-i2c-ng.c.obj[K
[1351/1489] Building C object esp-idf/espressif__arduino-esp32/CMakeFiles/__idf_espressif__arduino-esp32.dir/cores/esp32/esp32-hal-periman.c.obj[K
[1352/1489] Building C object esp-idf/espressif__arduino-esp32/CMakeFiles/__idf_espressif__arduino-esp32.dir/cores/esp32/esp32-hal-ledc.c.obj[K
[1353/1489] Building C object esp-idf/espressif__arduino-esp32/CMakeFiles/__idf_espressif__arduino-esp32.dir/cores/esp32/esp32-hal-matrix.c.obj[K
[1354/1489] Building C object esp-idf/espressif__arduino-esp32/CMakeFiles/__idf_espressif__arduino-esp32.dir/cores/esp32/esp32-hal-misc.c.obj[K
[1355/1489] Building C object esp-idf/espressif__arduino-esp32/CMakeFiles/__idf_espressif__arduino-esp32.dir/cores/esp32/esp32-hal-psram.c.obj[K
[1356/1489] Building C object esp-idf/espressif__arduino-esp32/CMakeFiles/__idf_espressif__arduino-esp32.dir/cores/esp32/esp32-hal-tinyusb.c.obj[K
[1357/1489] Building C object esp-idf/espressif__arduino-esp32/CMakeFiles/__idf_espressif__arduino-esp32.dir/cores/esp32/esp32-hal-rgb-led.c.obj[K
[1358/1489] Building C object esp-idf/espressif__arduino-esp32/CMakeFiles/__idf_espressif__arduino-esp32.dir/cores/esp32/esp32-hal-touch.c.obj[K
[1359/1489] Building C object esp-idf/espressif__arduino-esp32/CMakeFiles/__idf_espressif__arduino-esp32.dir/cores/esp32/esp32-hal-sigmadelta.c.obj[K
[1360/1489] Building C object esp-idf/espressif__arduino-esp32/CMakeFiles/__idf_espressif__arduino-esp32.dir/cores/esp32/esp32-hal-timer.c.obj[K
[1361/1489] Building C object esp-idf/espressif__arduino-esp32/CMakeFiles/__idf_espressif__arduino-esp32.dir/cores/esp32/esp32-hal-spi.c.obj[K
[1362/1489] Building C object esp-idf/espressif__arduino-esp32/CMakeFiles/__idf_espressif__arduino-esp32.dir/cores/esp32/esp32-hal-time.c.obj[K
[1363/1489] Building CXX object esp-idf/espressif__arduino-esp32/CMakeFiles/__idf_espressif__arduino-esp32.dir/cores/esp32/base64.cpp.obj[K
[1364/1489] Building C object esp-idf/espressif__arduino-esp32/CMakeFiles/__idf_espressif__arduino-esp32.dir/cores/esp32/esp32-hal-touch-ng.c.obj[K
[1365/1489] Building CXX object esp-idf/espressif__arduino-esp32/CMakeFiles/__idf_espressif__arduino-esp32.dir/cores/esp32/chip-debug-report.cpp.obj[K
[1366/1489] Building CXX object esp-idf/espressif__arduino-esp32/CMakeFiles/__idf_espressif__arduino-esp32.dir/cores/esp32/freertos_stats.cpp.obj[K
[1367/1489] Building C object esp-idf/espressif__arduino-esp32/CMakeFiles/__idf_espressif__arduino-esp32.dir/cores/esp32/esp32-hal-uart.c.obj[K
[1368/1489] Building C object esp-idf/espressif__arduino-esp32/CMakeFiles/__idf_espressif__arduino-esp32.dir/cores/esp32/idf_openthread_mpool_wrapper.c.obj[K
[1369/1489] Building C object esp-idf/espressif__arduino-esp32/CMakeFiles/__idf_espressif__arduino-esp32.dir/cores/esp32/esp32-hal-rmt.c.obj[K
[1370/1489] Building CXX object esp-idf/espressif__arduino-esp32/CMakeFiles/__idf_espressif__arduino-esp32.dir/cores/esp32/HashBuilder.cpp.obj[K
[1371/1489] Building C object esp-idf/espressif__arduino-esp32/CMakeFiles/__idf_espressif__arduino-esp32.dir/cores/esp32/libb64/cdecode.c.obj[K
[1372/1489] Building CXX object esp-idf/espressif__arduino-esp32/CMakeFiles/__idf_espressif__arduino-esp32.dir/cores/esp32/HEXBuilder.cpp.obj[K
[1373/1489] Building C object esp-idf/espressif__arduino-esp32/CMakeFiles/__idf_espressif__arduino-esp32.dir/cores/esp32/libb64/cencode.c.obj[K
[1374/1489] Building CXX object esp-idf/espressif__arduino-esp32/CMakeFiles/__idf_espressif__arduino-esp32.dir/cores/esp32/MD5Builder.cpp.obj[K
[1375/1489] Building CXX object esp-idf/espressif__arduino-esp32/CMakeFiles/__idf_espressif__arduino-esp32.dir/cores/esp32/IPAddress.cpp.obj[K
[1376/1489] Building C object esp-idf/espressif__arduino-esp32/CMakeFiles/__idf_espressif__arduino-esp32.dir/cores/esp32/stdlib_noniso.c.obj[K
[1377/1489] Building CXX object esp-idf/espressif__arduino-esp32/CMakeFiles/__idf_espressif__arduino-esp32.dir/cores/esp32/StringUtils.cpp.obj[K
[1378/1489] Building CXX object esp-idf/espressif__arduino-esp32/CMakeFiles/__idf_espressif__arduino-esp32.dir/cores/esp32/FunctionalInterrupt.cpp.obj[K
[1379/1489] Building CXX object esp-idf/espressif__arduino-esp32/CMakeFiles/__idf_espressif__arduino-esp32.dir/cores/esp32/HWCDC.cpp.obj[K
[1380/1489] Building CXX object esp-idf/espressif__arduino-esp32/CMakeFiles/__idf_espressif__arduino-esp32.dir/cores/esp32/HardwareSerial.cpp.obj[K
[1381/1489] Building CXX object esp-idf/espressif__arduino-esp32/CMakeFiles/__idf_espressif__arduino-esp32.dir/cores/esp32/USB.cpp.obj[K
[1382/1489] Building CXX object esp-idf/espressif__arduino-esp32/CMakeFiles/__idf_espressif__arduino-esp32.dir/cores/esp32/MacAddress.cpp.obj[K
[1383/1489] Building CXX object esp-idf/espressif__arduino-esp32/CMakeFiles/__idf_espressif__arduino-esp32.dir/cores/esp32/USBCDC.cpp.obj[K
[1384/1489] Building CXX object esp-idf/espressif__arduino-esp32/CMakeFiles/__idf_espressif__arduino-esp32.dir/cores/esp32/main.cpp.obj[K
[1385/1489] Building CXX object esp-idf/espressif__arduino-esp32/CMakeFiles/__idf_espressif__arduino-esp32.dir/cores/esp32/USBMSC.cpp.obj[K
[1386/1489] Building CXX object esp-idf/espressif__arduino-esp32/CMakeFiles/__idf_espressif__arduino-esp32.dir/cores/esp32/Print.cpp.obj[K
[1387/1489] Building CXX object esp-idf/espressif__arduino-esp32/CMakeFiles/__idf_espressif__arduino-esp32.dir/cores/esp32/FirmwareMSC.cpp.obj[K
[1388/1489] Building CXX object esp-idf/espressif__arduino-esp32/CMakeFiles/__idf_espressif__arduino-esp32.dir/cores/esp32/Stream.cpp.obj[K
[1389/1489] Building C object esp-idf/espressif__arduino-esp32/CMakeFiles/__idf_espressif__arduino-esp32.dir/cores/esp32/firmware_msc_fat.c.obj[K
[1390/1489] Building CXX object esp-idf/espressif__arduino-esp32/CMakeFiles/__idf_espressif__arduino-esp32.dir/cores/esp32/StreamString.cpp.obj[K
[1391/1489] Building CXX object esp-idf/espressif__arduino-esp32/CMakeFiles/__idf_espressif__arduino-esp32.dir/cores/esp32/WMath.cpp.obj[K
[1392/1489] Building C object esp-idf/espressif__arduino-esp32/CMakeFiles/__idf_espressif__arduino-esp32.dir/cores/esp32/wiring_shift.c.obj[K
[1393/1489] Building C object esp-idf/espressif__arduino-esp32/CMakeFiles/__idf_espressif__arduino-esp32.dir/cores/esp32/wiring_pulse.c.obj[K
[1394/1489] Building CXX object esp-idf/espressif__arduino-esp32/CMakeFiles/__idf_espressif__arduino-esp32.dir/libraries/ESP_Video/src/ESP_Video.cpp.obj[K
[1395/1489] Linking C static library esp-idf\cmock\libcmock.a[K
[1396/1489] Linking C static library esp-idf\esp_driver_cam\libesp_driver_cam.a[K
[1397/1489] Linking C static library esp-idf\app_trace\libapp_trace.a[K
[1398/1489] Linking C static library esp-idf\esp_local_ctrl\libesp_local_ctrl.a[K
[1399/1489] Linking C static library esp-idf\espcoredump\libespcoredump.a[K
[1400/1489] Linking C static library esp-idf\esp_lcd\libesp_lcd.a[K
[1401/1489] Linking C static library esp-idf\mqtt\libmqtt.a[K
[1402/1489] Linking C static library esp-idf\nvs_sec_provider\libnvs_sec_provider.a[K
[1403/1489] Linking C static library esp-idf\perfmon\libperfmon.a[K
[1404/1489] Linking C static library esp-idf\rt\librt.a[K
[1405/1489] Building CXX object esp-idf/espressif__arduino-esp32/CMakeFiles/__idf_espressif__arduino-esp32.dir/cores/esp32/Tone.cpp.obj[K
[1406/1489] Linking C static library esp-idf\wifi_provisioning\libwifi_provisioning.a[K
[1407/1489] Building CXX object esp-idf/espressif__arduino-esp32/CMakeFiles/__idf_espressif__arduino-esp32.dir/cores/esp32/Esp.cpp.obj[K
[1408/1489] Building CXX object esp-idf/espressif__arduino-esp32/CMakeFiles/__idf_espressif__arduino-esp32.dir/cores/esp32/WString.cpp.obj[K
[1409/1489] Linking C static library esp-idf\espressif__arduino-esp32\libespressif__arduino-esp32.a[K
[1410/1489] Building CXX object esp-idf/src/CMakeFiles/__idf_src.dir/esphome/components/api/api_buffer.cpp.obj[K
[1411/1489] Building CXX object esp-idf/src/CMakeFiles/__idf_src.dir/esphome/components/api/api_overflow_buffer.cpp.obj[K
[1412/1489] Building CXX object esp-idf/src/CMakeFiles/__idf_src.dir/esphome/components/api/api_frame_helper_plaintext.cpp.obj[K
[1413/1489] Building CXX object esp-idf/src/CMakeFiles/__idf_src.dir/esphome/components/api/api_frame_helper.cpp.obj[K
[1414/1489] Building CXX object esp-idf/src/CMakeFiles/__idf_src.dir/esphome/components/api/proto.cpp.obj[K
[1415/1489] Building CXX object esp-idf/src/CMakeFiles/__idf_src.dir/esphome/components/api/api_pb2.cpp.obj[K
[1416/1489] Building CXX object esp-idf/src/CMakeFiles/__idf_src.dir/esphome/components/api/api_pb2_service.cpp.obj[K
[1417/1489] Building CXX object esp-idf/src/CMakeFiles/__idf_src.dir/esphome/components/api/list_entities.cpp.obj[K
[1418/1489] Building CXX object esp-idf/src/CMakeFiles/__idf_src.dir/esphome/components/api/api_server.cpp.obj[K
[1419/1489] Building CXX object esp-idf/src/CMakeFiles/__idf_src.dir/esphome/components/api/api_connection.cpp.obj[K
[1420/1489] Building CXX object esp-idf/src/CMakeFiles/__idf_src.dir/esphome/components/api/subscribe_state.cpp.obj[K
[1421/1489] Building CXX object esp-idf/src/CMakeFiles/__idf_src.dir/esphome/components/binary_sensor/filter.cpp.obj[K
[1422/1489] Building CXX object esp-idf/src/CMakeFiles/__idf_src.dir/esphome/components/esp32/printf_stubs.cpp.obj[K
[1423/1489] Building CXX object esp-idf/src/CMakeFiles/__idf_src.dir/esphome/components/esp32/throw_stubs.cpp.obj[K
[1424/1489] Building CXX object esp-idf/src/CMakeFiles/__idf_src.dir/esphome/components/esp32/crash_handler.cpp.obj[K
[1425/1489] Building CXX object esp-idf/src/CMakeFiles/__idf_src.dir/esphome/components/binary_sensor/binary_sensor.cpp.obj[K
[1426/1489] Building CXX object esp-idf/src/CMakeFiles/__idf_src.dir/esphome/components/binary_sensor/automation.cpp.obj[K
[1427/1489] Building CXX object esp-idf/src/CMakeFiles/__idf_src.dir/esphome/components/button/button.cpp.obj[K
[1428/1489] Building CXX object esp-idf/src/CMakeFiles/__idf_src.dir/esphome/components/esp32/hal.cpp.obj[K
[1429/1489] Building CXX object esp-idf/src/CMakeFiles/__idf_src.dir/esphome/components/esp32/core.cpp.obj[K
[1430/1489] Building CXX object esp-idf/src/CMakeFiles/__idf_src.dir/esphome/components/esp32/helpers.cpp.obj[K
[1431/1489] Building CXX object esp-idf/src/CMakeFiles/__idf_src.dir/esphome/components/esp32/gpio.cpp.obj[K
[1432/1489] Building CXX object esp-idf/src/CMakeFiles/__idf_src.dir/esphome/components/esp32/preferences.cpp.obj[K
[1433/1489] Building CXX object esp-idf/src/CMakeFiles/__idf_src.dir/esphome/components/logger/logger.cpp.obj[K
[1434/1489] Building CXX object esp-idf/src/CMakeFiles/__idf_src.dir/esphome/components/logger/task_log_buffer_esp32.cpp.obj[K
[1435/1489] Building CXX object esp-idf/src/CMakeFiles/__idf_src.dir/esphome/components/logger/logger_esp32.cpp.obj[K
[1436/1489] Building CXX object esp-idf/src/CMakeFiles/__idf_src.dir/esphome/components/md5/md5.cpp.obj[K
[1437/1489] Building CXX object esp-idf/src/CMakeFiles/__idf_src.dir/esphome/components/esphome/ota/ota_esphome.cpp.obj[K
[1438/1489] Building CXX object esp-idf/src/CMakeFiles/__idf_src.dir/esphome/components/ota/ota_backend.cpp.obj[K
[1439/1489] Building CXX object esp-idf/src/CMakeFiles/__idf_src.dir/esphome/components/mdns/mdns_component.cpp.obj[K
[1440/1489] Building CXX object esp-idf/src/CMakeFiles/__idf_src.dir/esphome/components/mdns/mdns_esp32.cpp.obj[K
[1441/1489] Building CXX object esp-idf/src/CMakeFiles/__idf_src.dir/esphome/components/network/network_component.cpp.obj[K
[1442/1489] Building CXX object esp-idf/src/CMakeFiles/__idf_src.dir/esphome/components/network/util.cpp.obj[K
[1443/1489] Building CXX object esp-idf/src/CMakeFiles/__idf_src.dir/esphome/components/ota/ota_backend_esp_idf.cpp.obj[K
[1444/1489] Building CXX object esp-idf/src/CMakeFiles/__idf_src.dir/esphome/components/ota/ota_bootloader_esp_idf.cpp.obj[K
[1445/1489] Building CXX object esp-idf/src/CMakeFiles/__idf_src.dir/esphome/components/ota/ota_partitions_esp_idf.cpp.obj[K
[1446/1489] Building CXX object esp-idf/src/CMakeFiles/__idf_src.dir/esphome/components/sensor/filter.cpp.obj[K
[1447/1489] Building CXX object esp-idf/src/CMakeFiles/__idf_src.dir/esphome/components/safe_mode/safe_mode.cpp.obj[K
[1448/1489] Building CXX object esp-idf/src/CMakeFiles/__idf_src.dir/esphome/components/sensor/automation.cpp.obj[K
[1449/1489] Building CXX object esp-idf/src/CMakeFiles/__idf_src.dir/esphome/components/sensor/sensor.cpp.obj[K
[1450/1489] Building CXX object esp-idf/src/CMakeFiles/__idf_src.dir/esphome/components/watchdog/watchdog.cpp.obj[K
[1451/1489] Building CXX object esp-idf/src/CMakeFiles/__idf_src.dir/esphome/components/socket/socket.cpp.obj[K
[1452/1489] Building CXX object esp-idf/src/CMakeFiles/__idf_src.dir/esphome/components/socket/bsd_sockets_impl.cpp.obj[K
[1453/1489] Building CXX object esp-idf/src/CMakeFiles/__idf_src.dir/esphome/components/sha256/sha256.cpp.obj[K
[1454/1489] Building CXX object esp-idf/src/CMakeFiles/__idf_src.dir/esphome/components/wii_balance_board/wii.cpp.obj[K

[01m[KC:/Temp/wii_balance_board/.esphome/build/wii-balance-board/src/esphome/components/wii_balance_board/wii.cpp:[m[K In constructor '[01m[Kesphome::wii_balance_board::detail::Wii::BalanceBoard::[01;32m[KBalanceBoard[m[K(esphome::wii_balance_board::detail::Bluetooth*, uint16_t)[m[K':
[01m[KC:/Temp/wii_balance_board/.esphome/build/wii-balance-board/src/esphome/components/wii_balance_board/wii.cpp:19:12:[m[K [01;35m[Kwarning: [m[K'[01m[Kesphome::wii_balance_board::detail::Wii::BalanceBoard::handle[m[K' will be initialized after [[01;35m[K-Wreorder[m[K]
   19 |   uint16_t [01;35m[Khandle[m[K;
      |            [01;35m[K^~~~~~[m[K
[01m[KC:/Temp/wii_balance_board/.esphome/build/wii-balance-board/src/esphome/components/wii_balance_board/wii.cpp:18:7:[m[K [01;35m[Kwarning: [m[K  '[01m[Kint esphome::wii_balance_board::detail::Wii::BalanceBoard::queryState[m[K' [[01;35m[K-Wreorder[m[K]
   18 |   int [01;35m[KqueryState[m[K;
      |       [01;35m[K^~~~~~~~~~[m[K

[01m[KC:/Temp/wii_balance_board/.esphome/build/wii-balance-board/src/esphome/components/wii_balance_board/wii.cpp:25:3:[m[K [01;35m[Kwarning: [m[K  when initialized here [[01;35m[K-Wreorder[m[K]

   25 |   [01;35m[KBalanceBoard[m[K(Bluetooth *bt, uint16_t handle) : bt(bt), handle(handle), queryState(0) {}

      |   [01;35m[K^~~~~~~~~~~~[m[K

[1455/1489] Building CXX object esp-idf/src/CMakeFiles/__idf_src.dir/esphome/components/wifi/wifi_component.cpp.obj[K
[1456/1489] Building CXX object esp-idf/src/CMakeFiles/__idf_src.dir/esphome/core/build_info_data.cpp.obj[K
[1457/1489] Building CXX object esp-idf/src/CMakeFiles/__idf_src.dir/esphome/components/wii_balance_board/bluetooth.cpp.obj[K
[1458/1489] Building CXX object esp-idf/src/CMakeFiles/__idf_src.dir/esphome/components/wifi/wifi_component_esp_idf.cpp.obj[K
[1459/1489] Building CXX object esp-idf/src/CMakeFiles/__idf_src.dir/esphome/components/wii_balance_board/wii_balance_board.cpp.obj[K
[1460/1489] Building CXX object esp-idf/src/CMakeFiles/__idf_src.dir/esphome/core/alloc_helpers.cpp.obj[K
[1461/1489] Building C object esp-idf/src/CMakeFiles/__idf_src.dir/esphome/core/lwip_fast_select.c.obj[K
[1462/1489] Building CXX object esp-idf/src/CMakeFiles/__idf_src.dir/esphome/core/application.cpp.obj[K
[1463/1489] Building C object esp-idf/src/CMakeFiles/__idf_src.dir/esphome/core/main_task.c.obj[K
[1464/1489] Building CXX object esp-idf/src/CMakeFiles/__idf_src.dir/esphome/core/color.cpp.obj[K
[1465/1489] Building CXX object esp-idf/src/CMakeFiles/__idf_src.dir/esphome/core/entity_base.cpp.obj[K
[1466/1489] Building CXX object esp-idf/src/CMakeFiles/__idf_src.dir/esphome/core/controller_registry.cpp.obj[K
[1467/1489] Building CXX object esp-idf/src/CMakeFiles/__idf_src.dir/esphome/core/component_iterator.cpp.obj[K
[1468/1489] Building CXX object esp-idf/src/CMakeFiles/__idf_src.dir/esphome/core/component.cpp.obj[K
[1469/1489] Building CXX object esp-idf/src/CMakeFiles/__idf_src.dir/esphome/core/gpio.cpp.obj[K
[1470/1489] Building CXX object esp-idf/src/CMakeFiles/__idf_src.dir/esphome/core/helpers.cpp.obj[K
[1471/1489] Building CXX object esp-idf/src/CMakeFiles/__idf_src.dir/esphome/core/log.cpp.obj[K
[1472/1489] Building CXX object esp-idf/src/CMakeFiles/__idf_src.dir/esphome/core/static_task.cpp.obj[K
[1473/1489] Building CXX object esp-idf/src/CMakeFiles/__idf_src.dir/esphome/core/scheduler.cpp.obj[K
[1474/1489] Building CXX object esp-idf/src/CMakeFiles/__idf_src.dir/esphome/core/time.cpp.obj[K
[1475/1489] Performing build step for 'bootloader'[K
[1/118] Building C object esp-idf/log/CMakeFiles/__idf_log.dir/src/noos/util.c.obj[K
[2/118] Building C object esp-idf/log/CMakeFiles/__idf_log.dir/src/log_timestamp_common.c.obj[K
[3/118] Building C object esp-idf/log/CMakeFiles/__idf_log.dir/src/util.c.obj[K
[4/118] Building C object esp-idf/log/CMakeFiles/__idf_log.dir/src/noos/log_timestamp.c.obj[K
[5/118] Building C object esp-idf/log/CMakeFiles/__idf_log.dir/src/log_print.c.obj[K
[6/118] Building C object esp-idf/log/CMakeFiles/__idf_log.dir/src/log_format_text.c.obj[K
[7/118] Building C object esp-idf/esp_rom/CMakeFiles/__idf_esp_rom.dir/patches/esp_rom_sys.c.obj[K
[8/118] Building C object esp-idf/log/CMakeFiles/__idf_log.dir/src/noos/log_lock.c.obj[K
[9/118] Building C object esp-idf/log/CMakeFiles/__idf_log.dir/src/buffer/log_buffers.c.obj[K
[10/118] Building C object esp-idf/log/CMakeFiles/__idf_log.dir/src/log.c.obj[K
[11/118] Building C object esp-idf/esp_rom/CMakeFiles/__idf_esp_rom.dir/patches/esp_rom_crc.c.obj[K
[12/118] Building C object esp-idf/esp_rom/CMakeFiles/__idf_esp_rom.dir/patches/esp_rom_uart.c.obj[K
[13/118] Building C object esp-idf/esp_rom/CMakeFiles/__idf_esp_rom.dir/patches/esp_rom_efuse.c.obj[K
[14/118] Building C object esp-idf/esp_rom/CMakeFiles/__idf_esp_rom.dir/patches/esp_rom_print.c.obj[K
[15/118] Building ASM object esp-idf/esp_rom/CMakeFiles/__idf_esp_rom.dir/patches/esp_rom_longjmp.S.obj[K
[16/118] Building C object esp-idf/esp_rom/CMakeFiles/__idf_esp_rom.dir/patches/esp_rom_gpio.c.obj[K
[17/118] Building C object esp-idf/esp_common/CMakeFiles/__idf_esp_common.dir/src/esp_err_to_name.c.obj[K
[18/118] Building C object esp-idf/esp_hw_support/CMakeFiles/__idf_esp_hw_support.dir/cpu.c.obj[K
[19/118] Building C object esp-idf/esp_rom/CMakeFiles/__idf_esp_rom.dir/patches/esp_rom_spiflash.c.obj[K
[20/118] Building C object esp-idf/esp_hw_support/CMakeFiles/__idf_esp_hw_support.dir/esp_memory_utils.c.obj[K
[21/118] Building C object esp-idf/esp_hw_support/CMakeFiles/__idf_esp_hw_support.dir/port/esp32/cpu_region_protect.c.obj[K
[22/118] Building C object esp-idf/esp_hw_support/CMakeFiles/__idf_esp_hw_support.dir/port/esp32/esp_cpu_intr.c.obj[K
[23/118] Building C object esp-idf/esp_hw_support/CMakeFiles/__idf_esp_hw_support.dir/port/esp32/rtc_init.c.obj[K
[24/118] Building C object esp-idf/esp_hw_support/CMakeFiles/__idf_esp_hw_support.dir/port/esp32/rtc_clk_init.c.obj[K
[25/118] Building C object esp-idf/esp_hw_support/CMakeFiles/__idf_esp_hw_support.dir/port/esp32/rtc_sleep.c.obj[K
[26/118] Building C object esp-idf/esp_hw_support/CMakeFiles/__idf_esp_hw_support.dir/port/esp32/rtc_clk.c.obj[K
[27/118] Building C object esp-idf/esp_hw_support/CMakeFiles/__idf_esp_hw_support.dir/port/esp32/rtc_time.c.obj[K
[28/118] Building C object esp-idf/esp_system/CMakeFiles/__idf_esp_system.dir/esp_err.c.obj[K
[29/118] Building C object esp-idf/esp_hw_support/CMakeFiles/__idf_esp_hw_support.dir/port/esp32/chip_info.c.obj[K
[30/118] Building C object esp-idf/efuse/CMakeFiles/__idf_efuse.dir/esp32/esp_efuse_table.c.obj[K
[31/118] Linking C static library esp-idf\log\liblog.a[K
[32/118] Building C object esp-idf/efuse/CMakeFiles/__idf_efuse.dir/esp32/esp_efuse_fields.c.obj[K
[33/118] Building C object esp-idf/efuse/CMakeFiles/__idf_efuse.dir/src/esp_efuse_fields.c.obj[K
[34/118] Building C object esp-idf/efuse/CMakeFiles/__idf_efuse.dir/esp32/esp_efuse_utility.c.obj[K
[35/118] Building C object esp-idf/efuse/CMakeFiles/__idf_efuse.dir/src/esp_efuse_api.c.obj[K
[36/118] Building C object esp-idf/efuse/CMakeFiles/__idf_efuse.dir/src/efuse_controller/keys/without_key_purposes/three_key_blocks/esp_efuse_api_key.c.obj[K
[37/118] Building C object esp-idf/efuse/CMakeFiles/__idf_efuse.dir/src/esp_efuse_utility.c.obj[K
[38/118] Building C object esp-idf/bootloader_support/CMakeFiles/__idf_bootloader_support.dir/src/bootloader_common_loader.c.obj[K
[39/118] Building C object esp-idf/bootloader_support/CMakeFiles/__idf_bootloader_support.dir/src/bootloader_common.c.obj[K
[40/118] Building C object esp-idf/bootloader_support/CMakeFiles/__idf_bootloader_support.dir/src/bootloader_clock_init.c.obj[K
[41/118] Linking C static library esp-idf\esp_rom\libesp_rom.a[K
[42/118] Building C object esp-idf/bootloader_support/CMakeFiles/__idf_bootloader_support.dir/src/bootloader_mem.c.obj[K
[43/118] Building C object esp-idf/bootloader_support/CMakeFiles/__idf_bootloader_support.dir/src/bootloader_efuse.c.obj[K
[44/118] Building C object esp-idf/bootloader_support/CMakeFiles/__idf_bootloader_support.dir/src/bootloader_random.c.obj[K
[45/118] Building C object esp-idf/bootloader_support/CMakeFiles/__idf_bootloader_support.dir/src/secure_boot.c.obj[K
[46/118] Building C object esp-idf/bootloader_support/CMakeFiles/__idf_bootloader_support.dir/src/flash_encrypt.c.obj[K
[47/118] Building C object esp-idf/bootloader_support/CMakeFiles/__idf_bootloader_support.dir/src/bootloader_random_esp32.c.obj[K
[48/118] Building C object esp-idf/bootloader_support/CMakeFiles/__idf_bootloader_support.dir/src/flash_partitions.c.obj[K
[49/118] Building C object esp-idf/bootloader_support/CMakeFiles/__idf_bootloader_support.dir/bootloader_flash/src/flash_qio_mode.c.obj[K
[50/118] Building C object esp-idf/bootloader_support/CMakeFiles/__idf_bootloader_support.dir/bootloader_flash/src/bootloader_flash.c.obj[K
[51/118] Building C object esp-idf/bootloader_support/CMakeFiles/__idf_bootloader_support.dir/bootloader_flash/src/bootloader_flash_config_esp32.c.obj[K
[52/118] Linking C static library esp-idf\esp_common\libesp_common.a[K
[53/118] Building C object esp-idf/bootloader_support/CMakeFiles/__idf_bootloader_support.dir/src/bootloader_sha.c.obj[K
[54/118] Building C object esp-idf/bootloader_support/CMakeFiles/__idf_bootloader_support.dir/src/bootloader_utility.c.obj[K
[55/118] Building C object esp-idf/bootloader_support/CMakeFiles/__idf_bootloader_support.dir/src/bootloader_clock_loader.c.obj[K
[56/118] Building C object esp-idf/bootloader_support/CMakeFiles/__idf_bootloader_support.dir/src/bootloader_console.c.obj[K
[57/118] Building C object esp-idf/bootloader_support/CMakeFiles/__idf_bootloader_support.dir/src/esp32/bootloader_soc.c.obj[K
[58/118] Building C object esp-idf/bootloader_support/CMakeFiles/__idf_bootloader_support.dir/src/bootloader_console_loader.c.obj[K
[59/118] Building C object esp-idf/bootloader_support/CMakeFiles/__idf_bootloader_support.dir/src/bootloader_init.c.obj[K
[60/118] Building C object esp-idf/bootloader_support/CMakeFiles/__idf_bootloader_support.dir/src/esp_image_format.c.obj[K
[61/118] Building C object esp-idf/esp_bootloader_format/CMakeFiles/__idf_esp_bootloader_format.dir/esp_bootloader_desc.c.obj[K
[62/118] Building C object esp-idf/bootloader_support/CMakeFiles/__idf_bootloader_support.dir/src/bootloader_panic.c.obj[K
[63/118] Building C object esp-idf/spi_flash/CMakeFiles/__idf_spi_flash.dir/spi_flash_wrap.c.obj[K
[64/118] Building C object esp-idf/bootloader_support/CMakeFiles/__idf_bootloader_support.dir/src/esp32/bootloader_esp32.c.obj[K
[65/118] Building C object esp-idf/hal/CMakeFiles/__idf_hal.dir/esp32/efuse_hal.c.obj[K
[66/118] Building C object esp-idf/hal/CMakeFiles/__idf_hal.dir/mpu_hal.c.obj[K
[67/118] Building C object esp-idf/hal/CMakeFiles/__idf_hal.dir/hal_utils.c.obj[K
[68/118] Linking C static library esp-idf\esp_hw_support\libesp_hw_support.a[K
[69/118] Building C object esp-idf/hal/CMakeFiles/__idf_hal.dir/wdt_hal_iram.c.obj[K
[70/118] Building C object esp-idf/hal/CMakeFiles/__idf_hal.dir/efuse_hal.c.obj[K
[71/118] Building C object esp-idf/soc/CMakeFiles/__idf_soc.dir/lldesc.c.obj[K
[72/118] Building C object esp-idf/hal/CMakeFiles/__idf_hal.dir/esp32/cache_hal_esp32.c.obj[K
[73/118] Building C object esp-idf/hal/CMakeFiles/__idf_hal.dir/mmu_hal.c.obj[K
[74/118] Building C object esp-idf/soc/CMakeFiles/__idf_soc.dir/dport_access_common.c.obj[K
[75/118] Building C object esp-idf/soc/CMakeFiles/__idf_soc.dir/esp32/interrupts.c.obj[K
[76/118] Building C object esp-idf/soc/CMakeFiles/__idf_soc.dir/esp32/uart_periph.c.obj[K
[77/118] Building C object esp-idf/soc/CMakeFiles/__idf_soc.dir/esp32/gpio_periph.c.obj[K
[78/118] Building C object esp-idf/soc/CMakeFiles/__idf_soc.dir/esp32/dport_access.c.obj[K
[79/118] Building C object esp-idf/soc/CMakeFiles/__idf_soc.dir/esp32/adc_periph.c.obj[K
[80/118] Building C object esp-idf/soc/CMakeFiles/__idf_soc.dir/esp32/emac_periph.c.obj[K
[81/118] Building C object esp-idf/soc/CMakeFiles/__idf_soc.dir/esp32/spi_periph.c.obj[K
[82/118] Building C object esp-idf/soc/CMakeFiles/__idf_soc.dir/esp32/sdm_periph.c.obj[K
[83/118] Building C object esp-idf/soc/CMakeFiles/__idf_soc.dir/esp32/pcnt_periph.c.obj[K
[84/118] Linking C static library esp-idf\esp_system\libesp_system.a[K
[85/118] Building C object esp-idf/soc/CMakeFiles/__idf_soc.dir/esp32/rmt_periph.c.obj[K
[86/118] Building C object esp-idf/soc/CMakeFiles/__idf_soc.dir/esp32/ledc_periph.c.obj[K
[87/118] Building C object esp-idf/soc/CMakeFiles/__idf_soc.dir/esp32/i2s_periph.c.obj[K
[88/118] Building C object esp-idf/soc/CMakeFiles/__idf_soc.dir/esp32/i2c_periph.c.obj[K
[89/118] Building C object esp-idf/micro-ecc/CMakeFiles/__idf_micro-ecc.dir/uECC_verify_antifault.c.obj[K
[90/118] Building C object esp-idf/soc/CMakeFiles/__idf_soc.dir/esp32/timer_periph.c.obj[K
[91/118] Building C object esp-idf/soc/CMakeFiles/__idf_soc.dir/esp32/mpi_periph.c.obj[K
[92/118] Building C object esp-idf/soc/CMakeFiles/__idf_soc.dir/esp32/lcd_periph.c.obj[K
[93/118] Building C object esp-idf/soc/CMakeFiles/__idf_soc.dir/esp32/mcpwm_periph.c.obj[K
[94/118] Building C object esp-idf/soc/CMakeFiles/__idf_soc.dir/esp32/touch_sensor_periph.c.obj[K
[95/118] Building C object esp-idf/soc/CMakeFiles/__idf_soc.dir/esp32/dac_periph.c.obj[K
[96/118] Building C object esp-idf/soc/CMakeFiles/__idf_soc.dir/esp32/sdmmc_periph.c.obj[K
[97/118] Building C object esp-idf/soc/CMakeFiles/__idf_soc.dir/esp32/twai_periph.c.obj[K
[98/118] Building C object esp-idf/soc/CMakeFiles/__idf_soc.dir/esp32/wdt_periph.c.obj[K
[99/118] Building C object esp-idf/soc/CMakeFiles/__idf_soc.dir/esp32/rtc_io_periph.c.obj[K
[100/118] Building C object esp-idf/soc/CMakeFiles/__idf_soc.dir/esp32/sdio_slave_periph.c.obj[K
[101/118] Building C object esp-idf/xtensa/CMakeFiles/__idf_xtensa.dir/eri.c.obj[K
[102/118] Linking C static library esp-idf\efuse\libefuse.a[K
[103/118] Building C object esp-idf/soc/CMakeFiles/__idf_soc.dir/esp32/power_supply_periph.c.obj[K
[104/118] Building C object esp-idf/xtensa/CMakeFiles/__idf_xtensa.dir/xt_trax.c.obj[K
[105/118] Generating project_elf_src_esp32.c[K
[106/118] Building C object esp-idf/main/CMakeFiles/__idf_main.dir/bootloader_start.c.obj[K
[107/118] Building C object CMakeFiles/bootloader.elf.dir/project_elf_src_esp32.c.obj[K
[108/118] Linking C static library esp-idf\bootloader_support\libbootloader_support.a[K
[109/118] Linking C static library esp-idf\esp_bootloader_format\libesp_bootloader_format.a[K
[110/118] Linking C static library esp-idf\spi_flash\libspi_flash.a[K
[111/118] Linking C static library esp-idf\hal\libhal.a[K
[112/118] Linking C static library esp-idf\micro-ecc\libmicro-ecc.a[K
[113/118] Linking C static library esp-idf\soc\libsoc.a[K
[114/118] Linking C static library esp-idf\xtensa\libxtensa.a[K
[115/118] Linking C static library esp-idf\main\libmain.a[K
[116/118] Linking C executable bootloader.elf[K
[117/118] Generating binary image from built executable[K

esptool.py v4.12.0
Creating esp32 image...
Merged 2 ELF sections
Successfully created esp32 image.
Generated C:/Temp/wii_balance_board/.esphome/build/wii-balance-board/build/bootloader/bootloader.bin

[118/118] C:\WINDOWS\system32\cmd.exe /C "cd /D C:\Temp\wii_balance_board\.esphome\build\wii-balance-board\build\bootloader\esp-idf\esptool_py && C:\Users\NTM\AppData\Local\esphome\Cache\idf\penvs\5.5.5\Scripts\python.EXE C:/Users/NTM/AppData/Local/esphome/Cache/idf/frameworks/5.5.5/components/partition_table/check_sizes.py --offset 0x8000 bootloader 0x1000 C:/Temp/wii_balance_board/.esphome/build/wii-balance-board/build/bootloader/bootloader.bin"[K

Bootloader binary size 0x6620 bytes. 0x9e0 bytes (9%) free.
[1476/1489] No install step for 'bootloader'[K
[1477/1489] Completed 'bootloader'[K
[1478/1489] Building CXX object esp-idf/src/CMakeFiles/__idf_src.dir/esphome/core/wake/wake_freertos.cpp.obj[K
[1479/1489] Building CXX object esp-idf/src/CMakeFiles/__idf_src.dir/esphome/core/util.cpp.obj[K
[1480/1489] Building CXX object esp-idf/src/CMakeFiles/__idf_src.dir/main.cpp.obj[K

In file included from [01m[KC:/Temp/wii_balance_board/.esphome/build/wii-balance-board/src/esphome.h:75[m[K,
                 from [01m[KC:/Temp/wii_balance_board/.esphome/build/wii-balance-board/src/main.cpp:3[m[K:
[01m[KC:/Temp/wii_balance_board/.esphome/build/wii-balance-board/src/esphome\components\wii_balance_board\lowlevel_bt.h:321:13:[m[K [01;35m[Kwarning: [m[K'[01m[Kbool esphome::wii_balance_board::detail::[01;32m[Kenqueue_acl_l2cap_single_packet[m[K(RingBuffer&, uint16_t, uint8_t, uint8_t, uint16_t, uint8_t*, uint8_t)[m[K' defined but not used [[01;35m[K-Wunused-function[m[K]
  321 | static bool [01;35m[Kenqueue_acl_l2cap_single_packet[m[K(RingBuffer &buffer, uint16_t connection_handle,
      |             [01;35m[K^~~~~~~~~~~~~~~~~~~~~~~~~~~~~~~[m[K
[01m[KC:/Temp/wii_balance_board/.esphome/build/wii-balance-board/src/esphome\components\wii_balance_board\lowlevel_bt.h:300:13:[m[K [01;35m[Kwarning: [m[K'[01m[Kbool esphome::wii_balance_board::detail::[01;32m[Kenqueue_cmd_disconnect[m[K(RingBuffer&, uint16_t)[m[K' defined but not used [[01;35m[K-Wunused-function[m[K]
  300 | static bool [01;35m[Kenqueue_cmd_disconnect[m[K(RingBuffer &buffer, uint16_t connection_handle) {
      |             [01;35m[K^~~~~~~~~~~~~~~~~~~~~~[m[K
[01m[KC:/Temp/wii_balance_board/.esphome/build/wii-balance-board/src/esphome\components\wii_balance_board\lowlevel_bt.h:286:13:[m[K [01;35m[Kwarning: [m[K'[01m[Kbool esphome::wii_balance_board::detail::[01;32m[Kenqueue_cmd_reject_connection[m[K(RingBuffer&, uint64_t, uint8_t)[m[K' defined but not used [[01;35m[K-Wunused-function[m[K]
  286 | static bool [01;35m[Kenqueue_cmd_reject_connection[m[K(RingBuffer &buffer, uint64_t bd_addr, uint8_t rejReason) {
      |             [01;35m[K^~~~~~~~~~~~~~~~~~~~~~~~~~~~~[m[K
[01m[KC:/Temp/wii_balance_board/.esphome/build/wii-balance-board/src/esphome\components\wii_balance_board\lowlevel_bt.h:272:13:[m[K [01;35m[Kwarning: [m[K'[01m[Kbool esphome::wii_balance_board::detail::[01;32m[Kenqueue_cmd_accept_connection[m[K(RingBuffer&, uint64_t)[m[K' defined but not used [[01;35m[K-Wunused-function[m[K]
  272 | static bool [01;35m[Kenqueue_cmd_accept_connection[m[K(RingBuffer &buffer, uint64_t bd_addr) {
      |             [01;35m[K^~~~~~~~~~~~~~~~~~~~~~~~~~~~~[m[K
[01m[KC:/Temp/wii_balance_board/.esphome/build/wii-balance-board/src/esphome\components\wii_balance_board\lowlevel_bt.h:249:13:[m[K [01;35m[Kwarning: [m[K'[01m[Kbool esphome::wii_balance_board::detail::[01;32m[Kenqueue_cmd_pin_reply[m[K(RingBuffer&, uint64_t, uint8_t*, size_t)[m[K' defined but not used [[01;35m[K-Wunused-function[m[K]
  249 | static bool [01;35m[Kenqueue_cmd_pin_reply[m[K(RingBuffer &buffer, uint64_t bdaddr, uint8_t *pin, size_t len) {
      |             [01;35m[K^~~~~~~~~~~~~~~~~~~~~[m[K
[01m[KC:/Temp/wii_balance_board/.esphome/build/wii-balance-board/src/esphome\components\wii_balance_board\lowlevel_bt.h:236:13:[m[K [01;35m[Kwarning: [m[K'[01m[Kbool esphome::wii_balance_board::detail::[01;32m[Kenqueue_cmd_link_key_reply[m[K(RingBuffer&, uint64_t, const uint8_t*)[m[K' defined but not used [[01;35m[K-Wunused-function[m[K]
  236 | static bool [01;35m[Kenqueue_cmd_link_key_reply[m[K(RingBuffer &buffer, uint64_t bdaddr, const uint8_t *key) {
      |             [01;35m[K^~~~~~~~~~~~~~~~~~~~~~~~~~[m[K
[01m[KC:/Temp/wii_balance_board/.esphome/build/wii-balance-board/src/esphome\components\wii_balance_board\lowlevel_bt.h:223:13:[m[K [01;35m[Kwarning: [m[K'[01m[Kbool esphome::wii_balance_board::detail::[01;32m[Kenqueue_cmd_negative_reply[m[K(RingBuffer&, uint64_t)[m[K' defined but not used [[01;35m[K-Wunused-function[m[K]
  223 | static bool [01;35m[Kenqueue_cmd_negative_reply[m[K(RingBuffer &buffer, uint64_t bdaddr) {
      |             [01;35m[K^~~~~~~~~~~~~~~~~~~~~~~~~~[m[K
[01m[KC:/Temp/wii_balance_board/.esphome/build/wii-balance-board/src/esphome\components\wii_balance_board\lowlevel_bt.h:207:13:[m[K [01;35m[Kwarning: [m[K'[01m[Kbool esphome::wii_balance_board::detail::[01;32m[Kenqueue_cmd_set_encryption[m[K(RingBuffer&, uint16_t, uint8_t)[m[K' defined but not used [[01;35m[K-Wunused-function[m[K]
  207 | static bool [01;35m[Kenqueue_cmd_set_encryption[m[K(RingBuffer &buffer, uint16_t connection_handle, uint8_t enable) {
      |             [01;35m[K^~~~~~~~~~~~~~~~~~~~~~~~~~[m[K
[01m[KC:/Temp/wii_balance_board/.esphome/build/wii-balance-board/src/esphome\components\wii_balance_board\lowlevel_bt.h:192:13:[m[K [01;35m[Kwarning: [m[K'[01m[Kbool esphome::wii_balance_board::detail::[01;32m[Kenqueue_cmd_auth_request[m[K(RingBuffer&, uint16_t)[m[K' defined but not used [[01;35m[K-Wunused-function[m[K]
  192 | static bool [01;35m[Kenqueue_cmd_auth_request[m[K(RingBuffer &buffer, uint16_t connection_handle) {
      |             [01;35m[K^~~~~~~~~~~~~~~~~~~~~~~~[m[K
[01m[KC:/Temp/wii_balance_board/.esphome/build/wii-balance-board/src/esphome\components\wii_balance_board\lowlevel_bt.h:172:13:[m[K [01;35m[Kwarning: [m[K'[01m[Kbool esphome::wii_balance_board::detail::[01;32m[Kenqueue_cmd_create_connection[m[K(RingBuffer&, uint64_t, uint16_t, uint8_t, uint16_t, uint8_t)[m[K' defined but not used [[01;35m[K-Wunused-function[m[K]
  172 | static bool [01;35m[Kenqueue_cmd_create_connection[m[K(RingBuffer &buffer, uint64_t bd_addr, uint16_t pt, uint8_t psrm,
      |             [01;35m[K^~~~~~~~~~~~~~~~~~~~~~~~~~~~~[m[K
[01m[KC:/Temp/wii_balance_board/.esphome/build/wii-balance-board/src/esphome\components\wii_balance_board\lowlevel_bt.h:154:13:[m[K [01;35m[Kwarning: [m[K'[01m[Kbool esphome::wii_balance_board::detail::[01;32m[Kenqueue_cmd_remote_name_request[m[K(RingBuffer&, uint64_t, uint8_t, uint16_t)[m[K' defined but not used [[01;35m[K-Wunused-function[m[K]
  154 | static bool [01;35m[Kenqueue_cmd_remote_name_request[m[K(RingBuffer &buffer, uint64_t bdaddr, uint8_t psrm, uint16_t clkofs) {
      |             [01;35m[K^~~~~~~~~~~~~~~~~~~~~~~~~~~~~~~[m[K
[01m[KC:/Temp/wii_balance_board/.esphome/build/wii-balance-board/src/esphome\components\wii_balance_board\lowlevel_bt.h:142:13:[m[K [01;35m[Kwarning: [m[K'[01m[Kbool esphome::wii_balance_board::detail::[01;32m[Kenqueue_cmd_inquiry_cancel[m[K(RingBuffer&)[m[K' defined but not used [[01;35m[K-Wunused-function[m[K]
  142 | static bool [01;35m[Kenqueue_cmd_inquiry_cancel[m[K(RingBuffer &buffer) {
      |             [01;35m[K^~~~~~~~~~~~~~~~~~~~~~~~~~[m[K
[01m[KC:/Temp/wii_balance_board/.esphome/build/wii-balance-board/src/esphome\components\wii_balance_board\lowlevel_bt.h:124:13:[m[K [01;35m[Kwarning: [m[K'[01m[Kbool esphome::wii_balance_board::detail::[01;32m[Kenqueue_cmd_inquiry[m[K(RingBuffer&, uint32_t, uint8_t, uint8_t)[m[K' defined but not used [[01;35m[K-Wunused-function[m[K]
  124 | static bool [01;35m[Kenqueue_cmd_inquiry[m[K(RingBuffer &buffer, uint32_t lap, uint8_t len, uint8_t num) {
      |             [01;35m[K^~~~~~~~~~~~~~~~~~~[m[K
[01m[KC:/Temp/wii_balance_board/.esphome/build/wii-balance-board/src/esphome\components\wii_balance_board\lowlevel_bt.h:110:13:[m[K [01;35m[Kwarning: [m[K'[01m[Kbool esphome::wii_balance_board::detail::[01;32m[Kenqueue_cmd_write_scan_enable[m[K(RingBuffer&, uint8_t)[m[K' defined but not used [[01;35m[K-Wunused-function[m[K]
  110 | static bool [01;35m[Kenqueue_cmd_write_scan_enable[m[K(RingBuffer &buffer, uint8_t mode) {
      |             [01;35m[K^~~~~~~~~~~~~~~~~~~~~~~~~~~~~[m[K
[01m[KC:/Temp/wii_balance_board/.esphome/build/wii-balance-board/src/esphome\components\wii_balance_board\lowlevel_bt.h:95:13:[m[K [01;35m[Kwarning: [m[K'[01m[Kbool esphome::wii_balance_board::detail::[01;32m[Kenqueue_cmd_write_class_of_device[m[K(RingBuffer&, uint8_t*)[m[K' defined but not used [[01;35m[K-Wunused-function[m[K]
   95 | static bool [01;35m[Kenqueue_cmd_write_class_of_device[m[K(RingBuffer &buffer, uint8_t *cod) {
      |             [01;35m[K^~~~~~~~~~~~~~~~~~~~~~~~~~~~~~~~~[m[K
[01m[KC:/Temp/wii_balance_board/.esphome/build/wii-balance-board/src/esphome\components\wii_balance_board\lowlevel_bt.h:79:13:[m[K [01;35m[Kwarning: [m[K'[01m[Kbool esphome::wii_balance_board::detail::[01;32m[Kenqueue_cmd_write_local_name[m[K(RingBuffer&, uint8_t*, uint8_t)[m[K' defined but not used [[01;35m[K-Wunused-function[m[K]
   79 | static bool [01;35m[Kenqueue_cmd_write_local_name[m[K(RingBuffer &buffer, uint8_t *name, uint8_t len) {
      |             [01;35m[K^~~~~~~~~~~~~~~~~~~~~~~~~~~~[m[K
[01m[KC:/Temp/wii_balance_board/.esphome/build/wii-balance-board/src/esphome\components\wii_balance_board\lowlevel_bt.h:68:13:[m[K [01;35m[Kwarning: [m[K'[01m[Kbool esphome::wii_balance_board::detail::[01;32m[Kenqueue_cmd_read_bd_addr[m[K(RingBuffer&)[m[K' defined but not used [[01;35m[K-Wunused-function[m[K]
   68 | static bool [01;35m[Kenqueue_cmd_read_bd_addr[m[K(RingBuffer &buffer) {
      |             [01;35m[K^~~~~~~~~~~~~~~~~~~~~~~~[m[K
[01m[KC:/Temp/wii_balance_board/.esphome/build/wii-balance-board/src/esphome\components\wii_balance_board\lowlevel_bt.h:57:13:[m[K [01;35m[Kwarning: [m[K'[01m[Kbool esphome::wii_balance_board::detail::[01;32m[Kenqueue_cmd_reset[m[K(RingBuffer&)[m[K' defined but not used [[01;35m[K-Wunused-function[m[K]
   57 | static bool [01;35m[Kenqueue_cmd_reset[m[K(RingBuffer &buffer) {
      |             [01;35m[K^~~~~~~~~~~~~~~~~[m[K
In file included from [01m[KC:/Temp/wii_balance_board/.esphome/build/wii-balance-board/src/esphome.h:74[m[K:
[01m[KC:/Temp/wii_balance_board/.esphome/build/wii-balance-board/src/esphome\components\wii_balance_board\log.h:17:14:[m[K [01;35m[Kwarning: [m[K'[01m[Kchar*[01;32m[K formatHex[m[K(uint8_t*, uint16_t)[m[K' defined but not used [[01;35m[K-Wunused-function[m[K]
   17 | static char *[01;35m[KformatHex[m[K(uint8_t *data, uint16_t len) {
      |              [01;35m[K^~~~~~~~~[m[K

[1481/1489] Linking C static library esp-idf\src\libsrc.a[K
[1482/1489] Generating esp-idf/esp_system/ld/sections.ld[K
[1483/1489] Building C object CMakeFiles/wii-balance-board.elf.dir/project_elf_src_esp32.c.obj[K
[1484/1489] Linking CXX executable wii-balance-board.elf[K
[1485/1489] Generating binary image from built executable[K

esptool.py v4.12.0
Creating esp32 image...
Merged 2 ELF sections
Successfully created esp32 image.
Generated C:/Temp/wii_balance_board/.esphome/build/wii-balance-board/build/wii-balance-board.bin

[1486/1489] C:\WINDOWS\system32\cmd.exe /C "cd /D C:\Temp\wii_balance_board\.esphome\build\wii-balance-board\build\esp-idf\esptool_py && C:\Users\NTM\AppData\Local\esphome\Cache\idf\penvs\5.5.5\Scripts\python.EXE C:/Users/NTM/AppData/Local/esphome/Cache/idf/frameworks/5.5.5/components/partition_table/check_sizes.py --offset 0x8000 partition --type app C:/Temp/wii_balance_board/.esphome/build/wii-balance-board/build/partition_table/partition-table.bin C:/Temp/wii_balance_board/.esphome/build/wii-balance-board/build/wii-balance-board.bin"[K

wii-balance-board.bin binary size 0xe5f30 bytes. Smallest app partition is 0x1c0000 bytes. 0xda0d0 bytes (49%) free.
Executing action: size
Running ninja in directory C:\Temp\wii_balance_board\.esphome\build\wii-balance-board\build
Executing "ninja all"...
[0/2] Re-checking globbed directories...[K
[1/5] C:\WINDOWS\system32\cmd.exe /C "cd /D C:\Temp\wii_balance_board\.esphome\build\wii-balance-board\build\esp-idf\esptool_py && C:\Users\NTM\AppData\Local\esphome\Cache\idf\penvs\5.5.5\Scripts\python.EXE C:/Users/NTM/AppData/Local/esphome/Cache/idf/frameworks/5.5.5/components/partition_table/check_sizes.py --offset 0x8000 partition --type app C:/Temp/wii_balance_board/.esphome/build/wii-balance-board/build/partition_table/partition-table.bin C:/Temp/wii_balance_board/.esphome/build/wii-balance-board/build/wii-balance-board.bin"[K

wii-balance-board.bin binary size 0xe5f30 bytes. Smallest app partition is 0x1c0000 bytes. 0xda0d0 bytes (49%) free.
[2/5] Performing build step for 'bootloader'[K
[1/1] C:\WINDOWS\system32\cmd.exe /C "cd /D C:\Temp\wii_balance_board\.esphome\build\wii-balance-board\build\bootloader\esp-idf\esptool_py && C:\Users\NTM\AppData\Local\esphome\Cache\idf\penvs\5.5.5\Scripts\python.EXE C:/Users/NTM/AppData/Local/esphome/Cache/idf/frameworks/5.5.5/components/partition_table/check_sizes.py --offset 0x8000 bootloader 0x1000 C:/Temp/wii_balance_board/.esphome/build/wii-balance-board/build/bootloader/bootloader.bin"[K

Bootloader binary size 0x6620 bytes. 0x9e0 bytes (9%) free.
[3/5] No install step for 'bootloader'[K
[4/5] Completed 'bootloader'[KRunning ninja in directory C:\Temp\wii_balance_board\.esphome\build\wii-balance-board\build
Executing "ninja size"...
[0/2] Re-checking globbed directories...

[0/2] C:\WINDOWS\system32\cmd.exe /C "cd /D C:\Temp\wii_balance_board\.esphome\build\wii-balance-board\build && C:\Users\NTM\AppData\Local\esphome\Cache\idf\tools\cmake\3.30.2\bin\cmake.exe -D IDF_SIZE_TOOL=C:/Users/NTM/AppData/Local/esphome/Cache/idf/penvs/5.5.5/Scripts/python.EXE;-m;esp_idf_size -D MAP_FILE=C:/Temp/wii_balance_board/.esphome/build/wii-balance-board/build/wii-balance-board.map -D OUTPUT_JSON= -P C:/Users/NTM/AppData/Local/esphome/Cache/idf/frameworks/5.5.5/tools/cmake/run_size_tool.cmake"

+----------------------------------------------------------------------------------+

| Memory Type/Section   | Used [bytes] | Used [%] | Remain [bytes] | Total [bytes] |

|-----------------------+--------------+----------+----------------+---------------|

| Flash Code            |       695532 |          |                |               |

|    .text              |       695532 |          |                |               |

| Flash Data            |       117008 |          |                |               |

|    .rodata            |       116752 |          |                |               |

|    .appdesc           |          256 |          |                |               |

| IRAM                  |       106695 |     81.4 |          24377 |        131072 |

|    .text              |       105667 |    80.62 |                |               |

|    .vectors           |         1028 |     0.78 |                |               |

| DRAM                  |        57192 |    45.91 |          67388 |        124580 |

|    .bss               |        34704 |    27.86 |                |               |

|    .data              |        22488 |    18.05 |                |               |

| RTC SLOW              |           56 |     0.68 |           8136 |          8192 |

|    .force_slow        |           32 |     0.39 |                |               |

|    .rtc_slow_reserved |           24 |     0.29 |                |               |

+----------------------------------------------------------------------------------+

Total image size: 941755 bytes (.bin may be padded larger)

RAM:   [=====     ]  45.9% (used 57192 bytes from 124580 bytes)
Flash: [=====     ]  51.3% (used 941755 bytes from 1835008 bytes)
INFO Creating factory.bin...
INFO Created: C:\Temp\wii_balance_board\.esphome\build\wii-balance-board\build\firmware.factory.bin
INFO Created: C:\Temp\wii_balance_board\.esphome\build\wii-balance-board\build\firmware.ota.bin
INFO Created: C:\Temp\wii_balance_board\.esphome\build\wii-balance-board\build\firmware.elf
INFO Build Info: config_hash=0x18d7d839 build_time_str=2026-08-29 12:32:03 +0200
INFO Successfully compiled program.
